Archive member included to satisfy reference by file (symbol)

app/libapp.a(main.c.obj)      (--whole-archive)
zephyr/libzephyr.a(heap.c.obj)
                              (--whole-archive)
zephyr/libzephyr.a(cbprintf_packaged.c.obj)
                              (--whole-archive)
zephyr/libzephyr.a(printk.c.obj)
                              (--whole-archive)
zephyr/libzephyr.a(sem.c.obj)
                              (--whole-archive)
zephyr/libzephyr.a(thread_entry.c.obj)
                              (--whole-archive)
zephyr/libzephyr.a(cbprintf_complete.c.obj)
                              (--whole-archive)
zephyr/libzephyr.a(assert.c.obj)
                              (--whole-archive)
zephyr/libzephyr.a(dec.c.obj)
                              (--whole-archive)
zephyr/libzephyr.a(hex.c.obj)
                              (--whole-archive)
zephyr/libzephyr.a(rb.c.obj)  (--whole-archive)
zephyr/libzephyr.a(timeutil.c.obj)
                              (--whole-archive)
zephyr/libzephyr.a(bitarray.c.obj)
                              (--whole-archive)
zephyr/libzephyr.a(onoff.c.obj)
                              (--whole-archive)
zephyr/libzephyr.a(notify.c.obj)
                              (--whole-archive)
zephyr/libzephyr.a(ring_buffer.c.obj)
                              (--whole-archive)
zephyr/libzephyr.a(configs.c.obj)
                              (--whole-archive)
zephyr/libzephyr.a(mem_attr.c.obj)
                              (--whole-archive)
zephyr/libzephyr.a(tracing_none.c.obj)
                              (--whole-archive)
zephyr/libzephyr.a(usb_device.c.obj)
                              (--whole-archive)
zephyr/libzephyr.a(usb_descriptor.c.obj)
                              (--whole-archive)
zephyr/libzephyr.a(usb_transfer.c.obj)
                              (--whole-archive)
zephyr/libzephyr.a(cdc_acm.c.obj)
                              (--whole-archive)
zephyr/libzephyr.a(usb_work_q.c.obj)
                              (--whole-archive)
zephyr/arch/common/libarch__common.a(sw_isr_common.c.obj)
                              (--whole-archive)
zephyr/arch/arch/arm/core/libarch__arm__core.a(fatal.c.obj)
                              (--whole-archive)
zephyr/arch/arch/arm/core/libarch__arm__core.a(nmi.c.obj)
                              (--whole-archive)
zephyr/arch/arch/arm/core/libarch__arm__core.a(nmi_on_reset.S.obj)
                              (--whole-archive)
zephyr/arch/arch/arm/core/libarch__arm__core.a(tls.c.obj)
                              (--whole-archive)
zephyr/arch/arch/arm/core/cortex_m/libarch__arm__core__cortex_m.a(exc_exit.c.obj)
                              (--whole-archive)
zephyr/arch/arch/arm/core/cortex_m/libarch__arm__core__cortex_m.a(fault.c.obj)
                              (--whole-archive)
zephyr/arch/arch/arm/core/cortex_m/libarch__arm__core__cortex_m.a(fault_s.S.obj)
                              (--whole-archive)
zephyr/arch/arch/arm/core/cortex_m/libarch__arm__core__cortex_m.a(fpu.c.obj)
                              (--whole-archive)
zephyr/arch/arch/arm/core/cortex_m/libarch__arm__core__cortex_m.a(reset.S.obj)
                              (--whole-archive)
zephyr/arch/arch/arm/core/cortex_m/libarch__arm__core__cortex_m.a(scb.c.obj)
                              (--whole-archive)
zephyr/arch/arch/arm/core/cortex_m/libarch__arm__core__cortex_m.a(thread_abort.c.obj)
                              (--whole-archive)
zephyr/arch/arch/arm/core/cortex_m/libarch__arm__core__cortex_m.a(vector_table.S.obj)
                              (--whole-archive)
zephyr/arch/arch/arm/core/cortex_m/libarch__arm__core__cortex_m.a(swap_helper.S.obj)
                              (--whole-archive)
zephyr/arch/arch/arm/core/cortex_m/libarch__arm__core__cortex_m.a(irq_manage.c.obj)
                              (--whole-archive)
zephyr/arch/arch/arm/core/cortex_m/libarch__arm__core__cortex_m.a(prep_c.c.obj)
                              (--whole-archive)
zephyr/arch/arch/arm/core/cortex_m/libarch__arm__core__cortex_m.a(thread.c.obj)
                              (--whole-archive)
zephyr/arch/arch/arm/core/cortex_m/libarch__arm__core__cortex_m.a(cpu_idle.c.obj)
                              (--whole-archive)
zephyr/arch/arch/arm/core/cortex_m/libarch__arm__core__cortex_m.a(irq_init.c.obj)
                              (--whole-archive)
zephyr/arch/arch/arm/core/cortex_m/libarch__arm__core__cortex_m.a(isr_wrapper.c.obj)
                              (--whole-archive)
zephyr/arch/arch/arm/core/cortex_m/libarch__arm__core__cortex_m.a(__aeabi_read_tp.S.obj)
                              (--whole-archive)
zephyr/arch/arch/arm/core/mpu/libarch__arm__core__mpu.a(arm_core_mpu.c.obj)
                              (--whole-archive)
zephyr/arch/arch/arm/core/mpu/libarch__arm__core__mpu.a(arm_mpu.c.obj)
                              (--whole-archive)
zephyr/arch/arch/arm/core/mpu/libarch__arm__core__mpu.a(arm_mpu_regions.c.obj)
                              (--whole-archive)
[...]
Memory Configuration

Name             Origin             Length             Attributes
FLASH            0x0000000000001000 0x00000000000ff000 xr
RAM              0x0000000020000000 0x0000000000040000 xw
IDT_LIST         0x00000000ffff7fff 0x0000000000008000 xw
*default*        0x0000000000000000 0xffffffffffffffff

Linker script and memory map

                0x0000000000007a98                vfprintf = __l_vfprintf
                0x0000000000000000                vfscanf = __l_vfscanf
LOAD zephyr/CMakeFiles/zephyr_pre0.dir/misc/empty_file.c.obj
LOAD zephyr/CMakeFiles/offsets.dir/./arch/arm/core/offsets/offsets.c.obj
LOAD app/libapp.a
LOAD zephyr/libzephyr.a
LOAD zephyr/arch/common/libarch__common.a
LOAD zephyr/arch/arch/arm/core/libarch__arm__core.a
LOAD zephyr/arch/arch/arm/core/cortex_m/libarch__arm__core__cortex_m.a
LOAD zephyr/arch/arch/arm/core/mpu/libarch__arm__core__mpu.a
LOAD zephyr/lib/libc/picolibc/liblib__libc__picolibc.a
LOAD zephyr/lib/libc/common/liblib__libc__common.a
LOAD zephyr/soc/soc/nrf52840/libsoc__nordic.a
LOAD zephyr/boards/nordic/nrf52840dongle/libboards__nordic__nrf52840dongle.a
LOAD zephyr/drivers/usb/device/libdrivers__usb__device.a
LOAD zephyr/drivers/usb/common/nrf_usbd_common/libdrivers__usb__common__nrf_usbd_common.a
LOAD zephyr/drivers/clock_control/libdrivers__clock_control.a
LOAD zephyr/drivers/console/libdrivers__console.a
LOAD zephyr/drivers/gpio/libdrivers__gpio.a
LOAD zephyr/drivers/hwinfo/libdrivers__hwinfo.a
LOAD zephyr/drivers/pinctrl/libdrivers__pinctrl.a
LOAD zephyr/drivers/serial/libdrivers__serial.a
LOAD zephyr/drivers/timer/libdrivers__timer.a
LOAD modules/hal_nordic/nrfx/libmodules__hal_nordic__nrfx.a
LOAD zephyr/kernel/libkernel.a
LOAD zephyr/arch/common/libisr_tables.a
LOAD /home/matt/Downloads/zephyr-sdk-0.16.4/arm-zephyr-eabi/bin/../lib/gcc/../../picolibc/arm-zephyr-eabi/lib/thumb/v7e-m/nofp/libc.a
LOAD /home/matt/Downloads/zephyr-sdk-0.16.4/arm-zephyr-eabi/bin/../lib/gcc/arm-zephyr-eabi/12.2.0/thumb/v7e-m/nofp/libgcc.a
                0x0000000000000020                _region_min_align = 0x20

.rel.plt        0x0000000000001000        0x0
 *(SORT_BY_ALIGNMENT(.rel.plt))
                [!provide]                        PROVIDE (__rel_iplt_start = .)
 *(SORT_BY_ALIGNMENT(.rel.iplt))
 .rel.iplt      0x0000000000001000        0x0 app/libapp.a(main.c.obj)
                [!provide]                        PROVIDE (__rel_iplt_end = .)

.rela.plt       0x0000000000000000        0x0
 *(SORT_BY_ALIGNMENT(.rela.plt))
                [!provide]                        PROVIDE (__rela_iplt_start = .)
 *(SORT_BY_ALIGNMENT(.rela.iplt))
                [!provide]                        PROVIDE (__rela_iplt_end = .)

.rel.dyn
 *(SORT_BY_ALIGNMENT(.rel.*))

.rela.dyn
 *(SORT_BY_ALIGNMENT(.rela.*))

/DISCARD/
 *(SORT_BY_ALIGNMENT(.plt))

/DISCARD/
 *(SORT_BY_ALIGNMENT(.iplt))
                0x0000000000001000                __rom_region_start = 0x1000

rom_start       0x0000000000001000      0x100
                0x0000000000001000                __rom_start_address = .
 FILL mask 0x00
                0x0000000000001000                . = (. + (0x0 - (. - __rom_start_address)))
                0x0000000000001000                . = ALIGN (0x4)
                0x0000000000001000                . = ALIGN (0x80)
                0x0000000000001000                . = ALIGN (0x100)
                0x0000000000001000                _vector_start = .
 *(SORT_BY_ALIGNMENT(.exc_vector_table))
 *(SORT_BY_ALIGNMENT(.exc_vector_table.*))
 .exc_vector_table._vector_table_section
                0x0000000000001000       0x40 zephyr/arch/arch/arm/core/cortex_m/libarch__arm__core__cortex_m.a(vector_table.S.obj)
                0x0000000000001000                _vector_table
 *(SORT_BY_ALIGNMENT(.vectors))
                0x0000000000001100                _vector_end = .
                0x0000000000001040                . = ALIGN (0x4)
 *(SORT_BY_ALIGNMENT(.gnu.linkonce.irq_vector_table*))
 .gnu.linkonce.irq_vector_table
                0x0000000000001040       0xc0 zephyr/arch/common/libisr_tables.a(isr_tables.c.obj)
                0x0000000000001040                _irq_vector_table
                0x0000000000001100                _vector_end = .

text            0x0000000000001100     0x86c0
                0x0000000000001100                __text_region_start = .
 *(SORT_BY_ALIGNMENT(.text))
 .text          0x0000000000001100       0x30 /home/matt/Downloads/zephyr-sdk-0.16.4/arm-zephyr-eabi/bin/../lib/gcc/arm-zephyr-eabi/12.2.0/thumb/v7e-m/nofp/libgcc.a(_aeabi_uldivmod.o)
                0x0000000000001100                __aeabi_uldivmod
 .text          0x0000000000001130        0x4 /home/matt/Downloads/zephyr-sdk-0.16.4/arm-zephyr-eabi/bin/../lib/gcc/arm-zephyr-eabi/12.2.0/thumb/v7e-m/nofp/libgcc.a(_dvmd_tls.o)
                0x0000000000001130                __aeabi_ldiv0
                0x0000000000001130                __aeabi_idiv0
 .text          0x0000000000001134       0x10 /home/matt/Downloads/zephyr-sdk-0.16.4/arm-zephyr-eabi/bin/../lib/gcc/../../picolibc/arm-zephyr-eabi/lib/thumb/v7e-m/nofp/libc.a(strlen.S.o)
                0x0000000000001134                strlen
 .text          0x0000000000001144      0x2a0 /home/matt/Downloads/zephyr-sdk-0.16.4/arm-zephyr-eabi/bin/../lib/gcc/arm-zephyr-eabi/12.2.0/thumb/v7e-m/nofp/libgcc.a(_udivmoddi4.o)
                0x0000000000001144                __udivmoddi4
 *(SORT_BY_ALIGNMENT(.text.*))
 .text.main     0x00000000000013e4       0x4c app/libapp.a(main.c.obj)
                0x00000000000013e4                main
 .text.char_out
                0x0000000000001430        0xc zephyr/libzephyr.a(printk.c.obj)
 .text.__printk_hook_install
                0x000000000000143c        0xc zephyr/libzephyr.a(printk.c.obj)
                0x000000000000143c                __printk_hook_install
 .text.vprintk  0x0000000000001448       0x30 zephyr/libzephyr.a(printk.c.obj)
                0x0000000000001448                vprintk
 .text.z_thread_entry
                0x0000000000001478       0x34 zephyr/libzephyr.a(thread_entry.c.obj)
                0x0000000000001478                z_thread_entry
 .text.process_event
                0x00000000000014ac      0x21c zephyr/libzephyr.a(onoff.c.obj)
 .text.mem_attr_get_regions
                0x00000000000016c8        0xc zephyr/libzephyr.a(mem_attr.c.obj)
                0x00000000000016c8                mem_attr_get_regions
 .text.class_handler
                0x00000000000016d4       0x40 zephyr/libzephyr.a(usb_device.c.obj)
 .text.custom_handler
                0x0000000000001714       0x60 zephyr/libzephyr.a(usb_device.c.obj)
 .text.vendor_handler
                0x0000000000001774       0x3c zephyr/libzephyr.a(usb_device.c.obj)
 .text.disable_endpoint
                0x00000000000017b0       0x2c zephyr/libzephyr.a(usb_device.c.obj)
 .text.usb_reset_alt_setting
                0x00000000000017dc       0x10 zephyr/libzephyr.a(usb_device.c.obj)
 .text.is_ep_valid.part.0
                0x00000000000017ec       0x38 zephyr/libzephyr.a(usb_device.c.obj)
 .text.usb_handle_request.constprop.0
                0x0000000000001824       0x2c zephyr/libzephyr.a(usb_device.c.obj)
 .text.forward_status_cb
                0x0000000000001850       0xac zephyr/libzephyr.a(usb_device.c.obj)
 .text.usb_halt_endpoint_req.isra.0
                0x00000000000018fc       0x50 zephyr/libzephyr.a(usb_device.c.obj)
 .text.set_endpoint
                0x000000000000194c       0x84 zephyr/libzephyr.a(usb_device.c.obj)
 .text.usb_handle_standard_request
                0x00000000000019d0      0x29c zephyr/libzephyr.a(usb_device.c.obj)
 .text.usb_data_to_host
                0x0000000000001c6c       0x60 zephyr/libzephyr.a(usb_device.c.obj)
 .text.usb_handle_control_transfer
                0x0000000000001ccc       0xdc zephyr/libzephyr.a(usb_device.c.obj)
 .text.usb_set_config
                0x0000000000001da8       0x2c zephyr/libzephyr.a(usb_device.c.obj)
                0x0000000000001da8                usb_set_config
 .text.usb_enable
                0x0000000000001dd4      0x13c zephyr/libzephyr.a(usb_device.c.obj)
                0x0000000000001dd4                usb_enable
 .text.usb_update_sn_string_descriptor
                0x0000000000001f10       0x88 zephyr/libzephyr.a(usb_descriptor.c.obj)
                0x0000000000001f10                usb_update_sn_string_descriptor
 .text.usb_get_device_descriptor
                0x0000000000001f98      0x1e4 zephyr/libzephyr.a(usb_descriptor.c.obj)
                0x0000000000001f98                usb_get_device_descriptor
 .text.usb_ep_get_transfer
                0x000000000000217c       0x2c zephyr/libzephyr.a(usb_transfer.c.obj)
 .text.usb_transfer_work
                0x00000000000021a8      0x100 zephyr/libzephyr.a(usb_transfer.c.obj)
 .text.usb_transfer_ep_callback
                0x00000000000022a8       0x5c zephyr/libzephyr.a(usb_transfer.c.obj)
                0x00000000000022a8                usb_transfer_ep_callback
 .text.usb_transfer
                0x0000000000002304       0xe0 zephyr/libzephyr.a(usb_transfer.c.obj)
                0x0000000000002304                usb_transfer
 .text.usb_cancel_transfer
                0x00000000000023e4       0x3c zephyr/libzephyr.a(usb_transfer.c.obj)
                0x00000000000023e4                usb_cancel_transfer
 .text.usb_cancel_transfers
                0x0000000000002420       0x44 zephyr/libzephyr.a(usb_transfer.c.obj)
                0x0000000000002420                usb_cancel_transfers
 .text.usb_transfer_init
                0x0000000000002464       0x34 zephyr/libzephyr.a(usb_transfer.c.obj)
                0x0000000000002464                usb_transfer_init
 .text.cdc_acm_irq_rx_enable
                0x0000000000002498       0x20 zephyr/libzephyr.a(cdc_acm.c.obj)
 .text.cdc_acm_irq_tx_enable
                0x00000000000024b8       0x20 zephyr/libzephyr.a(cdc_acm.c.obj)
 .text.cdc_acm_fifo_fill
                0x00000000000024d8       0x3c zephyr/libzephyr.a(cdc_acm.c.obj)
 .text.cdc_acm_write_cb
                0x0000000000002514       0x54 zephyr/libzephyr.a(cdc_acm.c.obj)
 .text.cdc_acm_class_handle_req
                0x0000000000002568       0x64 zephyr/libzephyr.a(cdc_acm.c.obj)
                0x0000000000002568                cdc_acm_class_handle_req
 .text.cdc_acm_int_in
                0x00000000000025cc       0x18 zephyr/libzephyr.a(cdc_acm.c.obj)
 .text.cdc_acm_reset_port
                0x00000000000025e4       0x3c zephyr/libzephyr.a(cdc_acm.c.obj)
 .text.cdc_acm_init
                0x0000000000002620       0x48 zephyr/libzephyr.a(cdc_acm.c.obj)
 .text.cdc_acm_poll_out
                0x0000000000002668       0x70 zephyr/libzephyr.a(cdc_acm.c.obj)
 .text.tx_work_handler
                0x00000000000026d8       0x78 zephyr/libzephyr.a(cdc_acm.c.obj)
 .text.cdc_acm_read_cb
                0x0000000000002750       0x74 zephyr/libzephyr.a(cdc_acm.c.obj)
 .text.cdc_acm_dev_status_cb
                0x00000000000027c4       0x84 zephyr/libzephyr.a(cdc_acm.c.obj)
 .text.z_usb_work_q_init
                0x0000000000002848       0x34 zephyr/libzephyr.a(usb_work_q.c.obj)
 .text.z_SysNmiOnReset
                0x000000000000287c        0x8 zephyr/arch/arch/arm/core/libarch__arm__core.a(nmi_on_reset.S.obj)
                0x000000000000287c                z_SysNmiOnReset
 .text.arch_tls_stack_setup
                0x0000000000002884       0x40 zephyr/arch/arch/arm/core/libarch__arm__core.a(tls.c.obj)
                0x0000000000002884                arch_tls_stack_setup
 .text._HandlerModeExit
                0x00000000000028c4       0x20 zephyr/arch/arch/arm/core/cortex_m/libarch__arm__core__cortex_m.a(exc_exit.c.obj)
                0x00000000000028c4                z_arm_exc_exit
                0x00000000000028c4                z_arm_int_exit
 .text.mem_manage_fault
                0x00000000000028e4       0xa0 zephyr/arch/arch/arm/core/cortex_m/libarch__arm__core__cortex_m.a(fault.c.obj)
 .text.usage_fault.constprop.0
                0x0000000000002984       0x54 zephyr/arch/arch/arm/core/cortex_m/libarch__arm__core__cortex_m.a(fault.c.obj)
 .text.bus_fault.constprop.0
                0x00000000000029d8       0x6c zephyr/arch/arch/arm/core/cortex_m/libarch__arm__core__cortex_m.a(fault.c.obj)
 .text.z_arm_fault
                0x0000000000002a44      0x128 zephyr/arch/arch/arm/core/cortex_m/libarch__arm__core__cortex_m.a(fault.c.obj)
                0x0000000000002a44                z_arm_fault
 .text.z_arm_fault_init
                0x0000000000002b6c       0x18 zephyr/arch/arch/arm/core/cortex_m/libarch__arm__core__cortex_m.a(fault.c.obj)
                0x0000000000002b6c                z_arm_fault_init
 .text.__fault  0x0000000000002b84       0x14 zephyr/arch/arch/arm/core/cortex_m/libarch__arm__core__cortex_m.a(fault_s.S.obj)
                0x0000000000002b84                z_arm_bus_fault
                0x0000000000002b84                z_arm_usage_fault
                0x0000000000002b84                z_arm_mpu_fault
                0x0000000000002b84                z_arm_exc_spurious
                0x0000000000002b84                z_arm_debug_monitor
                0x0000000000002b84                z_arm_hard_fault
 .text._reset_section
                0x0000000000002b98       0x38 zephyr/arch/arch/arm/core/cortex_m/libarch__arm__core__cortex_m.a(reset.S.obj)
                0x0000000000002b98                z_arm_reset
                0x0000000000002b98                __start
 .text.z_impl_k_thread_abort
                0x0000000000002bd0       0x2c zephyr/arch/arch/arm/core/cortex_m/libarch__arm__core__cortex_m.a(thread_abort.c.obj)
                0x0000000000002bd0                z_impl_k_thread_abort
 .text.z_arm_pendsv
                0x0000000000002bfc       0x60 zephyr/arch/arch/arm/core/cortex_m/libarch__arm__core__cortex_m.a(swap_helper.S.obj)
                0x0000000000002bfc                z_arm_pendsv
 .text.z_arm_svc
                0x0000000000002c5c       0x24 zephyr/arch/arch/arm/core/cortex_m/libarch__arm__core__cortex_m.a(swap_helper.S.obj)
                0x0000000000002c5c                z_arm_svc
 .text.arm_irq_enable
                0x0000000000002c80       0x1c zephyr/arch/arch/arm/core/cortex_m/libarch__arm__core__cortex_m.a(irq_manage.c.obj)
                0x0000000000002c80                arm_irq_enable
 .text.arm_irq_disable
                0x0000000000002c9c       0x28 zephyr/arch/arch/arm/core/cortex_m/libarch__arm__core__cortex_m.a(irq_manage.c.obj)
                0x0000000000002c9c                arm_irq_disable
 .text.arm_irq_is_enabled
                0x0000000000002cc4       0x1c zephyr/arch/arch/arm/core/cortex_m/libarch__arm__core__cortex_m.a(irq_manage.c.obj)
                0x0000000000002cc4                arm_irq_is_enabled
 .text.arm_irq_priority_set
                0x0000000000002ce0       0x30 zephyr/arch/arch/arm/core/cortex_m/libarch__arm__core__cortex_m.a(irq_manage.c.obj)
                0x0000000000002ce0                arm_irq_priority_set
 .text.z_prep_c
                0x0000000000002d10       0x48 zephyr/arch/arch/arm/core/cortex_m/libarch__arm__core__cortex_m.a(prep_c.c.obj)
                0x0000000000002d10                z_prep_c
 .text.arch_new_thread
                0x0000000000002d58       0x38 zephyr/arch/arch/arm/core/cortex_m/libarch__arm__core__cortex_m.a(thread.c.obj)
                0x0000000000002d58                arch_new_thread
 .text.z_check_thread_stack_fail
                0x0000000000002d90       0x2c zephyr/arch/arch/arm/core/cortex_m/libarch__arm__core__cortex_m.a(thread.c.obj)
                0x0000000000002d90                z_check_thread_stack_fail
 .text.arch_switch_to_main_thread
                0x0000000000002dbc       0x3c zephyr/arch/arch/arm/core/cortex_m/libarch__arm__core__cortex_m.a(thread.c.obj)
                0x0000000000002dbc                arch_switch_to_main_thread
 .text.z_arm_cpu_idle_init
                0x0000000000002df8        0xc zephyr/arch/arch/arm/core/cortex_m/libarch__arm__core__cortex_m.a(cpu_idle.c.obj)
                0x0000000000002df8                z_arm_cpu_idle_init
 .text.z_arm_interrupt_init
                0x0000000000002e04       0x18 zephyr/arch/arch/arm/core/cortex_m/libarch__arm__core__cortex_m.a(irq_init.c.obj)
                0x0000000000002e04                z_arm_interrupt_init
 .text._isr_wrapper
                0x0000000000002e1c       0x24 zephyr/arch/arch/arm/core/cortex_m/libarch__arm__core__cortex_m.a(isr_wrapper.c.obj)
                0x0000000000002e1c                _isr_wrapper
 .text.z_arm_configure_static_mpu_regions
                0x0000000000002e40       0x18 zephyr/arch/arch/arm/core/mpu/libarch__arm__core__mpu.a(arm_core_mpu.c.obj)
                0x0000000000002e40                z_arm_configure_static_mpu_regions
 .text.z_arm_configure_dynamic_mpu_regions
                0x0000000000002e58       0x20 zephyr/arch/arch/arm/core/mpu/libarch__arm__core__mpu.a(arm_core_mpu.c.obj)
                0x0000000000002e58                z_arm_configure_dynamic_mpu_regions
 .text.region_init
                0x0000000000002e78       0x28 zephyr/arch/arch/arm/core/mpu/libarch__arm__core__mpu.a(arm_mpu.c.obj)
 .text.mpu_configure_regions
                0x0000000000002ea0       0x6c zephyr/arch/arch/arm/core/mpu/libarch__arm__core__mpu.a(arm_mpu.c.obj)
 .text.arm_core_mpu_enable
                0x0000000000002f0c       0x18 zephyr/arch/arch/arm/core/mpu/libarch__arm__core__mpu.a(arm_mpu.c.obj)
                0x0000000000002f0c                arm_core_mpu_enable
 .text.arm_core_mpu_disable
                0x0000000000002f24       0x14 zephyr/arch/arch/arm/core/mpu/libarch__arm__core__mpu.a(arm_mpu.c.obj)
                0x0000000000002f24                arm_core_mpu_disable
 .text.arm_core_mpu_configure_static_mpu_regions
                0x0000000000002f38       0x14 zephyr/arch/arch/arm/core/mpu/libarch__arm__core__mpu.a(arm_mpu.c.obj)
                0x0000000000002f38                arm_core_mpu_configure_static_mpu_regions
 .text.arm_core_mpu_configure_dynamic_mpu_regions
                0x0000000000002f4c       0x38 zephyr/arch/arch/arm/core/mpu/libarch__arm__core__mpu.a(arm_mpu.c.obj)
                0x0000000000002f4c                arm_core_mpu_configure_dynamic_mpu_regions
 .text.z_arm_mpu_init
                0x0000000000002f84      0x168 zephyr/arch/arch/arm/core/mpu/libarch__arm__core__mpu.a(arm_mpu.c.obj)
                0x0000000000002f84                z_arm_mpu_init
 .text.z_impl_zephyr_fputc
                0x00000000000030ec       0x10 zephyr/lib/libc/picolibc/liblib__libc__picolibc.a(stdio.c.obj)
                0x00000000000030ec                z_impl_zephyr_fputc
 .text.__stdout_hook_install
                0x00000000000030fc       0x18 zephyr/lib/libc/picolibc/liblib__libc__picolibc.a(stdio.c.obj)
                0x00000000000030fc                __stdout_hook_install
 .text.malloc_prepare
                0x0000000000003114       0x24 zephyr/lib/libc/common/liblib__libc__common.a(malloc.c.obj)
 .text.nordicsemi_nrf52_init
                0x0000000000003138       0x44 zephyr/soc/soc/nrf52840/libsoc__nordic.a(soc.c.obj)
 .text.arch_busy_wait
                0x000000000000317c       0x14 zephyr/soc/soc/nrf52840/libsoc__nordic.a(soc.c.obj)
                0x000000000000317c                arch_busy_wait
 .text.board_nrf52840dongle_nrf52840_init
                0x0000000000003190       0x7c zephyr/boards/nordic/nrf52840dongle/libboards__nordic__nrf52840dongle.a(board.c.obj)
 .text.endpoint_ctx
                0x000000000000320c       0x60 zephyr/drivers/usb/device/libdrivers__usb__device.a(usb_dc_nrfx.c.obj)
 .text.usbd_work_schedule
                0x000000000000326c       0x10 zephyr/drivers/usb/device/libdrivers__usb__device.a(usb_dc_nrfx.c.obj)
 .text.usbd_evt_put
                0x000000000000327c        0xc zephyr/drivers/usb/device/libdrivers__usb__device.a(usb_dc_nrfx.c.obj)
 .text.usbd_evt_get
                0x0000000000003288       0x10 zephyr/drivers/usb/device/libdrivers__usb__device.a(usb_dc_nrfx.c.obj)
 .text.usb_init
                0x0000000000003298       0x70 zephyr/drivers/usb/device/libdrivers__usb__device.a(usb_dc_nrfx.c.obj)
 .text.hfxo_stop.constprop.0.isra.0
                0x0000000000003308       0x40 zephyr/drivers/usb/device/libdrivers__usb__device.a(usb_dc_nrfx.c.obj)
 .text.eps_ctx_init
                0x0000000000003348       0x68 zephyr/drivers/usb/device/libdrivers__usb__device.a(usb_dc_nrfx.c.obj)
 .text.usbd_evt_flush
                0x00000000000033b0       0x1c zephyr/drivers/usb/device/libdrivers__usb__device.a(usb_dc_nrfx.c.obj)
 .text.usbd_evt_alloc
                0x00000000000033cc       0x44 zephyr/drivers/usb/device/libdrivers__usb__device.a(usb_dc_nrfx.c.obj)
 .text.usb_dc_power_event_handler
                0x0000000000003410       0x34 zephyr/drivers/usb/device/libdrivers__usb__device.a(usb_dc_nrfx.c.obj)
 .text.usbd_event_transfer_data
                0x0000000000003444       0xa8 zephyr/drivers/usb/device/libdrivers__usb__device.a(usb_dc_nrfx.c.obj)
 .text.usbd_event_handler
                0x00000000000034ec      0x11c zephyr/drivers/usb/device/libdrivers__usb__device.a(usb_dc_nrfx.c.obj)
 .text.usbd_work_handler
                0x0000000000003608      0x2e0 zephyr/drivers/usb/device/libdrivers__usb__device.a(usb_dc_nrfx.c.obj)
 .text.usb_dc_attach
                0x00000000000038e8       0x64 zephyr/drivers/usb/device/libdrivers__usb__device.a(usb_dc_nrfx.c.obj)
                0x00000000000038e8                usb_dc_attach
 .text.usb_dc_set_address
                0x000000000000394c       0x24 zephyr/drivers/usb/device/libdrivers__usb__device.a(usb_dc_nrfx.c.obj)
                0x000000000000394c                usb_dc_set_address
 .text.usb_dc_ep_configure
                0x0000000000003970       0x48 zephyr/drivers/usb/device/libdrivers__usb__device.a(usb_dc_nrfx.c.obj)
                0x0000000000003970                usb_dc_ep_configure
 .text.usb_dc_ep_set_stall
                0x00000000000039b8       0x50 zephyr/drivers/usb/device/libdrivers__usb__device.a(usb_dc_nrfx.c.obj)
                0x00000000000039b8                usb_dc_ep_set_stall
 .text.usb_dc_ep_clear_stall
                0x0000000000003a08       0x40 zephyr/drivers/usb/device/libdrivers__usb__device.a(usb_dc_nrfx.c.obj)
                0x0000000000003a08                usb_dc_ep_clear_stall
 .text.usb_dc_ep_is_stalled
                0x0000000000003a48       0x38 zephyr/drivers/usb/device/libdrivers__usb__device.a(usb_dc_nrfx.c.obj)
                0x0000000000003a48                usb_dc_ep_is_stalled
 .text.usb_dc_ep_enable
                0x0000000000003a80       0x54 zephyr/drivers/usb/device/libdrivers__usb__device.a(usb_dc_nrfx.c.obj)
                0x0000000000003a80                usb_dc_ep_enable
 .text.usb_dc_ep_write
                0x0000000000003ad4       0xf8 zephyr/drivers/usb/device/libdrivers__usb__device.a(usb_dc_nrfx.c.obj)
                0x0000000000003ad4                usb_dc_ep_write
 .text.usb_dc_ep_read_wait
                0x0000000000003bcc       0x90 zephyr/drivers/usb/device/libdrivers__usb__device.a(usb_dc_nrfx.c.obj)
                0x0000000000003bcc                usb_dc_ep_read_wait
 .text.usb_dc_ep_read_continue
                0x0000000000003c5c       0x84 zephyr/drivers/usb/device/libdrivers__usb__device.a(usb_dc_nrfx.c.obj)
                0x0000000000003c5c                usb_dc_ep_read_continue
 .text.usb_dc_ep_set_callback
                0x0000000000003ce0       0x28 zephyr/drivers/usb/device/libdrivers__usb__device.a(usb_dc_nrfx.c.obj)
                0x0000000000003ce0                usb_dc_ep_set_callback
 .text.usb_dc_set_status_callback
                0x0000000000003d08        0xc zephyr/drivers/usb/device/libdrivers__usb__device.a(usb_dc_nrfx.c.obj)
                0x0000000000003d08                usb_dc_set_status_callback
 .text.usb_dc_ep_mps
                0x0000000000003d14       0x24 zephyr/drivers/usb/device/libdrivers__usb__device.a(usb_dc_nrfx.c.obj)
                0x0000000000003d14                usb_dc_ep_mps
 .text.nrf52_errata_187
                0x0000000000003d38       0x28 zephyr/drivers/usb/common/nrf_usbd_common/libdrivers__usb__common__nrf_usbd_common.a(nrf_usbd_common.c.obj)
 .text.ep_state_access
                0x0000000000003d60       0x20 zephyr/drivers/usb/common/nrf_usbd_common/libdrivers__usb__common__nrf_usbd_common.a(nrf_usbd_common.c.obj)
 .text.usbd_errata_187_211_begin
                0x0000000000003d80       0x3c zephyr/drivers/usb/common/nrf_usbd_common/libdrivers__usb__common__nrf_usbd_common.a(nrf_usbd_common.c.obj)
 .text.usbd_errata_187_211_end
                0x0000000000003dbc       0x3c zephyr/drivers/usb/common/nrf_usbd_common/libdrivers__usb__common__nrf_usbd_common.a(nrf_usbd_common.c.obj)
 .text.usbd_dma_pending_clear
                0x0000000000003df8       0x1c zephyr/drivers/usb/common/nrf_usbd_common/libdrivers__usb__common__nrf_usbd_common.a(nrf_usbd_common.c.obj)
 .text.nrf_usbd_common_uninit
                0x0000000000003e14       0x14 zephyr/drivers/usb/common/nrf_usbd_common/libdrivers__usb__common__nrf_usbd_common.a(nrf_usbd_common.c.obj)
                0x0000000000003e14                nrf_usbd_common_uninit
 .text.nrf_usbd_common_enable
                0x0000000000003e28      0x148 zephyr/drivers/usb/common/nrf_usbd_common/libdrivers__usb__common__nrf_usbd_common.a(nrf_usbd_common.c.obj)
                0x0000000000003e28                nrf_usbd_common_enable
 .text.nrf_usbd_common_start
                0x0000000000003f70       0x38 zephyr/drivers/usb/common/nrf_usbd_common/libdrivers__usb__common__nrf_usbd_common.a(nrf_usbd_common.c.obj)
                0x0000000000003f70                nrf_usbd_common_start
 .text.nrf_usbd_common_is_enabled
                0x0000000000003fa8       0x14 zephyr/drivers/usb/common/nrf_usbd_common/libdrivers__usb__common__nrf_usbd_common.a(nrf_usbd_common.c.obj)
                0x0000000000003fa8                nrf_usbd_common_is_enabled
 .text.nrf_usbd_common_suspend
                0x0000000000003fbc       0x6c zephyr/drivers/usb/common/nrf_usbd_common/libdrivers__usb__common__nrf_usbd_common.a(nrf_usbd_common.c.obj)
                0x0000000000003fbc                nrf_usbd_common_suspend
 .text.nrf_usbd_common_init
                0x0000000000004028       0x84 zephyr/drivers/usb/common/nrf_usbd_common/libdrivers__usb__common__nrf_usbd_common.a(nrf_usbd_common.c.obj)
                0x0000000000004028                nrf_usbd_common_init
 .text.nrf_usbd_common_ep_enable_check
                0x00000000000040ac       0x28 zephyr/drivers/usb/common/nrf_usbd_common/libdrivers__usb__common__nrf_usbd_common.a(nrf_usbd_common.c.obj)
                0x00000000000040ac                nrf_usbd_common_ep_enable_check
 .text.nrf_usbd_common_ep_transfer
                0x00000000000040d4       0x98 zephyr/drivers/usb/common/nrf_usbd_common/libdrivers__usb__common__nrf_usbd_common.a(nrf_usbd_common.c.obj)
                0x00000000000040d4                nrf_usbd_common_ep_transfer
 .text.nrf_usbd_common_epout_size_get
                0x000000000000416c       0x28 zephyr/drivers/usb/common/nrf_usbd_common/libdrivers__usb__common__nrf_usbd_common.a(nrf_usbd_common.c.obj)
                0x000000000000416c                nrf_usbd_common_epout_size_get
 .text.nrf_usbd_common_irq_handler
                0x0000000000004194      0x494 zephyr/drivers/usb/common/nrf_usbd_common/libdrivers__usb__common__nrf_usbd_common.a(nrf_usbd_common.c.obj)
                0x0000000000004194                nrf_usbd_common_irq_handler
 .text.nrf_usbd_common_ep_stall
                0x0000000000004628       0x10 zephyr/drivers/usb/common/nrf_usbd_common/libdrivers__usb__common__nrf_usbd_common.a(nrf_usbd_common.c.obj)
                0x0000000000004628                nrf_usbd_common_ep_stall
 .text.nrf_usbd_common_ep_stall_check
                0x0000000000004638       0x34 zephyr/drivers/usb/common/nrf_usbd_common/libdrivers__usb__common__nrf_usbd_common.a(nrf_usbd_common.c.obj)
                0x0000000000004638                nrf_usbd_common_ep_stall_check
 .text.nrf_usbd_common_ep_dtoggle_clear
                0x000000000000466c       0x14 zephyr/drivers/usb/common/nrf_usbd_common/libdrivers__usb__common__nrf_usbd_common.a(nrf_usbd_common.c.obj)
                0x000000000000466c                nrf_usbd_common_ep_dtoggle_clear
 .text.nrf_usbd_common_setup_get
                0x0000000000004680       0x44 zephyr/drivers/usb/common/nrf_usbd_common/libdrivers__usb__common__nrf_usbd_common.a(nrf_usbd_common.c.obj)
                0x0000000000004680                nrf_usbd_common_setup_get
 .text.nrf_usbd_common_setup_data_clear
                0x00000000000046c4        0xc zephyr/drivers/usb/common/nrf_usbd_common/libdrivers__usb__common__nrf_usbd_common.a(nrf_usbd_common.c.obj)
                0x00000000000046c4                nrf_usbd_common_setup_data_clear
 .text.nrf_usbd_common_setup_clear
                0x00000000000046d0        0xc zephyr/drivers/usb/common/nrf_usbd_common/libdrivers__usb__common__nrf_usbd_common.a(nrf_usbd_common.c.obj)
                0x00000000000046d0                nrf_usbd_common_setup_clear
 .text.nrf_usbd_common_setup_stall
                0x00000000000046dc        0xc zephyr/drivers/usb/common/nrf_usbd_common/libdrivers__usb__common__nrf_usbd_common.a(nrf_usbd_common.c.obj)
                0x00000000000046dc                nrf_usbd_common_setup_stall
 .text.nrf_usbd_common_last_setup_dir_get
                0x00000000000046e8        0xc zephyr/drivers/usb/common/nrf_usbd_common/libdrivers__usb__common__nrf_usbd_common.a(nrf_usbd_common.c.obj)
                0x00000000000046e8                nrf_usbd_common_last_setup_dir_get
 .text.nrf_usbd_common_transfer_out_drop
                0x00000000000046f4       0x4c zephyr/drivers/usb/common/nrf_usbd_common/libdrivers__usb__common__nrf_usbd_common.a(nrf_usbd_common.c.obj)
                0x00000000000046f4                nrf_usbd_common_transfer_out_drop
 .text.usbd_ep_abort
                0x0000000000004740       0xf0 zephyr/drivers/usb/common/nrf_usbd_common/libdrivers__usb__common__nrf_usbd_common.a(nrf_usbd_common.c.obj)
 .text.nrf_usbd_common_ep_abort
                0x0000000000004830       0x34 zephyr/drivers/usb/common/nrf_usbd_common/libdrivers__usb__common__nrf_usbd_common.a(nrf_usbd_common.c.obj)
                0x0000000000004830                nrf_usbd_common_ep_abort
 .text.nrf_usbd_common_disable
                0x0000000000004864       0xd4 zephyr/drivers/usb/common/nrf_usbd_common/libdrivers__usb__common__nrf_usbd_common.a(nrf_usbd_common.c.obj)
                0x0000000000004864                nrf_usbd_common_disable
 .text.nrf_usbd_common_ep_disable
                0x0000000000004938       0x60 zephyr/drivers/usb/common/nrf_usbd_common/libdrivers__usb__common__nrf_usbd_common.a(nrf_usbd_common.c.obj)
                0x0000000000004938                nrf_usbd_common_ep_disable
 .text.nrf_usbd_common_ep_enable
                0x0000000000004998       0x70 zephyr/drivers/usb/common/nrf_usbd_common/libdrivers__usb__common__nrf_usbd_common.a(nrf_usbd_common.c.obj)
                0x0000000000004998                nrf_usbd_common_ep_enable
 .text.nrf_usbd_common_ep_stall_clear
                0x0000000000004a08       0x20 zephyr/drivers/usb/common/nrf_usbd_common/libdrivers__usb__common__nrf_usbd_common.a(nrf_usbd_common.c.obj)
                0x0000000000004a08                nrf_usbd_common_ep_stall_clear
 .text.onoff_stop
                0x0000000000004a28       0x30 zephyr/drivers/clock_control/libdrivers__clock_control.a(clock_control_nrf.c.obj)
 .text.onoff_start
                0x0000000000004a58       0x44 zephyr/drivers/clock_control/libdrivers__clock_control.a(clock_control_nrf.c.obj)
 .text.generic_hfclk_stop
                0x0000000000004a9c       0x34 zephyr/drivers/clock_control/libdrivers__clock_control.a(clock_control_nrf.c.obj)
 .text.clk_init
                0x0000000000004ad0       0x58 zephyr/drivers/clock_control/libdrivers__clock_control.a(clock_control_nrf.c.obj)
 .text.api_blocking_start
                0x0000000000004b28       0x34 zephyr/drivers/clock_control/libdrivers__clock_control.a(clock_control_nrf.c.obj)
 .text.clkstarted_handle.constprop.0
                0x0000000000004b5c       0x4c zephyr/drivers/clock_control/libdrivers__clock_control.a(clock_control_nrf.c.obj)
 .text.generic_hfclk_start
                0x0000000000004ba8       0x78 zephyr/drivers/clock_control/libdrivers__clock_control.a(clock_control_nrf.c.obj)
 .text.clock_event_handler
                0x0000000000004c20       0x1c zephyr/drivers/clock_control/libdrivers__clock_control.a(clock_control_nrf.c.obj)
 .text.z_nrf_clock_control_get_onoff
                0x0000000000004c3c       0x10 zephyr/drivers/clock_control/libdrivers__clock_control.a(clock_control_nrf.c.obj)
                0x0000000000004c3c                z_nrf_clock_control_get_onoff
 .text.z_nrf_clock_control_lf_on
                0x0000000000004c4c       0xfc zephyr/drivers/clock_control/libdrivers__clock_control.a(clock_control_nrf.c.obj)
                0x0000000000004c4c                z_nrf_clock_control_lf_on
 .text.uart_console_init
                0x0000000000004d48       0x28 zephyr/drivers/console/libdrivers__console.a(uart_console.c.obj)
 .text.console_out
                0x0000000000004d70       0x28 zephyr/drivers/console/libdrivers__console.a(uart_console.c.obj)
 .text.gpio_nrfx_pin_interrupt_configure
                0x0000000000004d98      0x100 zephyr/drivers/gpio/libdrivers__gpio.a(gpio_nrfx.c.obj)
 .text.gpio_nrfx_init
                0x0000000000004e98       0x48 zephyr/drivers/gpio/libdrivers__gpio.a(gpio_nrfx.c.obj)
 .text.nrfx_gpio_handler
                0x0000000000004ee0       0x4c zephyr/drivers/gpio/libdrivers__gpio.a(gpio_nrfx.c.obj)
 .text.gpio_nrfx_pin_configure
                0x0000000000004f2c      0x18c zephyr/drivers/gpio/libdrivers__gpio.a(gpio_nrfx.c.obj)
 .text.nrf_gpio_pin_port_decode
                0x00000000000050b8       0x20 zephyr/drivers/pinctrl/libdrivers__pinctrl.a(pinctrl_nrf.c.obj)
 .text.pinctrl_configure_pins
                0x00000000000050d8      0x170 zephyr/drivers/pinctrl/libdrivers__pinctrl.a(pinctrl_nrf.c.obj)
                0x00000000000050d8                pinctrl_configure_pins
 .text.uarte_nrfx_poll_out
                0x0000000000005248       0xb4 zephyr/drivers/serial/libdrivers__serial.a(uart_nrfx_uarte.c.obj)
 .text.uarte_0_init
                0x00000000000052fc      0x108 zephyr/drivers/serial/libdrivers__serial.a(uart_nrfx_uarte.c.obj)
 .text.compare_int_lock
                0x0000000000005404       0x48 zephyr/drivers/timer/libdrivers__timer.a(nrf_rtc_timer.c.obj)
 .text.sys_clock_timeout_handler
                0x000000000000544c       0x48 zephyr/drivers/timer/libdrivers__timer.a(nrf_rtc_timer.c.obj)
 .text.compare_int_unlock
                0x0000000000005494       0x5c zephyr/drivers/timer/libdrivers__timer.a(nrf_rtc_timer.c.obj)
 .text.z_nrf_rtc_timer_read
                0x00000000000054f0       0x44 zephyr/drivers/timer/libdrivers__timer.a(nrf_rtc_timer.c.obj)
                0x00000000000054f0                z_nrf_rtc_timer_read
 .text.compare_set
                0x0000000000005534      0x130 zephyr/drivers/timer/libdrivers__timer.a(nrf_rtc_timer.c.obj)
 .text.sys_clock_driver_init
                0x0000000000005664       0x90 zephyr/drivers/timer/libdrivers__timer.a(nrf_rtc_timer.c.obj)
 .text.rtc_nrf_isr
                0x00000000000056f4       0xd4 zephyr/drivers/timer/libdrivers__timer.a(nrf_rtc_timer.c.obj)
                0x00000000000056f4                rtc_nrf_isr
 .text.sys_clock_set_timeout
                0x00000000000057c8       0x5c zephyr/drivers/timer/libdrivers__timer.a(nrf_rtc_timer.c.obj)
                0x00000000000057c8                sys_clock_set_timeout
 .text.sys_clock_elapsed
                0x0000000000005824       0x14 zephyr/drivers/timer/libdrivers__timer.a(nrf_rtc_timer.c.obj)
                0x0000000000005824                sys_clock_elapsed
 .text.__NVIC_SystemReset
                0x0000000000005838       0x24 modules/hal_nordic/nrfx/libmodules__hal_nordic__nrfx.a(system_nrf52840.c.obj)
 .text.nrf52_errata_98
                0x000000000000585c       0x24 modules/hal_nordic/nrfx/libmodules__hal_nordic__nrfx.a(system_nrf52840.c.obj)
 .text.nvmc_wait
                0x0000000000005880       0x10 modules/hal_nordic/nrfx/libmodules__hal_nordic__nrfx.a(system_nrf52840.c.obj)
                0x0000000000005880                nvmc_wait
 .text.SystemInit
                0x0000000000005890      0x1c8 modules/hal_nordic/nrfx/libmodules__hal_nordic__nrfx.a(system_nrf52840.c.obj)
                0x0000000000005890                SystemInit
 .text.nrfx_flag32_alloc
                0x0000000000005a58       0x48 modules/hal_nordic/nrfx/libmodules__hal_nordic__nrfx.a(nrfx_flag32_allocator.c.obj)
                0x0000000000005a58                nrfx_flag32_alloc
 .text.nrfx_flag32_free
                0x0000000000005aa0       0x40 modules/hal_nordic/nrfx/libmodules__hal_nordic__nrfx.a(nrfx_flag32_allocator.c.obj)
                0x0000000000005aa0                nrfx_flag32_free
 .text.nrfx_gppi_channels_enable
                0x0000000000005ae0        0xc modules/hal_nordic/nrfx/libmodules__hal_nordic__nrfx.a(nrfx_gppi_ppi.c.obj)
                0x0000000000005ae0                nrfx_gppi_channels_enable
 .text.clock_stop
                0x0000000000005aec       0xc4 modules/hal_nordic/nrfx/libmodules__hal_nordic__nrfx.a(nrfx_clock.c.obj)
 .text.nrfx_clock_init
                0x0000000000005bb0       0x20 modules/hal_nordic/nrfx/libmodules__hal_nordic__nrfx.a(nrfx_clock.c.obj)
                0x0000000000005bb0                nrfx_clock_init
 .text.nrfx_clock_enable
                0x0000000000005bd0       0x30 modules/hal_nordic/nrfx/libmodules__hal_nordic__nrfx.a(nrfx_clock.c.obj)
                0x0000000000005bd0                nrfx_clock_enable
 .text.nrfx_clock_start
                0x0000000000005c00       0xa8 modules/hal_nordic/nrfx/libmodules__hal_nordic__nrfx.a(nrfx_clock.c.obj)
                0x0000000000005c00                nrfx_clock_start
 .text.nrfx_clock_irq_handler
                0x0000000000005ca8       0x7c modules/hal_nordic/nrfx/libmodules__hal_nordic__nrfx.a(nrfx_clock.c.obj)
                0x0000000000005ca8                nrfx_clock_irq_handler
 .text.nrf_gpio_pin_port_decode
                0x0000000000005d24       0x20 modules/hal_nordic/nrfx/libmodules__hal_nordic__nrfx.a(nrfx_gpiote.c.obj)
 .text.get_pin_idx
                0x0000000000005d44       0x14 modules/hal_nordic/nrfx/libmodules__hal_nordic__nrfx.a(nrfx_gpiote.c.obj)
 .text.call_handler.constprop.0
                0x0000000000005d58       0x40 modules/hal_nordic/nrfx/libmodules__hal_nordic__nrfx.a(nrfx_gpiote.c.obj)
 .text.pin_te_get.constprop.0
                0x0000000000005d98       0x18 modules/hal_nordic/nrfx/libmodules__hal_nordic__nrfx.a(nrfx_gpiote.c.obj)
 .text.pin_is_output.constprop.0
                0x0000000000005db0       0x18 modules/hal_nordic/nrfx/libmodules__hal_nordic__nrfx.a(nrfx_gpiote.c.obj)
 .text.pin_in_use_by_te.constprop.0
                0x0000000000005dc8       0x18 modules/hal_nordic/nrfx/libmodules__hal_nordic__nrfx.a(nrfx_gpiote.c.obj)
 .text.latch_pending_read_and_check
                0x0000000000005de0       0x40 modules/hal_nordic/nrfx/libmodules__hal_nordic__nrfx.a(nrfx_gpiote.c.obj)
 .text.release_handler.isra.0
                0x0000000000005e20       0x58 modules/hal_nordic/nrfx/libmodules__hal_nordic__nrfx.a(nrfx_gpiote.c.obj)
 .text.__nrfy_internal_gpiote_events_process.constprop.0
                0x0000000000005e78       0x5c modules/hal_nordic/nrfx/libmodules__hal_nordic__nrfx.a(nrfx_gpiote.c.obj)
 .text.pin_uninit
                0x0000000000005ed4       0x80 modules/hal_nordic/nrfx/libmodules__hal_nordic__nrfx.a(nrfx_gpiote.c.obj)
 .text.nrfx_gpiote_input_configure
                0x0000000000005f54      0x174 modules/hal_nordic/nrfx/libmodules__hal_nordic__nrfx.a(nrfx_gpiote.c.obj)
                0x0000000000005f54                nrfx_gpiote_input_configure
 .text.nrfx_gpiote_output_configure
                0x00000000000060c8       0xfc modules/hal_nordic/nrfx/libmodules__hal_nordic__nrfx.a(nrfx_gpiote.c.obj)
                0x00000000000060c8                nrfx_gpiote_output_configure
 .text.nrfx_gpiote_global_callback_set
                0x00000000000061c4        0xc modules/hal_nordic/nrfx/libmodules__hal_nordic__nrfx.a(nrfx_gpiote.c.obj)
                0x00000000000061c4                nrfx_gpiote_global_callback_set
 .text.nrfx_gpiote_channel_get
                0x00000000000061d0       0x34 modules/hal_nordic/nrfx/libmodules__hal_nordic__nrfx.a(nrfx_gpiote.c.obj)
                0x00000000000061d0                nrfx_gpiote_channel_get
 .text.nrfx_gpiote_init
                0x0000000000006204       0x68 modules/hal_nordic/nrfx/libmodules__hal_nordic__nrfx.a(nrfx_gpiote.c.obj)
                0x0000000000006204                nrfx_gpiote_init
 .text.nrfx_gpiote_init_check
                0x000000000000626c       0x14 modules/hal_nordic/nrfx/libmodules__hal_nordic__nrfx.a(nrfx_gpiote.c.obj)
                0x000000000000626c                nrfx_gpiote_init_check
 .text.nrfx_gpiote_channel_free
                0x0000000000006280        0xc modules/hal_nordic/nrfx/libmodules__hal_nordic__nrfx.a(nrfx_gpiote.c.obj)
                0x0000000000006280                nrfx_gpiote_channel_free
 .text.nrfx_gpiote_channel_alloc
                0x000000000000628c        0xc modules/hal_nordic/nrfx/libmodules__hal_nordic__nrfx.a(nrfx_gpiote.c.obj)
                0x000000000000628c                nrfx_gpiote_channel_alloc
 .text.nrfx_gpiote_trigger_enable
                0x0000000000006298       0xb0 modules/hal_nordic/nrfx/libmodules__hal_nordic__nrfx.a(nrfx_gpiote.c.obj)
                0x0000000000006298                nrfx_gpiote_trigger_enable
 .text.nrfx_gpiote_0_irq_handler
                0x0000000000006348      0x1bc modules/hal_nordic/nrfx/libmodules__hal_nordic__nrfx.a(nrfx_gpiote.c.obj)
                0x0000000000006348                nrfx_gpiote_0_irq_handler
 .text.nrfx_power_init
                0x0000000000006504       0x74 modules/hal_nordic/nrfx/libmodules__hal_nordic__nrfx.a(nrfx_power.c.obj)
                0x0000000000006504                nrfx_power_init
 .text.nrfx_power_usbevt_uninit
                0x0000000000006578       0x18 modules/hal_nordic/nrfx/libmodules__hal_nordic__nrfx.a(nrfx_power.c.obj)
                0x0000000000006578                nrfx_power_usbevt_uninit
 .text.nrfx_power_usbevt_init
                0x0000000000006590       0x14 modules/hal_nordic/nrfx/libmodules__hal_nordic__nrfx.a(nrfx_power.c.obj)
                0x0000000000006590                nrfx_power_usbevt_init
 .text.nrfx_power_irq_handler
                0x00000000000065a4       0xa0 modules/hal_nordic/nrfx/libmodules__hal_nordic__nrfx.a(nrfx_power.c.obj)
                0x00000000000065a4                nrfx_power_irq_handler
 .text.nrfx_ppi_channel_alloc
                0x0000000000006644        0xc modules/hal_nordic/nrfx/libmodules__hal_nordic__nrfx.a(nrfx_ppi.c.obj)
                0x0000000000006644                nrfx_ppi_channel_alloc
 .text.z_fatal_error
                0x0000000000006650       0x30 zephyr/kernel/libkernel.a(fatal.c.obj)
                0x0000000000006650                z_fatal_error
 .text.z_sys_init_run_level
                0x0000000000006680       0x30 zephyr/kernel/libkernel.a(init.c.obj)
 .text.bg_thread_main
                0x00000000000066b0       0xc4 zephyr/kernel/libkernel.a(init.c.obj)
 .text.z_bss_zero
                0x0000000000006774       0x18 zephyr/kernel/libkernel.a(init.c.obj)
                0x0000000000006774                z_bss_zero
 .text.z_init_cpu
                0x000000000000678c       0x70 zephyr/kernel/libkernel.a(init.c.obj)
                0x000000000000678c                z_init_cpu
 .text.z_cstart
                0x00000000000067fc       0xd0 zephyr/kernel/libkernel.a(init.c.obj)
                0x00000000000067fc                z_cstart
 .text.init_mem_slab_obj_core_list
                0x00000000000068cc       0x24 zephyr/kernel/libkernel.a(mem_slab.c.obj)
 .text.k_mem_slab_alloc
                0x00000000000068f0       0x5c zephyr/kernel/libkernel.a(mem_slab.c.obj)
                0x00000000000068f0                k_mem_slab_alloc
 .text.z_impl_k_mutex_lock
                0x000000000000694c       0xf0 zephyr/kernel/libkernel.a(mutex.c.obj)
                0x000000000000694c                z_impl_k_mutex_lock
 .text.z_impl_k_mutex_unlock
                0x0000000000006a3c       0xa0 zephyr/kernel/libkernel.a(mutex.c.obj)
                0x0000000000006a3c                z_impl_k_mutex_unlock
 .text.z_impl_k_queue_get
                0x0000000000006adc       0x64 zephyr/kernel/libkernel.a(queue.c.obj)
                0x0000000000006adc                z_impl_k_queue_get
 .text.z_impl_k_sem_give
                0x0000000000006b40       0x68 zephyr/kernel/libkernel.a(sem.c.obj)
                0x0000000000006b40                z_impl_k_sem_give
 .text.z_impl_k_sem_take
                0x0000000000006ba8       0x4c zephyr/kernel/libkernel.a(sem.c.obj)
                0x0000000000006ba8                z_impl_k_sem_take
 .text.work_queue_main
                0x0000000000006bf4      0x14c zephyr/kernel/libkernel.a(work.c.obj)
 .text.submit_to_queue_locked
                0x0000000000006d40       0xb4 zephyr/kernel/libkernel.a(work.c.obj)
 .text.k_work_queue_start
                0x0000000000006df4       0x7c zephyr/kernel/libkernel.a(work.c.obj)
                0x0000000000006df4                k_work_queue_start
 .text.k_work_schedule_for_queue
                0x0000000000006e70       0x54 zephyr/kernel/libkernel.a(work.c.obj)
                0x0000000000006e70                k_work_schedule_for_queue
 .text.z_setup_new_thread
                0x0000000000006ec4       0x98 zephyr/kernel/libkernel.a(thread.c.obj)
                0x0000000000006ec4                z_setup_new_thread
 .text.z_impl_k_thread_create
                0x0000000000006f5c       0x58 zephyr/kernel/libkernel.a(thread.c.obj)
                0x0000000000006f5c                z_impl_k_thread_create
 .text.z_dummy_thread_init
                0x0000000000006fb4       0x18 zephyr/kernel/libkernel.a(thread.c.obj)
                0x0000000000006fb4                z_dummy_thread_init
 .text.z_swap_irqlock
                0x0000000000006fcc       0x30 zephyr/kernel/libkernel.a(sched.c.obj)
 .text.ready_thread
                0x0000000000006ffc       0x84 zephyr/kernel/libkernel.a(sched.c.obj)
 .text.unready_thread
                0x0000000000007080       0x54 zephyr/kernel/libkernel.a(sched.c.obj)
 .text.move_thread_to_end_of_prio_q
                0x00000000000070d4       0x90 zephyr/kernel/libkernel.a(sched.c.obj)
                0x00000000000070d4                move_thread_to_end_of_prio_q
 .text.z_pend_curr
                0x0000000000007164       0x58 zephyr/kernel/libkernel.a(sched.c.obj)
                0x0000000000007164                z_pend_curr
 .text.z_thread_prio_set
                0x00000000000071bc       0xa0 zephyr/kernel/libkernel.a(sched.c.obj)
                0x00000000000071bc                z_thread_prio_set
 .text.z_reschedule
                0x000000000000725c       0x24 zephyr/kernel/libkernel.a(sched.c.obj)
                0x000000000000725c                z_reschedule
 .text.z_reschedule_irqlock
                0x0000000000007280       0x28 zephyr/kernel/libkernel.a(sched.c.obj)
                0x0000000000007280                z_reschedule_irqlock
 .text.k_sched_lock
                0x00000000000072a8       0x28 zephyr/kernel/libkernel.a(sched.c.obj)
                0x00000000000072a8                k_sched_lock
 .text.k_sched_unlock
                0x00000000000072d0       0x68 zephyr/kernel/libkernel.a(sched.c.obj)
                0x00000000000072d0                k_sched_unlock
 .text.z_sched_init
                0x0000000000007338       0x10 zephyr/kernel/libkernel.a(sched.c.obj)
                0x0000000000007338                z_sched_init
 .text.z_impl_k_yield
                0x0000000000007348       0x88 zephyr/kernel/libkernel.a(sched.c.obj)
                0x0000000000007348                z_impl_k_yield
 .text.z_tick_sleep
                0x00000000000073d0       0x80 zephyr/kernel/libkernel.a(sched.c.obj)
 .text.z_impl_k_usleep
                0x0000000000007450       0x3c zephyr/kernel/libkernel.a(sched.c.obj)
                0x0000000000007450                z_impl_k_usleep
 .text.z_impl_k_wakeup
                0x000000000000748c       0x48 zephyr/kernel/libkernel.a(sched.c.obj)
                0x000000000000748c                z_impl_k_wakeup
 .text.z_impl_k_sched_current_thread_query
                0x00000000000074d4        0xc zephyr/kernel/libkernel.a(sched.c.obj)
                0x00000000000074d4                z_impl_k_sched_current_thread_query
 .text.z_thread_abort
                0x00000000000074e0      0x138 zephyr/kernel/libkernel.a(sched.c.obj)
                0x00000000000074e0                z_thread_abort
 .text.z_sched_wait
                0x0000000000007618       0x24 zephyr/kernel/libkernel.a(sched.c.obj)
                0x0000000000007618                z_sched_wait
 .text.slice_timeout
                0x000000000000763c       0x20 zephyr/kernel/libkernel.a(timeslicing.c.obj)
 .text.thread_is_sliceable
                0x000000000000765c       0x3c zephyr/kernel/libkernel.a(timeslicing.c.obj)
                0x000000000000765c                thread_is_sliceable
 .text.z_reset_time_slice
                0x0000000000007698       0x50 zephyr/kernel/libkernel.a(timeslicing.c.obj)
                0x0000000000007698                z_reset_time_slice
 .text.z_time_slice
                0x00000000000076e8       0x60 zephyr/kernel/libkernel.a(timeslicing.c.obj)
                0x00000000000076e8                z_time_slice
 .text.z_data_copy
                0x0000000000007748       0x38 zephyr/kernel/libkernel.a(xip.c.obj)
                0x0000000000007748                z_data_copy
 .text.first    0x0000000000007780       0x10 zephyr/kernel/libkernel.a(timeout.c.obj)
 .text.elapsed  0x0000000000007790       0x14 zephyr/kernel/libkernel.a(timeout.c.obj)
 .text.remove_timeout
                0x00000000000077a4       0x38 zephyr/kernel/libkernel.a(timeout.c.obj)
 .text.z_add_timeout
                0x00000000000077dc       0xec zephyr/kernel/libkernel.a(timeout.c.obj)
                0x00000000000077dc                z_add_timeout
 .text.sys_clock_announce
                0x00000000000078c8       0xbc zephyr/kernel/libkernel.a(timeout.c.obj)
                0x00000000000078c8                sys_clock_announce
 .text.sys_clock_tick_get
                0x0000000000007984       0x30 zephyr/kernel/libkernel.a(timeout.c.obj)
                0x0000000000007984                sys_clock_tick_get
 .text.z_thread_aligned_alloc
                0x00000000000079b4       0x40 zephyr/kernel/libkernel.a(mempool.c.obj)
                0x00000000000079b4                z_thread_aligned_alloc
 .text.boot_banner
                0x00000000000079f4        0xc zephyr/kernel/libkernel.a(banner.c.obj)
                0x00000000000079f4                boot_banner
 .text.statics_init
                0x0000000000007a00       0x24 zephyr/kernel/libkernel.a(kheap.c.obj)
 .text.k_sys_work_q_init
                0x0000000000007a24       0x34 zephyr/kernel/libkernel.a(system_work_q.c.obj)
 .text.puts     0x0000000000007a58       0x40 /home/matt/Downloads/zephyr-sdk-0.16.4/arm-zephyr-eabi/bin/../lib/gcc/../../picolibc/arm-zephyr-eabi/lib/thumb/v7e-m/nofp/libc.a(libc_tinystdio_puts.c.o)
                0x0000000000007a58                puts
 .text.__l_vfprintf
                0x0000000000007a98      0x4ac /home/matt/Downloads/zephyr-sdk-0.16.4/arm-zephyr-eabi/bin/../lib/gcc/../../picolibc/arm-zephyr-eabi/lib/thumb/v7e-m/nofp/libc.a(libc_tinystdio_vflprintf.c.o)
                0x0000000000007a98                __l_vfprintf
 .text._OffsetAbsSyms
                0x0000000000007f44        0x2 zephyr/CMakeFiles/offsets.dir/./arch/arm/core/offsets/offsets.c.obj
                0x0000000000007f44                _OffsetAbsSyms
 .text.chunk_size
                0x0000000000007f46        0xa zephyr/libzephyr.a(heap.c.obj)
 .text.free_list_add
                0x0000000000007f50       0x4e zephyr/libzephyr.a(heap.c.obj)
 .text.free_list_remove_bidx
                0x0000000000007f9e       0x3a zephyr/libzephyr.a(heap.c.obj)
 .text.free_list_remove
                0x0000000000007fd8       0x1a zephyr/libzephyr.a(heap.c.obj)
 .text.alloc_chunk
                0x0000000000007ff2       0x6e zephyr/libzephyr.a(heap.c.obj)
 .text.merge_chunks
                0x0000000000008060       0x2c zephyr/libzephyr.a(heap.c.obj)
 .text.split_chunks
                0x000000000000808c       0x34 zephyr/libzephyr.a(heap.c.obj)
 .text.free_chunk
                0x00000000000080c0       0x62 zephyr/libzephyr.a(heap.c.obj)
 .text.sys_heap_free
                0x0000000000008122       0x1e zephyr/libzephyr.a(heap.c.obj)
                0x0000000000008122                sys_heap_free
 .text.sys_heap_alloc
                0x0000000000008140       0x52 zephyr/libzephyr.a(heap.c.obj)
                0x0000000000008140                sys_heap_alloc
 .text.sys_heap_aligned_alloc
                0x0000000000008192       0xd0 zephyr/libzephyr.a(heap.c.obj)
                0x0000000000008192                sys_heap_aligned_alloc
 .text.sys_heap_init
                0x0000000000008262       0x7a zephyr/libzephyr.a(heap.c.obj)
                0x0000000000008262                sys_heap_init
 .text.arch_printk_char_out
                0x00000000000082dc        0x4 zephyr/libzephyr.a(printk.c.obj)
                0x00000000000082dc                arch_printk_char_out
 .text.printk   0x00000000000082e0       0x1a zephyr/libzephyr.a(printk.c.obj)
                0x00000000000082e0                printk
 .text.sys_slist_find_and_remove
                0x00000000000082fa       0x36 zephyr/libzephyr.a(onoff.c.obj)
 .text.process_recheck
                0x0000000000008330       0x38 zephyr/libzephyr.a(onoff.c.obj)
 .text.validate_args
                0x0000000000008368       0x20 zephyr/libzephyr.a(onoff.c.obj)
 .text.notify_one
                0x0000000000008388       0x2c zephyr/libzephyr.a(onoff.c.obj)
 .text.transition_complete
                0x00000000000083b4       0x1a zephyr/libzephyr.a(onoff.c.obj)
 .text.onoff_manager_init
                0x00000000000083ce       0x26 zephyr/libzephyr.a(onoff.c.obj)
                0x00000000000083ce                onoff_manager_init
 .text.onoff_request
                0x00000000000083f4       0xae zephyr/libzephyr.a(onoff.c.obj)
                0x00000000000083f4                onoff_request
 .text.onoff_release
                0x00000000000084a2       0x48 zephyr/libzephyr.a(onoff.c.obj)
                0x00000000000084a2                onoff_release
 .text.onoff_cancel
                0x00000000000084ea       0x36 zephyr/libzephyr.a(onoff.c.obj)
                0x00000000000084ea                onoff_cancel
 .text.sys_notify_validate
                0x0000000000008520       0x22 zephyr/libzephyr.a(notify.c.obj)
                0x0000000000008520                sys_notify_validate
 .text.sys_notify_finalize
                0x0000000000008542       0x1a zephyr/libzephyr.a(notify.c.obj)
                0x0000000000008542                sys_notify_finalize
 .text.ring_buf_area_claim
                0x000000000000855c       0x30 zephyr/libzephyr.a(ring_buffer.c.obj)
                0x000000000000855c                ring_buf_area_claim
 .text.ring_buf_put_claim
                0x000000000000858c       0x1e zephyr/libzephyr.a(ring_buffer.c.obj)
 .text.ring_buf_get_claim
                0x00000000000085aa       0x1e zephyr/libzephyr.a(ring_buffer.c.obj)
 .text.ring_buf_area_finish
                0x00000000000085c8       0x32 zephyr/libzephyr.a(ring_buffer.c.obj)
                0x00000000000085c8                ring_buf_area_finish
 .text.ring_buf_put
                0x00000000000085fa       0x40 zephyr/libzephyr.a(ring_buffer.c.obj)
                0x00000000000085fa                ring_buf_put
 .text.ring_buf_get
                0x000000000000863a       0x44 zephyr/libzephyr.a(ring_buffer.c.obj)
                0x000000000000863a                ring_buf_get
 .text._ConfigAbsSyms
                0x000000000000867e        0x2 zephyr/libzephyr.a(configs.c.obj)
                0x000000000000867e                _ConfigAbsSyms
 .text.get_ep_bm_from_addr
                0x0000000000008680       0x1c zephyr/libzephyr.a(usb_device.c.obj)
 .text.usb_write
                0x000000000000869c       0x30 zephyr/libzephyr.a(usb_device.c.obj)
                0x000000000000869c                usb_write
 .text.usb_device_init
                0x00000000000086cc        0x6 zephyr/libzephyr.a(usb_device.c.obj)
 .text.usb_get_dev_data_by_cfg
                0x00000000000086d2       0x18 zephyr/libzephyr.a(usb_descriptor.c.obj)
                0x00000000000086d2                usb_get_dev_data_by_cfg
 .text.usb_get_dev_data_by_iface
                0x00000000000086ea       0x1c zephyr/libzephyr.a(usb_descriptor.c.obj)
                0x00000000000086ea                usb_get_dev_data_by_iface
 .text.usb_get_dev_data_by_ep
                0x0000000000008706       0x2c zephyr/libzephyr.a(usb_descriptor.c.obj)
                0x0000000000008706                usb_get_dev_data_by_ep
 .text.usb_transfer_is_busy
                0x0000000000008732       0x16 zephyr/libzephyr.a(usb_transfer.c.obj)
                0x0000000000008732                usb_transfer_is_busy
 .text.cdc_interface_config
                0x0000000000008748       0x14 zephyr/libzephyr.a(cdc_acm.c.obj)
 .text.cdc_acm_irq_callback_work_handler
                0x000000000000875c        0xa zephyr/libzephyr.a(cdc_acm.c.obj)
 .text.cdc_acm_irq_tx_disable
                0x0000000000008766        0xa zephyr/libzephyr.a(cdc_acm.c.obj)
 .text.cdc_acm_irq_tx_ready
                0x0000000000008770       0x20 zephyr/libzephyr.a(cdc_acm.c.obj)
 .text.cdc_acm_irq_rx_disable
                0x0000000000008790        0xa zephyr/libzephyr.a(cdc_acm.c.obj)
 .text.cdc_acm_irq_rx_ready
                0x000000000000879a        0xe zephyr/libzephyr.a(cdc_acm.c.obj)
 .text.cdc_acm_irq_is_pending
                0x00000000000087a8       0x1c zephyr/libzephyr.a(cdc_acm.c.obj)
 .text.cdc_acm_irq_callback_set
                0x00000000000087c4        0x8 zephyr/libzephyr.a(cdc_acm.c.obj)
 .text.cdc_acm_fifo_read
                0x00000000000087cc       0x48 zephyr/libzephyr.a(cdc_acm.c.obj)
 .text.cdc_acm_poll_in
                0x0000000000008814       0x12 zephyr/libzephyr.a(cdc_acm.c.obj)
 .text.cdc_acm_irq_update
                0x0000000000008826       0x30 zephyr/libzephyr.a(cdc_acm.c.obj)
 .text.z_arm_fatal_error
                0x0000000000008856        0xc zephyr/arch/arch/arm/core/libarch__arm__core.a(fatal.c.obj)
                0x0000000000008856                z_arm_fatal_error
 .text.z_do_kernel_oops
                0x0000000000008862        0x8 zephyr/arch/arch/arm/core/libarch__arm__core.a(fatal.c.obj)
                0x0000000000008862                z_do_kernel_oops
 .text.z_arm_nmi
                0x000000000000886a        0xe zephyr/arch/arch/arm/core/libarch__arm__core.a(nmi.c.obj)
                0x000000000000886a                z_arm_nmi
 .text.z_irq_spurious
                0x0000000000008878        0x8 zephyr/arch/arch/arm/core/cortex_m/libarch__arm__core__cortex_m.a(irq_manage.c.obj)
                0x0000000000008878                z_irq_spurious
 .text.arch_irq_unlock_outlined
                0x0000000000008880        0xe zephyr/arch/arch/arm/core/cortex_m/libarch__arm__core__cortex_m.a(thread.c.obj)
                0x0000000000008880                arch_irq_unlock_outlined
 .text.arch_cpu_idle
                0x000000000000888e       0x1a zephyr/arch/arch/arm/core/cortex_m/libarch__arm__core__cortex_m.a(cpu_idle.c.obj)
                0x000000000000888e                arch_cpu_idle
 .text.arch_cpu_atomic_idle
                0x00000000000088a8       0x1e zephyr/arch/arch/arm/core/cortex_m/libarch__arm__core__cortex_m.a(cpu_idle.c.obj)
                0x00000000000088a8                arch_cpu_atomic_idle
 .text.size_to_mpu_rasr_size
                0x00000000000088c6       0x20 zephyr/arch/arch/arm/core/mpu/libarch__arm__core__mpu.a(arm_mpu.c.obj)
 .text.picolibc_put
                0x00000000000088e6        0xa zephyr/lib/libc/picolibc/liblib__libc__picolibc.a(stdio.c.obj)
 .text.ep_ctx_reset
                0x00000000000088f0       0x26 zephyr/drivers/usb/device/libdrivers__usb__device.a(usb_dc_nrfx.c.obj)
 .text.k_mutex_lock.constprop.0.isra.0
                0x0000000000008916        0x4 zephyr/drivers/usb/device/libdrivers__usb__device.a(usb_dc_nrfx.c.obj)
 .text.k_mutex_unlock.isra.0
                0x000000000000891a        0x4 zephyr/drivers/usb/device/libdrivers__usb__device.a(usb_dc_nrfx.c.obj)
 .text.usb_dc_ep_check_cap
                0x000000000000891e       0x2a zephyr/drivers/usb/device/libdrivers__usb__device.a(usb_dc_nrfx.c.obj)
                0x000000000000891e                usb_dc_ep_check_cap
 .text.usb_dc_ep_disable
                0x0000000000008948       0x32 zephyr/drivers/usb/device/libdrivers__usb__device.a(usb_dc_nrfx.c.obj)
                0x0000000000008948                usb_dc_ep_disable
 .text.usb_dc_ep_read
                0x000000000000897a       0x1e zephyr/drivers/usb/device/libdrivers__usb__device.a(usb_dc_nrfx.c.obj)
                0x000000000000897a                usb_dc_ep_read
 .text.ep2bit   0x0000000000008998       0x10 zephyr/drivers/usb/common/nrf_usbd_common/libdrivers__usb__common__nrf_usbd_common.a(nrf_usbd_common.c.obj)
 .text.nrf_usbd_common_ep_max_packet_size_set
                0x00000000000089a8        0xa zephyr/drivers/usb/common/nrf_usbd_common/libdrivers__usb__common__nrf_usbd_common.a(nrf_usbd_common.c.obj)
                0x00000000000089a8                nrf_usbd_common_ep_max_packet_size_set
 .text.nrf_usbd_common_ep_status_get
                0x00000000000089b2       0x2c zephyr/drivers/usb/common/nrf_usbd_common/libdrivers__usb__common__nrf_usbd_common.a(nrf_usbd_common.c.obj)
                0x00000000000089b2                nrf_usbd_common_ep_status_get
 .text.get_status
                0x00000000000089de       0x12 zephyr/drivers/clock_control/libdrivers__clock_control.a(clock_control_nrf.c.obj)
 .text.stop     0x00000000000089f0       0x52 zephyr/drivers/clock_control/libdrivers__clock_control.a(clock_control_nrf.c.obj)
 .text.api_stop
                0x0000000000008a42        0x6 zephyr/drivers/clock_control/libdrivers__clock_control.a(clock_control_nrf.c.obj)
 .text.async_start
                0x0000000000008a48       0x5c zephyr/drivers/clock_control/libdrivers__clock_control.a(clock_control_nrf.c.obj)
 .text.api_start
                0x0000000000008aa4        0xe zephyr/drivers/clock_control/libdrivers__clock_control.a(clock_control_nrf.c.obj)
 .text.onoff_started_callback
                0x0000000000008ab2       0x12 zephyr/drivers/clock_control/libdrivers__clock_control.a(clock_control_nrf.c.obj)
 .text.lfclk_start
                0x0000000000008ac4        0x6 zephyr/drivers/clock_control/libdrivers__clock_control.a(clock_control_nrf.c.obj)
 .text.lfclk_stop
                0x0000000000008aca        0x6 zephyr/drivers/clock_control/libdrivers__clock_control.a(clock_control_nrf.c.obj)
 .text.blocking_start_callback
                0x0000000000008ad0        0x6 zephyr/drivers/clock_control/libdrivers__clock_control.a(clock_control_nrf.c.obj)
 .text.gpio_nrfx_port_get_raw
                0x0000000000008ad6        0xe zephyr/drivers/gpio/libdrivers__gpio.a(gpio_nrfx.c.obj)
 .text.gpio_nrfx_port_set_masked_raw
                0x0000000000008ae4       0x18 zephyr/drivers/gpio/libdrivers__gpio.a(gpio_nrfx.c.obj)
 .text.gpio_nrfx_port_set_bits_raw
                0x0000000000008afc        0xc zephyr/drivers/gpio/libdrivers__gpio.a(gpio_nrfx.c.obj)
 .text.gpio_nrfx_port_clear_bits_raw
                0x0000000000008b08        0xc zephyr/drivers/gpio/libdrivers__gpio.a(gpio_nrfx.c.obj)
 .text.gpio_nrfx_port_toggle_bits
                0x0000000000008b14       0x1a zephyr/drivers/gpio/libdrivers__gpio.a(gpio_nrfx.c.obj)
 .text.gpio_nrfx_manage_callback
                0x0000000000008b2e       0x52 zephyr/drivers/gpio/libdrivers__gpio.a(gpio_nrfx.c.obj)
 .text.z_impl_hwinfo_get_device_id
                0x0000000000008b80       0x28 zephyr/drivers/hwinfo/libdrivers__hwinfo.a(hwinfo_nrf.c.obj)
                0x0000000000008b80                z_impl_hwinfo_get_device_id
 .text.pinctrl_lookup_state
                0x0000000000008ba8       0x26 zephyr/drivers/pinctrl/libdrivers__pinctrl.a(common.c.obj)
                0x0000000000008ba8                pinctrl_lookup_state
 .text.uarte_nrfx_err_check
                0x0000000000008bce        0xe zephyr/drivers/serial/libdrivers__serial.a(uart_nrfx_uarte.c.obj)
 .text.uarte_nrfx_poll_in
                0x0000000000008bdc       0x26 zephyr/drivers/serial/libdrivers__serial.a(uart_nrfx_uarte.c.obj)
 .text.uarte_nrfx_fifo_read
                0x0000000000008c02       0x28 zephyr/drivers/serial/libdrivers__serial.a(uart_nrfx_uarte.c.obj)
 .text.uarte_nrfx_irq_tx_enable
                0x0000000000008c2a       0x34 zephyr/drivers/serial/libdrivers__serial.a(uart_nrfx_uarte.c.obj)
 .text.uarte_nrfx_irq_tx_disable
                0x0000000000008c5e       0x10 zephyr/drivers/serial/libdrivers__serial.a(uart_nrfx_uarte.c.obj)
 .text.uarte_nrfx_irq_tx_ready_complete
                0x0000000000008c6e       0x1e zephyr/drivers/serial/libdrivers__serial.a(uart_nrfx_uarte.c.obj)
 .text.uarte_nrfx_irq_rx_ready
                0x0000000000008c8c       0x10 zephyr/drivers/serial/libdrivers__serial.a(uart_nrfx_uarte.c.obj)
 .text.uarte_nrfx_irq_rx_enable
                0x0000000000008c9c        0xc zephyr/drivers/serial/libdrivers__serial.a(uart_nrfx_uarte.c.obj)
 .text.uarte_nrfx_irq_rx_disable
                0x0000000000008ca8        0xc zephyr/drivers/serial/libdrivers__serial.a(uart_nrfx_uarte.c.obj)
 .text.uarte_nrfx_irq_err_enable
                0x0000000000008cb4        0xe zephyr/drivers/serial/libdrivers__serial.a(uart_nrfx_uarte.c.obj)
 .text.uarte_nrfx_irq_err_disable
                0x0000000000008cc2        0xe zephyr/drivers/serial/libdrivers__serial.a(uart_nrfx_uarte.c.obj)
 .text.uarte_nrfx_irq_is_pending
                0x0000000000008cd0       0x36 zephyr/drivers/serial/libdrivers__serial.a(uart_nrfx_uarte.c.obj)
 .text.uarte_nrfx_irq_update
                0x0000000000008d06        0x4 zephyr/drivers/serial/libdrivers__serial.a(uart_nrfx_uarte.c.obj)
 .text.uarte_nrfx_irq_callback_set
                0x0000000000008d0a        0xc zephyr/drivers/serial/libdrivers__serial.a(uart_nrfx_uarte.c.obj)
 .text.is_tx_ready.isra.0
                0x0000000000008d16       0x20 zephyr/drivers/serial/libdrivers__serial.a(uart_nrfx_uarte.c.obj)
 .text.uarte_nrfx_isr_int
                0x0000000000008d36       0x88 zephyr/drivers/serial/libdrivers__serial.a(uart_nrfx_uarte.c.obj)
 .text.uarte_nrfx_fifo_fill
                0x0000000000008dbe       0x92 zephyr/drivers/serial/libdrivers__serial.a(uart_nrfx_uarte.c.obj)
 .text.event_clear
                0x0000000000008e50       0x18 zephyr/drivers/timer/libdrivers__timer.a(nrf_rtc_timer.c.obj)
 .text.nrfx_isr
                0x0000000000008e68        0x2 modules/hal_nordic/nrfx/libmodules__hal_nordic__nrfx.a(nrfx_glue.c.obj)
                0x0000000000008e68                nrfx_isr
 .text.nrfx_busy_wait
                0x0000000000008e6a        0x4 modules/hal_nordic/nrfx/libmodules__hal_nordic__nrfx.a(nrfx_glue.c.obj)
                0x0000000000008e6a                nrfx_busy_wait
 .text.nrfx_gppi_channel_endpoints_setup
                0x0000000000008e6e       0x14 modules/hal_nordic/nrfx/libmodules__hal_nordic__nrfx.a(nrfx_gppi_ppi.c.obj)
                0x0000000000008e6e                nrfx_gppi_channel_endpoints_setup
 .text.nrfx_gppi_channel_alloc
                0x0000000000008e82        0x4 modules/hal_nordic/nrfx/libmodules__hal_nordic__nrfx.a(nrfx_gppi_ppi.c.obj)
                0x0000000000008e82                nrfx_gppi_channel_alloc
 .text.nrfx_clock_stop
                0x0000000000008e86        0x4 modules/hal_nordic/nrfx/libmodules__hal_nordic__nrfx.a(nrfx_clock.c.obj)
                0x0000000000008e86                nrfx_clock_stop
 .text.nrf_gpio_reconfigure
                0x0000000000008e8a       0x92 modules/hal_nordic/nrfx/libmodules__hal_nordic__nrfx.a(nrfx_gpiote.c.obj)
 .text.nrf_gpio_cfg_sense_set
                0x0000000000008f1c       0x1e modules/hal_nordic/nrfx/libmodules__hal_nordic__nrfx.a(nrfx_gpiote.c.obj)
 .text.pin_trigger_disable
                0x0000000000008f3a       0x48 modules/hal_nordic/nrfx/libmodules__hal_nordic__nrfx.a(nrfx_gpiote.c.obj)
 .text.nrfx_gpiote_pin_uninit
                0x0000000000008f82        0x4 modules/hal_nordic/nrfx/libmodules__hal_nordic__nrfx.a(nrfx_gpiote.c.obj)
                0x0000000000008f82                nrfx_gpiote_pin_uninit
 .text.nrfx_gpiote_trigger_disable
                0x0000000000008f86        0x4 modules/hal_nordic/nrfx/libmodules__hal_nordic__nrfx.a(nrfx_gpiote.c.obj)
                0x0000000000008f86                nrfx_gpiote_trigger_disable
 .text.nrf_power_event_get_and_clear.constprop.0
                0x0000000000008f8a       0x18 modules/hal_nordic/nrfx/libmodules__hal_nordic__nrfx.a(nrfx_power.c.obj)
 .text.nrfx_power_usbevt_enable
                0x0000000000008fa2        0xe modules/hal_nordic/nrfx/libmodules__hal_nordic__nrfx.a(nrfx_power.c.obj)
                0x0000000000008fa2                nrfx_power_usbevt_enable
 .text.nrfx_power_usbevt_disable
                0x0000000000008fb0        0xe modules/hal_nordic/nrfx/libmodules__hal_nordic__nrfx.a(nrfx_power.c.obj)
                0x0000000000008fb0                nrfx_power_usbevt_disable
 .text.nrfx_power_clock_irq_handler
                0x0000000000008fbe        0xe modules/hal_nordic/nrfx/libmodules__hal_nordic__nrfx.a(nrfx_power.c.obj)
                0x0000000000008fbe                nrfx_power_clock_irq_handler
 .text.z_impl_k_busy_wait
                0x0000000000008fcc        0x8 zephyr/kernel/libkernel.a(busy_wait.c.obj)
                0x0000000000008fcc                z_impl_k_busy_wait
 .text.z_device_state_init
                0x0000000000008fd4        0x2 zephyr/kernel/libkernel.a(device.c.obj)
                0x0000000000008fd4                z_device_state_init
 .text.z_impl_device_is_ready
                0x0000000000008fd6       0x16 zephyr/kernel/libkernel.a(device.c.obj)
                0x0000000000008fd6                z_impl_device_is_ready
 .text.arch_system_halt
                0x0000000000008fec       0x10 zephyr/kernel/libkernel.a(fatal.c.obj)
                0x0000000000008fec                arch_system_halt
 .text.k_sys_fatal_error_handler
                0x0000000000008ffc        0x6 zephyr/kernel/libkernel.a(fatal.c.obj)
                0x0000000000008ffc                k_sys_fatal_error_handler
 .text.do_device_init
                0x0000000000009002       0x2e zephyr/kernel/libkernel.a(init.c.obj)
 .text.z_early_memset
                0x0000000000009030        0x4 zephyr/kernel/libkernel.a(init.c.obj)
                0x0000000000009030                z_early_memset
 .text.z_early_memcpy
                0x0000000000009034        0x4 zephyr/kernel/libkernel.a(init.c.obj)
                0x0000000000009034                z_early_memcpy
 .text.z_init_static
                0x0000000000009038        0x2 zephyr/kernel/libkernel.a(init_static.c.obj)
                0x0000000000009038                z_init_static
 .text.create_free_list
                0x000000000000903a       0x34 zephyr/kernel/libkernel.a(mem_slab.c.obj)
 .text.k_mem_slab_free
                0x000000000000906e       0x6e zephyr/kernel/libkernel.a(mem_slab.c.obj)
                0x000000000000906e                k_mem_slab_free
 .text.idle     0x00000000000090dc       0x16 zephyr/kernel/libkernel.a(idle.c.obj)
                0x00000000000090dc                idle
 .text.adjust_owner_prio.isra.0
                0x00000000000090f2       0x10 zephyr/kernel/libkernel.a(mutex.c.obj)
 .text.z_impl_k_mutex_init
                0x0000000000009102        0xe zephyr/kernel/libkernel.a(mutex.c.obj)
                0x0000000000009102                z_impl_k_mutex_init
 .text.unpend_thread_no_timeout
                0x0000000000009110       0x1a zephyr/kernel/libkernel.a(queue.c.obj)
 .text.queue_insert
                0x000000000000912a       0xd0 zephyr/kernel/libkernel.a(queue.c.obj)
 .text.z_queue_node_peek
                0x00000000000091fa       0x18 zephyr/kernel/libkernel.a(queue.c.obj)
                0x00000000000091fa                z_queue_node_peek
 .text.k_queue_append
                0x0000000000009212       0x16 zephyr/kernel/libkernel.a(queue.c.obj)
                0x0000000000009212                k_queue_append
 .text.z_impl_k_sem_init
                0x0000000000009228       0x18 zephyr/kernel/libkernel.a(sem.c.obj)
                0x0000000000009228                z_impl_k_sem_init
 .text.flag_test_and_clear
                0x0000000000009240       0x16 zephyr/kernel/libkernel.a(work.c.obj)
 .text.notify_queue_locked.isra.0
                0x0000000000009256        0xe zephyr/kernel/libkernel.a(work.c.obj)
 .text.work_timeout
                0x0000000000009264       0x3c zephyr/kernel/libkernel.a(work.c.obj)
 .text.k_work_init
                0x00000000000092a0       0x12 zephyr/kernel/libkernel.a(work.c.obj)
                0x00000000000092a0                k_work_init
 .text.z_work_submit_to_queue
                0x00000000000092b2       0x26 zephyr/kernel/libkernel.a(work.c.obj)
                0x00000000000092b2                z_work_submit_to_queue
 .text.k_work_submit_to_queue
                0x00000000000092d8       0x20 zephyr/kernel/libkernel.a(work.c.obj)
                0x00000000000092d8                k_work_submit_to_queue
 .text.k_work_init_delayable
                0x00000000000092f8       0x18 zephyr/kernel/libkernel.a(work.c.obj)
                0x00000000000092f8                k_work_init_delayable
 .text.k_is_in_isr
                0x0000000000009310        0xc zephyr/kernel/libkernel.a(thread.c.obj)
                0x0000000000009310                k_is_in_isr
 .text.z_impl_k_thread_name_set
                0x000000000000931c        0x6 zephyr/kernel/libkernel.a(thread.c.obj)
                0x000000000000931c                z_impl_k_thread_name_set
 .text.sys_dlist_remove
                0x0000000000009322       0x10 zephyr/kernel/libkernel.a(sched.c.obj)
 .text.unpend_thread_no_timeout
                0x0000000000009332       0x14 zephyr/kernel/libkernel.a(sched.c.obj)
 .text.add_to_waitq_locked
                0x0000000000009346       0x50 zephyr/kernel/libkernel.a(sched.c.obj)
 .text.z_ready_thread
                0x0000000000009396       0x1e zephyr/kernel/libkernel.a(sched.c.obj)
                0x0000000000009396                z_ready_thread
 .text.z_unpend_thread_no_timeout
                0x00000000000093b4       0x22 zephyr/kernel/libkernel.a(sched.c.obj)
                0x00000000000093b4                z_unpend_thread_no_timeout
 .text.z_sched_wake_thread
                0x00000000000093d6       0x3a zephyr/kernel/libkernel.a(sched.c.obj)
                0x00000000000093d6                z_sched_wake_thread
 .text.z_thread_timeout
                0x0000000000009410        0x8 zephyr/kernel/libkernel.a(sched.c.obj)
                0x0000000000009410                z_thread_timeout
 .text.z_unpend_thread
                0x0000000000009418       0x10 zephyr/kernel/libkernel.a(sched.c.obj)
                0x0000000000009418                z_unpend_thread
 .text.z_unpend_all
                0x0000000000009428       0x28 zephyr/kernel/libkernel.a(sched.c.obj)
                0x0000000000009428                z_unpend_all
 .text.z_impl_k_sleep
                0x0000000000009450       0x4e zephyr/kernel/libkernel.a(sched.c.obj)
                0x0000000000009450                z_impl_k_sleep
 .text.z_sched_wake
                0x000000000000949e       0x44 zephyr/kernel/libkernel.a(sched.c.obj)
                0x000000000000949e                z_sched_wake
 .text.next_timeout
                0x00000000000094e2       0x32 zephyr/kernel/libkernel.a(timeout.c.obj)
 .text.z_abort_timeout
                0x0000000000009514       0x42 zephyr/kernel/libkernel.a(timeout.c.obj)
                0x0000000000009514                z_abort_timeout
 .text.sys_clock_tick_get_32
                0x0000000000009556        0x8 zephyr/kernel/libkernel.a(timeout.c.obj)
                0x0000000000009556                sys_clock_tick_get_32
 .text.sys_timepoint_calc
                0x000000000000955e       0x48 zephyr/kernel/libkernel.a(timeout.c.obj)
                0x000000000000955e                sys_timepoint_calc
 .text.sys_timepoint_timeout
                0x00000000000095a6       0x42 zephyr/kernel/libkernel.a(timeout.c.obj)
                0x00000000000095a6                sys_timepoint_timeout
 .text.k_free   0x00000000000095e8        0xe zephyr/kernel/libkernel.a(mempool.c.obj)
                0x00000000000095e8                k_free
 .text.k_heap_init
                0x00000000000095f6       0x10 zephyr/kernel/libkernel.a(kheap.c.obj)
                0x00000000000095f6                k_heap_init
 .text.k_heap_aligned_alloc
                0x0000000000009606       0x82 zephyr/kernel/libkernel.a(kheap.c.obj)
                0x0000000000009606                k_heap_aligned_alloc
 .text.k_heap_free
                0x0000000000009688       0x38 zephyr/kernel/libkernel.a(kheap.c.obj)
                0x0000000000009688                k_heap_free
 .text.strnlen  0x00000000000096c0       0x18 /home/matt/Downloads/zephyr-sdk-0.16.4/arm-zephyr-eabi/bin/../lib/gcc/../../picolibc/arm-zephyr-eabi/lib/thumb/v7e-m/nofp/libc.a(libc_string_strnlen.c.o)
                0x00000000000096c0                strnlen
 .text.__ultoa_invert
                0x00000000000096d8       0xae /home/matt/Downloads/zephyr-sdk-0.16.4/arm-zephyr-eabi/bin/../lib/gcc/../../picolibc/arm-zephyr-eabi/lib/thumb/v7e-m/nofp/libc.a(libc_tinystdio_vflprintf.c.o)
 .text.memcpy   0x0000000000009786       0x1c /home/matt/Downloads/zephyr-sdk-0.16.4/arm-zephyr-eabi/bin/../lib/gcc/../../picolibc/arm-zephyr-eabi/lib/thumb/v7e-m/nofp/libc.a(memcpy.c.o)
                0x0000000000009786                memcpy
                0x0000000000009786                __aeabi_memcpy
                0x0000000000009786                __aeabi_memcpy4
                0x0000000000009786                __aeabi_memcpy8
 .text.memset   0x00000000000097a2       0x10 /home/matt/Downloads/zephyr-sdk-0.16.4/arm-zephyr-eabi/bin/../lib/gcc/../../picolibc/arm-zephyr-eabi/lib/thumb/v7e-m/nofp/libc.a(memset.c.o)
                0x00000000000097a2                memset
 *(SORT_BY_ALIGNMENT(.TEXT.*))
 *fill*         0x00000000000097b2        0x2 
 .TEXT.__aeabi_read_tp
                0x00000000000097b4        0xc zephyr/arch/arch/arm/core/cortex_m/libarch__arm__core__cortex_m.a(__aeabi_read_tp.S.obj)
                0x00000000000097b4                __aeabi_read_tp
 *(SORT_BY_ALIGNMENT(.gnu.linkonce.t.*))
 *(SORT_BY_ALIGNMENT(.glue_7t))
 .glue_7t       0x00000000000097c0        0x0 linker stubs
 *(SORT_BY_ALIGNMENT(.glue_7))
 .glue_7        0x00000000000097c0        0x0 linker stubs
 *(SORT_BY_ALIGNMENT(.vfp11_veneer))
 .vfp11_veneer  0x00000000000097c0        0x0 linker stubs
 *(SORT_BY_ALIGNMENT(.v4_bx))
 .v4_bx         0x00000000000097c0        0x0 linker stubs
                0x00000000000097c0                . = ALIGN (0x4)
                0x00000000000097c0                __text_region_end = .

.ARM.exidx      0x00000000000097c0        0x8
                0x00000000000097c0                __exidx_start = .
 *(SORT_BY_ALIGNMENT(.ARM.exidx*) SORT_BY_ALIGNMENT(gnu.linkonce.armexidx.*))
 .ARM.exidx     0x00000000000097c0        0x8 /home/matt/Downloads/zephyr-sdk-0.16.4/arm-zephyr-eabi/bin/../lib/gcc/../../picolibc/arm-zephyr-eabi/lib/thumb/v7e-m/nofp/libc.a(strlen.S.o)
 .ARM.exidx     0x00000000000097c8        0x0 /home/matt/Downloads/zephyr-sdk-0.16.4/arm-zephyr-eabi/bin/../lib/gcc/arm-zephyr-eabi/12.2.0/thumb/v7e-m/nofp/libgcc.a(_udivmoddi4.o)
                                          0x8 (size before relaxing)
                0x00000000000097c8                __exidx_end = .
                0x00000000000097c8                __rodata_region_start = .

initlevel       0x00000000000097c8       0x80
                0x00000000000097c8                __init_start = .
                0x00000000000097c8                __init_EARLY_start = .
 *(SORT_BY_NAME(SORT_BY_ALIGNMENT(.z_init_EARLY_P_?_*)))
 *(SORT_BY_NAME(SORT_BY_ALIGNMENT(.z_init_EARLY_P_??_*)))
 *(SORT_BY_NAME(SORT_BY_ALIGNMENT(.z_init_EARLY_P_???_*)))
                0x00000000000097c8                __init_PRE_KERNEL_1_start = .
 *(SORT_BY_NAME(SORT_BY_ALIGNMENT(.z_init_PRE_KERNEL_1_P_?_*)))
 .z_init_PRE_KERNEL_1_P_0_SUB_0_
                0x00000000000097c8        0x8 zephyr/soc/soc/nrf52840/libsoc__nordic.a(soc.c.obj)
 *(SORT_BY_NAME(SORT_BY_ALIGNMENT(.z_init_PRE_KERNEL_1_P_??_*)))
 .z_init_PRE_KERNEL_1_P_30_SUB_00055_
                0x00000000000097d0        0x8 zephyr/drivers/clock_control/libdrivers__clock_control.a(clock_control_nrf.c.obj)
 .z_init_PRE_KERNEL_1_P_30_SUB_0_
                0x00000000000097d8        0x8 zephyr/kernel/libkernel.a(mem_slab.c.obj)
 .z_init_PRE_KERNEL_1_P_30_SUB_0_
                0x00000000000097e0        0x8 zephyr/kernel/libkernel.a(kheap.c.obj)
 .z_init_PRE_KERNEL_1_P_40_SUB_00009_
                0x00000000000097e8        0x8 zephyr/drivers/gpio/libdrivers__gpio.a(gpio_nrfx.c.obj)
 .z_init_PRE_KERNEL_1_P_40_SUB_00015_
                0x00000000000097f0        0x8 zephyr/drivers/gpio/libdrivers__gpio.a(gpio_nrfx.c.obj)
 .z_init_PRE_KERNEL_1_P_40_SUB_0_
                0x00000000000097f8        0x8 zephyr/boards/nordic/nrf52840dongle/libboards__nordic__nrf52840dongle.a(board.c.obj)
 .z_init_PRE_KERNEL_1_P_50_SUB_00093_
                0x0000000000009800        0x8 zephyr/drivers/serial/libdrivers__serial.a(uart_nrfx_uarte.c.obj)
 .z_init_PRE_KERNEL_1_P_50_SUB_00113_
                0x0000000000009808        0x8 zephyr/libzephyr.a(cdc_acm.c.obj)
 .z_init_PRE_KERNEL_1_P_60_SUB_0_
                0x0000000000009810        0x8 zephyr/drivers/console/libdrivers__console.a(uart_console.c.obj)
 *(SORT_BY_NAME(SORT_BY_ALIGNMENT(.z_init_PRE_KERNEL_1_P_???_*)))
                0x0000000000009818                __init_PRE_KERNEL_2_start = .
 *(SORT_BY_NAME(SORT_BY_ALIGNMENT(.z_init_PRE_KERNEL_2_P_?_*)))
 .z_init_PRE_KERNEL_2_P_0_SUB_0_
                0x0000000000009818        0x8 zephyr/drivers/timer/libdrivers__timer.a(nrf_rtc_timer.c.obj)
 *(SORT_BY_NAME(SORT_BY_ALIGNMENT(.z_init_PRE_KERNEL_2_P_??_*)))
 *(SORT_BY_NAME(SORT_BY_ALIGNMENT(.z_init_PRE_KERNEL_2_P_???_*)))
                0x0000000000009820                __init_POST_KERNEL_start = .
 *(SORT_BY_NAME(SORT_BY_ALIGNMENT(.z_init_POST_KERNEL_P_?_*)))
 *(SORT_BY_NAME(SORT_BY_ALIGNMENT(.z_init_POST_KERNEL_P_??_*)))
 .z_init_POST_KERNEL_P_35_SUB_0_
                0x0000000000009820        0x8 zephyr/lib/libc/common/liblib__libc__common.a(malloc.c.obj)
 .z_init_POST_KERNEL_P_40_SUB_0_
                0x0000000000009828        0x8 zephyr/libzephyr.a(usb_work_q.c.obj)
 .z_init_POST_KERNEL_P_40_SUB_0_
                0x0000000000009830        0x8 zephyr/kernel/libkernel.a(system_work_q.c.obj)
 .z_init_POST_KERNEL_P_50_SUB_0_
                0x0000000000009838        0x8 zephyr/drivers/usb/device/libdrivers__usb__device.a(usb_dc_nrfx.c.obj)
 .z_init_POST_KERNEL_P_90_SUB_0_
                0x0000000000009840        0x8 zephyr/libzephyr.a(usb_device.c.obj)
 *(SORT_BY_NAME(SORT_BY_ALIGNMENT(.z_init_POST_KERNEL_P_???_*)))
                0x0000000000009848                __init_APPLICATION_start = .
 *(SORT_BY_NAME(SORT_BY_ALIGNMENT(.z_init_APPLICATION_P_?_*)))
 *(SORT_BY_NAME(SORT_BY_ALIGNMENT(.z_init_APPLICATION_P_??_*)))
 *(SORT_BY_NAME(SORT_BY_ALIGNMENT(.z_init_APPLICATION_P_???_*)))
                0x0000000000009848                __init_SMP_start = .
 *(SORT_BY_NAME(SORT_BY_ALIGNMENT(.z_init_SMP_P_?_*)))
 *(SORT_BY_NAME(SORT_BY_ALIGNMENT(.z_init_SMP_P_??_*)))
 *(SORT_BY_NAME(SORT_BY_ALIGNMENT(.z_init_SMP_P_???_*)))
                0x0000000000009848                __init_end = .

device_area     0x0000000000009848       0xa0
                0x0000000000009848                _device_list_start = .
 *(SORT_BY_NAME(SORT_BY_ALIGNMENT(._device.static.*_?_*)))
 *(SORT_BY_NAME(SORT_BY_ALIGNMENT(._device.static.*_??_*)))
 ._device.static.1_30_
                0x0000000000009848       0x20 zephyr/drivers/clock_control/libdrivers__clock_control.a(clock_control_nrf.c.obj)
                0x0000000000009848                __device_dts_ord_55
 ._device.static.1_40_
                0x0000000000009868       0x40 zephyr/drivers/gpio/libdrivers__gpio.a(gpio_nrfx.c.obj)
                0x0000000000009868                __device_dts_ord_9
                0x0000000000009888                __device_dts_ord_15
 ._device.static.1_50_
                0x00000000000098a8       0x20 zephyr/libzephyr.a(cdc_acm.c.obj)
                0x00000000000098a8                __device_dts_ord_113
 ._device.static.1_50_
                0x00000000000098c8       0x20 zephyr/drivers/serial/libdrivers__serial.a(uart_nrfx_uarte.c.obj)
                0x00000000000098c8                __device_dts_ord_93
 *(SORT_BY_NAME(SORT_BY_ALIGNMENT(._device.static.*_???_*)))
 *(SORT_BY_NAME(SORT_BY_ALIGNMENT(._device.static.*_????_*)))
 *(SORT_BY_NAME(SORT_BY_ALIGNMENT(._device.static.*_?????_*)))
                0x00000000000098e8                _device_list_end = .

sw_isr_table    0x00000000000098e8      0x180
                0x00000000000098e8                . = ALIGN (0x4)
 *(SORT_BY_ALIGNMENT(.gnu.linkonce.sw_isr_table*))
 .gnu.linkonce.sw_isr_table
                0x00000000000098e8      0x180 zephyr/arch/common/libisr_tables.a(isr_tables.c.obj)
                0x00000000000098e8                _sw_isr_table

initlevel_error
                0x00000000000097c8        0x0
 *(SORT_BY_NAME(SORT_BY_ALIGNMENT(.z_init_*)))
                0x0000000000000001                ASSERT ((SIZEOF (initlevel_error) == 0x0), Undefined initialization levels used.)

app_shmem_regions
                0x0000000000009a68        0x0
                0x0000000000009a68                __app_shmem_regions_start = .
 *(SORT_BY_NAME(SORT_BY_ALIGNMENT(.app_regions.*)))
                0x0000000000009a68                __app_shmem_regions_end = .

k_p4wq_initparam_area
                0x0000000000009a68        0x0
                0x0000000000009a68                _k_p4wq_initparam_list_start = .
 *(SORT_BY_NAME(SORT_BY_ALIGNMENT(._k_p4wq_initparam.static.*)))
                0x0000000000009a68                _k_p4wq_initparam_list_end = .

_static_thread_data_area
                0x0000000000009a68        0x0
                0x0000000000009a68                __static_thread_data_list_start = .
 *(SORT_BY_NAME(SORT_BY_ALIGNMENT(.__static_thread_data.static.*)))
                0x0000000000009a68                __static_thread_data_list_end = .

device_deps     0x0000000000009a68        0x0
                0x0000000000009a68                __device_deps_start = .
 *(SORT_BY_NAME(SORT_BY_ALIGNMENT(.__device_deps_pass2*)))
                0x0000000000009a68                __device_deps_end = .

gpio_driver_api_area
                0x0000000000009a68       0x24
                0x0000000000009a68                _gpio_driver_api_list_start = .
 *(SORT_BY_NAME(SORT_BY_ALIGNMENT(._gpio_driver_api.static.*)))
 ._gpio_driver_api.static.gpio_nrfx_drv_api_funcs_
                0x0000000000009a68       0x24 zephyr/drivers/gpio/libdrivers__gpio.a(gpio_nrfx.c.obj)
                0x0000000000009a8c                _gpio_driver_api_list_end = .

shared_irq_driver_api_area
                0x0000000000009a8c        0x0
                0x0000000000009a8c                _shared_irq_driver_api_list_start = .
 *(SORT_BY_NAME(SORT_BY_ALIGNMENT(._shared_irq_driver_api.static.*)))
                0x0000000000009a8c                _shared_irq_driver_api_list_end = .

crypto_driver_api_area
                0x0000000000009a8c        0x0
                0x0000000000009a8c                _crypto_driver_api_list_start = .
 *(SORT_BY_NAME(SORT_BY_ALIGNMENT(._crypto_driver_api.static.*)))
                0x0000000000009a8c                _crypto_driver_api_list_end = .

adc_driver_api_area
                0x0000000000009a8c        0x0
                0x0000000000009a8c                _adc_driver_api_list_start = .
 *(SORT_BY_NAME(SORT_BY_ALIGNMENT(._adc_driver_api.static.*)))
                0x0000000000009a8c                _adc_driver_api_list_end = .

auxdisplay_driver_api_area
                0x0000000000009a8c        0x0
                0x0000000000009a8c                _auxdisplay_driver_api_list_start = .
 *(SORT_BY_NAME(SORT_BY_ALIGNMENT(._auxdisplay_driver_api.static.*)))
                0x0000000000009a8c                _auxdisplay_driver_api_list_end = .

bbram_driver_api_area
                0x0000000000009a8c        0x0
                0x0000000000009a8c                _bbram_driver_api_list_start = .
 *(SORT_BY_NAME(SORT_BY_ALIGNMENT(._bbram_driver_api.static.*)))
                0x0000000000009a8c                _bbram_driver_api_list_end = .

bt_hci_driver_api_area
                0x0000000000009a8c        0x0
                0x0000000000009a8c                _bt_hci_driver_api_list_start = .
 *(SORT_BY_NAME(SORT_BY_ALIGNMENT(._bt_hci_driver_api.static.*)))
                0x0000000000009a8c                _bt_hci_driver_api_list_end = .

can_driver_api_area
                0x0000000000009a8c        0x0
                0x0000000000009a8c                _can_driver_api_list_start = .
 *(SORT_BY_NAME(SORT_BY_ALIGNMENT(._can_driver_api.static.*)))
                0x0000000000009a8c                _can_driver_api_list_end = .

cellular_driver_api_area
                0x0000000000009a8c        0x0
                0x0000000000009a8c                _cellular_driver_api_list_start = .
 *(SORT_BY_NAME(SORT_BY_ALIGNMENT(._cellular_driver_api.static.*)))
                0x0000000000009a8c                _cellular_driver_api_list_end = .

charger_driver_api_area
                0x0000000000009a8c        0x0
                0x0000000000009a8c                _charger_driver_api_list_start = .
 *(SORT_BY_NAME(SORT_BY_ALIGNMENT(._charger_driver_api.static.*)))
                0x0000000000009a8c                _charger_driver_api_list_end = .

clock_control_driver_api_area
                0x0000000000009a8c       0x1c
                0x0000000000009a8c                _clock_control_driver_api_list_start = .
 *(SORT_BY_NAME(SORT_BY_ALIGNMENT(._clock_control_driver_api.static.*)))
 ._clock_control_driver_api.static.clock_control_api_
                0x0000000000009a8c       0x1c zephyr/drivers/clock_control/libdrivers__clock_control.a(clock_control_nrf.c.obj)
                0x0000000000009aa8                _clock_control_driver_api_list_end = .

comparator_driver_api_area
                0x0000000000009aa8        0x0
                0x0000000000009aa8                _comparator_driver_api_list_start = .
 *(SORT_BY_NAME(SORT_BY_ALIGNMENT(._comparator_driver_api.static.*)))
                0x0000000000009aa8                _comparator_driver_api_list_end = .

coredump_driver_api_area
                0x0000000000009aa8        0x0
                0x0000000000009aa8                _coredump_driver_api_list_start = .
 *(SORT_BY_NAME(SORT_BY_ALIGNMENT(._coredump_driver_api.static.*)))
                0x0000000000009aa8                _coredump_driver_api_list_end = .

counter_driver_api_area
                0x0000000000009aa8        0x0
                0x0000000000009aa8                _counter_driver_api_list_start = .
 *(SORT_BY_NAME(SORT_BY_ALIGNMENT(._counter_driver_api.static.*)))
                0x0000000000009aa8                _counter_driver_api_list_end = .

dac_driver_api_area
                0x0000000000009aa8        0x0
                0x0000000000009aa8                _dac_driver_api_list_start = .
 *(SORT_BY_NAME(SORT_BY_ALIGNMENT(._dac_driver_api.static.*)))
                0x0000000000009aa8                _dac_driver_api_list_end = .

dai_driver_api_area
                0x0000000000009aa8        0x0
                0x0000000000009aa8                _dai_driver_api_list_start = .
 *(SORT_BY_NAME(SORT_BY_ALIGNMENT(._dai_driver_api.static.*)))
                0x0000000000009aa8                _dai_driver_api_list_end = .

display_driver_api_area
                0x0000000000009aa8        0x0
                0x0000000000009aa8                _display_driver_api_list_start = .
 *(SORT_BY_NAME(SORT_BY_ALIGNMENT(._display_driver_api.static.*)))
                0x0000000000009aa8                _display_driver_api_list_end = .

dma_driver_api_area
                0x0000000000009aa8        0x0
                0x0000000000009aa8                _dma_driver_api_list_start = .
 *(SORT_BY_NAME(SORT_BY_ALIGNMENT(._dma_driver_api.static.*)))
                0x0000000000009aa8                _dma_driver_api_list_end = .

edac_driver_api_area
                0x0000000000009aa8        0x0
                0x0000000000009aa8                _edac_driver_api_list_start = .
 *(SORT_BY_NAME(SORT_BY_ALIGNMENT(._edac_driver_api.static.*)))
                0x0000000000009aa8                _edac_driver_api_list_end = .

eeprom_driver_api_area
                0x0000000000009aa8        0x0
                0x0000000000009aa8                _eeprom_driver_api_list_start = .
 *(SORT_BY_NAME(SORT_BY_ALIGNMENT(._eeprom_driver_api.static.*)))
                0x0000000000009aa8                _eeprom_driver_api_list_end = .

emul_bbram_driver_api_area
                0x0000000000009aa8        0x0
                0x0000000000009aa8                _emul_bbram_driver_api_list_start = .