Archive member included to satisfy reference by file (symbol)

app/libapp.a(main.c.obj)      (--whole-archive)
zephyr/libzephyr.a(heap.c.obj)
                              (--whole-archive)
zephyr/libzephyr.a(cbprintf_packaged.c.obj)
                              (--whole-archive)
zephyr/libzephyr.a(printk.c.obj)
                              (--whole-archive)
zephyr/libzephyr.a(sem.c.obj)
                              (--whole-archive)
zephyr/libzephyr.a(thread_entry.c.obj)
                              (--whole-archive)
zephyr/libzephyr.a(cbprintf_complete.c.obj)
                              (--whole-archive)
zephyr/libzephyr.a(assert.c.obj)
                              (--whole-archive)
zephyr/libzephyr.a(dec.c.obj)
                              (--whole-archive)
zephyr/libzephyr.a(hex.c.obj)
                              (--whole-archive)
zephyr/libzephyr.a(rb.c.obj)  (--whole-archive)
zephyr/libzephyr.a(timeutil.c.obj)
                              (--whole-archive)
zephyr/libzephyr.a(bitarray.c.obj)
                              (--whole-archive)
zephyr/libzephyr.a(onoff.c.obj)
                              (--whole-archive)
zephyr/libzephyr.a(notify.c.obj)
                              (--whole-archive)
zephyr/libzephyr.a(ring_buffer.c.obj)
                              (--whole-archive)
zephyr/libzephyr.a(configs.c.obj)
                              (--whole-archive)
zephyr/libzephyr.a(mem_attr.c.obj)
                              (--whole-archive)
zephyr/libzephyr.a(tracing_none.c.obj)
                              (--whole-archive)
zephyr/libzephyr.a(usb_device.c.obj)
                              (--whole-archive)
zephyr/libzephyr.a(usb_descriptor.c.obj)
                              (--whole-archive)
zephyr/libzephyr.a(usb_transfer.c.obj)
                              (--whole-archive)
zephyr/libzephyr.a(cdc_acm.c.obj)
                              (--whole-archive)
zephyr/libzephyr.a(usb_work_q.c.obj)
                              (--whole-archive)
zephyr/arch/common/libarch__common.a(sw_isr_common.c.obj)
                              (--whole-archive)
zephyr/arch/arch/arm/core/libarch__arm__core.a(fatal.c.obj)
                              (--whole-archive)
zephyr/arch/arch/arm/core/libarch__arm__core.a(nmi.c.obj)
                              (--whole-archive)
zephyr/arch/arch/arm/core/libarch__arm__core.a(nmi_on_reset.S.obj)
                              (--whole-archive)
zephyr/arch/arch/arm/core/libarch__arm__core.a(tls.c.obj)
                              (--whole-archive)
zephyr/arch/arch/arm/core/cortex_m/libarch__arm__core__cortex_m.a(exc_exit.c.obj)
                              (--whole-archive)
zephyr/arch/arch/arm/core/cortex_m/libarch__arm__core__cortex_m.a(fault.c.obj)
                              (--whole-archive)
zephyr/arch/arch/arm/core/cortex_m/libarch__arm__core__cortex_m.a(fault_s.S.obj)
                              (--whole-archive)
zephyr/arch/arch/arm/core/cortex_m/libarch__arm__core__cortex_m.a(fpu.c.obj)
                              (--whole-archive)
zephyr/arch/arch/arm/core/cortex_m/libarch__arm__core__cortex_m.a(reset.S.obj)
                              (--whole-archive)
zephyr/arch/arch/arm/core/cortex_m/libarch__arm__core__cortex_m.a(scb.c.obj)
                              (--whole-archive)
zephyr/arch/arch/arm/core/cortex_m/libarch__arm__core__cortex_m.a(thread_abort.c.obj)
                              (--whole-archive)
zephyr/arch/arch/arm/core/cortex_m/libarch__arm__core__cortex_m.a(vector_table.S.obj)
                              (--whole-archive)
zephyr/arch/arch/arm/core/cortex_m/libarch__arm__core__cortex_m.a(swap_helper.S.obj)
                              (--whole-archive)
zephyr/arch/arch/arm/core/cortex_m/libarch__arm__core__cortex_m.a(irq_manage.c.obj)
                              (--whole-archive)
zephyr/arch/arch/arm/core/cortex_m/libarch__arm__core__cortex_m.a(prep_c.c.obj)
                              (--whole-archive)
zephyr/arch/arch/arm/core/cortex_m/libarch__arm__core__cortex_m.a(thread.c.obj)
                              (--whole-archive)
zephyr/arch/arch/arm/core/cortex_m/libarch__arm__core__cortex_m.a(cpu_idle.c.obj)
                              (--whole-archive)
zephyr/arch/arch/arm/core/cortex_m/libarch__arm__core__cortex_m.a(irq_init.c.obj)
                              (--whole-archive)
zephyr/arch/arch/arm/core/cortex_m/libarch__arm__core__cortex_m.a(isr_wrapper.c.obj)
                              (--whole-archive)
zephyr/arch/arch/arm/core/cortex_m/libarch__arm__core__cortex_m.a(__aeabi_read_tp.S.obj)
                              (--whole-archive)
zephyr/arch/arch/arm/core/mpu/libarch__arm__core__mpu.a(arm_core_mpu.c.obj)
                              (--whole-archive)
zephyr/arch/arch/arm/core/mpu/libarch__arm__core__mpu.a(arm_mpu.c.obj)
                              (--whole-archive)
zephyr/arch/arch/arm/core/mpu/libarch__arm__core__mpu.a(arm_mpu_regions.c.obj)
                              (--whole-archive)
[...]
Memory Configuration

Name             Origin             Length             Attributes
FLASH            0x0000000000001000 0x00000000000ff000 xr
RAM              0x0000000020000000 0x0000000000040000 xw
IDT_LIST         0x00000000ffff7fff 0x0000000000008000 xw
*default*        0x0000000000000000 0xffffffffffffffff

Linker script and memory map

                0x0000000000019ae4                vfprintf = __l_vfprintf
                0x0000000000000000                vfscanf = __l_vfscanf
LOAD zephyr/CMakeFiles/zephyr_final.dir/misc/empty_file.c.obj
LOAD zephyr/CMakeFiles/zephyr_final.dir/isr_tables.c.obj
LOAD zephyr/CMakeFiles/offsets.dir/./arch/arm/core/offsets/offsets.c.obj
LOAD app/libapp.a
LOAD zephyr/libzephyr.a
LOAD zephyr/arch/common/libarch__common.a
LOAD zephyr/arch/arch/arm/core/libarch__arm__core.a
LOAD zephyr/arch/arch/arm/core/cortex_m/libarch__arm__core__cortex_m.a
LOAD zephyr/arch/arch/arm/core/mpu/libarch__arm__core__mpu.a
LOAD zephyr/lib/libc/picolibc/liblib__libc__picolibc.a
LOAD zephyr/lib/libc/common/liblib__libc__common.a
LOAD zephyr/lib/net_buf/liblib__net_buf.a
LOAD zephyr/soc/soc/nrf52840/libsoc__nordic.a
LOAD zephyr/boards/nordic/nrf52840dongle/libboards__nordic__nrf52840dongle.a
LOAD zephyr/subsys/random/libsubsys__random.a
LOAD zephyr/subsys/bluetooth/common/libsubsys__bluetooth__common.a
LOAD zephyr/subsys/bluetooth/host/libsubsys__bluetooth__host.a
LOAD zephyr/subsys/bluetooth/controller/libsubsys__bluetooth__controller.a
LOAD zephyr/subsys/bluetooth/controller/ll_sw/nordic/libsubsys__bluetooth__controller__ll_sw__nordic.a
LOAD zephyr/drivers/usb/device/libdrivers__usb__device.a
LOAD zephyr/drivers/usb/common/nrf_usbd_common/libdrivers__usb__common__nrf_usbd_common.a
LOAD zephyr/drivers/clock_control/libdrivers__clock_control.a
LOAD zephyr/drivers/console/libdrivers__console.a
LOAD zephyr/drivers/entropy/libdrivers__entropy.a
LOAD zephyr/drivers/gpio/libdrivers__gpio.a
LOAD zephyr/drivers/hwinfo/libdrivers__hwinfo.a
LOAD zephyr/drivers/pinctrl/libdrivers__pinctrl.a
LOAD zephyr/drivers/serial/libdrivers__serial.a
LOAD zephyr/drivers/timer/libdrivers__timer.a
LOAD modules/hal_nordic/nrfx/libmodules__hal_nordic__nrfx.a
LOAD zephyr/kernel/libkernel.a
LOAD zephyr/arch/common/libisr_tables.a
LOAD /home/matt/Downloads/zephyr-sdk-0.16.4/arm-zephyr-eabi/bin/../lib/gcc/../../picolibc/arm-zephyr-eabi/lib/thumb/v7e-m/nofp/libc.a
LOAD /home/matt/Downloads/zephyr-sdk-0.16.4/arm-zephyr-eabi/bin/../lib/gcc/arm-zephyr-eabi/12.2.0/thumb/v7e-m/nofp/libgcc.a
                0x0000000000000020                _region_min_align = 0x20

.rel.plt        0x0000000000001000        0x0
 *(SORT_BY_ALIGNMENT(.rel.plt))
                [!provide]                        PROVIDE (__rel_iplt_start = .)
 *(SORT_BY_ALIGNMENT(.rel.iplt))
 .rel.iplt      0x0000000000001000        0x0 zephyr/CMakeFiles/zephyr_final.dir/isr_tables.c.obj
                [!provide]                        PROVIDE (__rel_iplt_end = .)

.rela.plt       0x0000000000000000        0x0
 *(SORT_BY_ALIGNMENT(.rela.plt))
                [!provide]                        PROVIDE (__rela_iplt_start = .)
 *(SORT_BY_ALIGNMENT(.rela.iplt))
                [!provide]                        PROVIDE (__rela_iplt_end = .)

.rel.dyn
 *(SORT_BY_ALIGNMENT(.rel.*))

.rela.dyn
 *(SORT_BY_ALIGNMENT(.rela.*))

/DISCARD/
 *(SORT_BY_ALIGNMENT(.plt))

/DISCARD/
 *(SORT_BY_ALIGNMENT(.iplt))
                0x0000000000001000                __rom_region_start = 0x1000

rom_start       0x0000000000001000      0x100
                0x0000000000001000                __rom_start_address = .
 FILL mask 0x00
                0x0000000000001000                . = (. + (0x0 - (. - __rom_start_address)))
                0x0000000000001000                . = ALIGN (0x4)
                0x0000000000001000                . = ALIGN (0x80)
                0x0000000000001000                . = ALIGN (0x100)
                0x0000000000001000                _vector_start = .
 *(SORT_BY_ALIGNMENT(.exc_vector_table))
 *(SORT_BY_ALIGNMENT(.exc_vector_table.*))
 .exc_vector_table._vector_table_section
                0x0000000000001000       0x40 zephyr/arch/arch/arm/core/cortex_m/libarch__arm__core__cortex_m.a(vector_table.S.obj)
                0x0000000000001000                _vector_table
 *(SORT_BY_ALIGNMENT(.vectors))
                0x0000000000001100                _vector_end = .
                0x0000000000001040                . = ALIGN (0x4)
 *(SORT_BY_ALIGNMENT(.gnu.linkonce.irq_vector_table*))
 .gnu.linkonce.irq_vector_table
                0x0000000000001040       0xc0 zephyr/CMakeFiles/zephyr_final.dir/isr_tables.c.obj
                0x0000000000001040                _irq_vector_table
                0x0000000000001100                _vector_end = .

text            0x0000000000001100    0x1c8b8
                0x0000000000001100                __text_region_start = .
 *(SORT_BY_ALIGNMENT(.text))
 .text          0x0000000000001100       0x30 /home/matt/Downloads/zephyr-sdk-0.16.4/arm-zephyr-eabi/bin/../lib/gcc/arm-zephyr-eabi/12.2.0/thumb/v7e-m/nofp/libgcc.a(_aeabi_uldivmod.o)
                0x0000000000001100                __aeabi_uldivmod
 .text          0x0000000000001130        0x4 /home/matt/Downloads/zephyr-sdk-0.16.4/arm-zephyr-eabi/bin/../lib/gcc/arm-zephyr-eabi/12.2.0/thumb/v7e-m/nofp/libgcc.a(_dvmd_tls.o)
                0x0000000000001130                __aeabi_ldiv0
                0x0000000000001130                __aeabi_idiv0
 .text          0x0000000000001134       0x10 /home/matt/Downloads/zephyr-sdk-0.16.4/arm-zephyr-eabi/bin/../lib/gcc/../../picolibc/arm-zephyr-eabi/lib/thumb/v7e-m/nofp/libc.a(strcpy.S.o)
                0x0000000000001134                strcpy
 .text          0x0000000000001144       0x10 /home/matt/Downloads/zephyr-sdk-0.16.4/arm-zephyr-eabi/bin/../lib/gcc/../../picolibc/arm-zephyr-eabi/lib/thumb/v7e-m/nofp/libc.a(strlen.S.o)
                0x0000000000001144                strlen
 .text          0x0000000000001154      0x2a0 /home/matt/Downloads/zephyr-sdk-0.16.4/arm-zephyr-eabi/bin/../lib/gcc/arm-zephyr-eabi/12.2.0/thumb/v7e-m/nofp/libgcc.a(_udivmoddi4.o)
                0x0000000000001154                __udivmoddi4
 *(SORT_BY_ALIGNMENT(.text.*))
 *fill*         0x00000000000013f4        0x4 
 .text.ull_drift_ticks_get
                0x00000000000013f8       0x90 zephyr/subsys/bluetooth/controller/libsubsys__bluetooth__controller.a(ull.c.obj)
                0x00000000000013f8                ull_drift_ticks_get
 .text.ll_adv_enable
                0x0000000000001488      0x340 zephyr/subsys/bluetooth/controller/libsubsys__bluetooth__controller.a(ull_adv.c.obj)
                0x0000000000001488                ll_adv_enable
 .text.ull_adv_time_update
                0x00000000000017c8       0xbc zephyr/subsys/bluetooth/controller/libsubsys__bluetooth__controller.a(ull_adv.c.obj)
                0x00000000000017c8                ull_adv_time_update
 *fill*         0x0000000000001884        0x4 
 .text.ull_conn_update_ticker.constprop.0
                0x0000000000001888      0x134 zephyr/subsys/bluetooth/controller/libsubsys__bluetooth__controller.a(ull_conn.c.obj)
 *fill*         0x00000000000019bc        0x4 
 .text.ull_conn_done
                0x00000000000019c0      0x410 zephyr/subsys/bluetooth/controller/libsubsys__bluetooth__controller.a(ull_conn.c.obj)
                0x00000000000019c0                ull_conn_done
 .text.ull_conn_update_parameters
                0x0000000000001dd0      0x2d8 zephyr/subsys/bluetooth/controller/libsubsys__bluetooth__controller.a(ull_conn.c.obj)
                0x0000000000001dd0                ull_conn_update_parameters
 .text.ull_periph_setup
                0x00000000000020a8      0x440 zephyr/subsys/bluetooth/controller/libsubsys__bluetooth__controller.a(ull_peripheral.c.obj)
                0x00000000000020a8                ull_periph_setup
 .text.prepare_cb
                0x00000000000024e8      0x14c zephyr/subsys/bluetooth/controller/ll_sw/nordic/libsubsys__bluetooth__controller__ll_sw__nordic.a(lll_adv.c.obj)
 *fill*         0x0000000000002634        0x4 
 .text.prepare_cb
                0x0000000000002638      0x260 zephyr/subsys/bluetooth/controller/ll_sw/nordic/libsubsys__bluetooth__controller__ll_sw__nordic.a(lll_peripheral.c.obj)
 .text.disconnected
                0x0000000000002898        0xc app/libapp.a(main.c.obj)
 .text.connected
                0x00000000000028a4       0x14 app/libapp.a(main.c.obj)
 .text.main     0x00000000000028b8       0x8c app/libapp.a(main.c.obj)
                0x00000000000028b8                main
 .text.char_out
                0x0000000000002944        0xc zephyr/libzephyr.a(printk.c.obj)
 .text.__printk_hook_install
                0x0000000000002950        0xc zephyr/libzephyr.a(printk.c.obj)
                0x0000000000002950                __printk_hook_install
 .text.vprintk  0x000000000000295c       0x30 zephyr/libzephyr.a(printk.c.obj)
                0x000000000000295c                vprintk
 .text.z_thread_entry
                0x000000000000298c       0x34 zephyr/libzephyr.a(thread_entry.c.obj)
                0x000000000000298c                z_thread_entry
 .text.process_event
                0x00000000000029c0      0x21c zephyr/libzephyr.a(onoff.c.obj)
 .text.mem_attr_get_regions
                0x0000000000002bdc        0xc zephyr/libzephyr.a(mem_attr.c.obj)
                0x0000000000002bdc                mem_attr_get_regions
 .text.class_handler
                0x0000000000002be8       0x40 zephyr/libzephyr.a(usb_device.c.obj)
 .text.custom_handler
                0x0000000000002c28       0x60 zephyr/libzephyr.a(usb_device.c.obj)
 .text.vendor_handler
                0x0000000000002c88       0x3c zephyr/libzephyr.a(usb_device.c.obj)
 .text.disable_endpoint
                0x0000000000002cc4       0x2c zephyr/libzephyr.a(usb_device.c.obj)
 .text.usb_reset_alt_setting
                0x0000000000002cf0       0x10 zephyr/libzephyr.a(usb_device.c.obj)
 .text.is_ep_valid.part.0
                0x0000000000002d00       0x38 zephyr/libzephyr.a(usb_device.c.obj)
 .text.usb_handle_request.constprop.0
                0x0000000000002d38       0x2c zephyr/libzephyr.a(usb_device.c.obj)
 .text.forward_status_cb
                0x0000000000002d64       0xac zephyr/libzephyr.a(usb_device.c.obj)
 .text.usb_halt_endpoint_req.isra.0
                0x0000000000002e10       0x50 zephyr/libzephyr.a(usb_device.c.obj)
 .text.set_endpoint
                0x0000000000002e60       0x84 zephyr/libzephyr.a(usb_device.c.obj)
 .text.usb_handle_standard_request
                0x0000000000002ee4      0x29c zephyr/libzephyr.a(usb_device.c.obj)
 .text.usb_data_to_host
                0x0000000000003180       0x60 zephyr/libzephyr.a(usb_device.c.obj)
 .text.usb_handle_control_transfer
                0x00000000000031e0       0xdc zephyr/libzephyr.a(usb_device.c.obj)
 .text.usb_set_config
                0x00000000000032bc       0x2c zephyr/libzephyr.a(usb_device.c.obj)
                0x00000000000032bc                usb_set_config
 .text.usb_enable
                0x00000000000032e8      0x13c zephyr/libzephyr.a(usb_device.c.obj)
                0x00000000000032e8                usb_enable
 .text.usb_update_sn_string_descriptor
                0x0000000000003424       0x88 zephyr/libzephyr.a(usb_descriptor.c.obj)
                0x0000000000003424                usb_update_sn_string_descriptor
 .text.usb_get_device_descriptor
                0x00000000000034ac      0x1e4 zephyr/libzephyr.a(usb_descriptor.c.obj)
                0x00000000000034ac                usb_get_device_descriptor
 .text.usb_ep_get_transfer
                0x0000000000003690       0x2c zephyr/libzephyr.a(usb_transfer.c.obj)
 .text.usb_transfer_work
                0x00000000000036bc      0x100 zephyr/libzephyr.a(usb_transfer.c.obj)
 .text.usb_transfer_ep_callback
                0x00000000000037bc       0x5c zephyr/libzephyr.a(usb_transfer.c.obj)
                0x00000000000037bc                usb_transfer_ep_callback
 .text.usb_transfer
                0x0000000000003818       0xe4 zephyr/libzephyr.a(usb_transfer.c.obj)
                0x0000000000003818                usb_transfer
 .text.usb_cancel_transfer
                0x00000000000038fc       0x3c zephyr/libzephyr.a(usb_transfer.c.obj)
                0x00000000000038fc                usb_cancel_transfer
 .text.usb_cancel_transfers
                0x0000000000003938       0x44 zephyr/libzephyr.a(usb_transfer.c.obj)
                0x0000000000003938                usb_cancel_transfers
 .text.usb_transfer_init
                0x000000000000397c       0x34 zephyr/libzephyr.a(usb_transfer.c.obj)
                0x000000000000397c                usb_transfer_init
 .text.cdc_acm_irq_rx_enable
                0x00000000000039b0       0x20 zephyr/libzephyr.a(cdc_acm.c.obj)
 .text.cdc_acm_irq_tx_enable
                0x00000000000039d0       0x20 zephyr/libzephyr.a(cdc_acm.c.obj)
 .text.cdc_acm_fifo_fill
                0x00000000000039f0       0x3c zephyr/libzephyr.a(cdc_acm.c.obj)
 .text.cdc_acm_write_cb
                0x0000000000003a2c       0x54 zephyr/libzephyr.a(cdc_acm.c.obj)
 .text.cdc_acm_class_handle_req
                0x0000000000003a80       0x64 zephyr/libzephyr.a(cdc_acm.c.obj)
                0x0000000000003a80                cdc_acm_class_handle_req
 .text.cdc_acm_int_in
                0x0000000000003ae4       0x18 zephyr/libzephyr.a(cdc_acm.c.obj)
 .text.cdc_acm_reset_port
                0x0000000000003afc       0x3c zephyr/libzephyr.a(cdc_acm.c.obj)
 .text.cdc_acm_init
                0x0000000000003b38       0x48 zephyr/libzephyr.a(cdc_acm.c.obj)
 .text.cdc_acm_poll_out
                0x0000000000003b80       0x70 zephyr/libzephyr.a(cdc_acm.c.obj)
 .text.tx_work_handler
                0x0000000000003bf0       0x78 zephyr/libzephyr.a(cdc_acm.c.obj)
 .text.cdc_acm_read_cb
                0x0000000000003c68       0x74 zephyr/libzephyr.a(cdc_acm.c.obj)
 .text.cdc_acm_dev_status_cb
                0x0000000000003cdc       0x84 zephyr/libzephyr.a(cdc_acm.c.obj)
 .text.z_usb_work_q_init
                0x0000000000003d60       0x34 zephyr/libzephyr.a(usb_work_q.c.obj)
 .text.z_SysNmiOnReset
                0x0000000000003d94        0x8 zephyr/arch/arch/arm/core/libarch__arm__core.a(nmi_on_reset.S.obj)
                0x0000000000003d94                z_SysNmiOnReset
 .text.arch_tls_stack_setup
                0x0000000000003d9c       0x40 zephyr/arch/arch/arm/core/libarch__arm__core.a(tls.c.obj)
                0x0000000000003d9c                arch_tls_stack_setup
 .text._HandlerModeExit
                0x0000000000003ddc       0x20 zephyr/arch/arch/arm/core/cortex_m/libarch__arm__core__cortex_m.a(exc_exit.c.obj)
                0x0000000000003ddc                z_arm_exc_exit
                0x0000000000003ddc                z_arm_int_exit
 .text.mem_manage_fault
                0x0000000000003dfc       0xa0 zephyr/arch/arch/arm/core/cortex_m/libarch__arm__core__cortex_m.a(fault.c.obj)
 .text.usage_fault.constprop.0
                0x0000000000003e9c       0x54 zephyr/arch/arch/arm/core/cortex_m/libarch__arm__core__cortex_m.a(fault.c.obj)
 .text.bus_fault.constprop.0
                0x0000000000003ef0       0x6c zephyr/arch/arch/arm/core/cortex_m/libarch__arm__core__cortex_m.a(fault.c.obj)
 .text.z_arm_fault
                0x0000000000003f5c      0x128 zephyr/arch/arch/arm/core/cortex_m/libarch__arm__core__cortex_m.a(fault.c.obj)
                0x0000000000003f5c                z_arm_fault
 .text.z_arm_fault_init
                0x0000000000004084       0x18 zephyr/arch/arch/arm/core/cortex_m/libarch__arm__core__cortex_m.a(fault.c.obj)
                0x0000000000004084                z_arm_fault_init
 .text.__fault  0x000000000000409c       0x14 zephyr/arch/arch/arm/core/cortex_m/libarch__arm__core__cortex_m.a(fault_s.S.obj)
                0x000000000000409c                z_arm_bus_fault
                0x000000000000409c                z_arm_usage_fault
                0x000000000000409c                z_arm_mpu_fault
                0x000000000000409c                z_arm_exc_spurious
                0x000000000000409c                z_arm_debug_monitor
                0x000000000000409c                z_arm_hard_fault
 .text._reset_section
                0x00000000000040b0       0x38 zephyr/arch/arch/arm/core/cortex_m/libarch__arm__core__cortex_m.a(reset.S.obj)
                0x00000000000040b0                z_arm_reset
                0x00000000000040b0                __start
 .text.z_impl_k_thread_abort
                0x00000000000040e8       0x2c zephyr/arch/arch/arm/core/cortex_m/libarch__arm__core__cortex_m.a(thread_abort.c.obj)
                0x00000000000040e8                z_impl_k_thread_abort
 .text.z_arm_pendsv
                0x0000000000004114       0x60 zephyr/arch/arch/arm/core/cortex_m/libarch__arm__core__cortex_m.a(swap_helper.S.obj)
                0x0000000000004114                z_arm_pendsv
 .text.z_arm_svc
                0x0000000000004174       0x24 zephyr/arch/arch/arm/core/cortex_m/libarch__arm__core__cortex_m.a(swap_helper.S.obj)
                0x0000000000004174                z_arm_svc
 .text.arm_irq_enable
                0x0000000000004198       0x1c zephyr/arch/arch/arm/core/cortex_m/libarch__arm__core__cortex_m.a(irq_manage.c.obj)
                0x0000000000004198                arm_irq_enable
 .text.arm_irq_disable
                0x00000000000041b4       0x28 zephyr/arch/arch/arm/core/cortex_m/libarch__arm__core__cortex_m.a(irq_manage.c.obj)
                0x00000000000041b4                arm_irq_disable
 .text.arm_irq_is_enabled
                0x00000000000041dc       0x1c zephyr/arch/arch/arm/core/cortex_m/libarch__arm__core__cortex_m.a(irq_manage.c.obj)
                0x00000000000041dc                arm_irq_is_enabled
 .text.arm_irq_priority_set
                0x00000000000041f8       0x30 zephyr/arch/arch/arm/core/cortex_m/libarch__arm__core__cortex_m.a(irq_manage.c.obj)
                0x00000000000041f8                arm_irq_priority_set
 .text.z_prep_c
                0x0000000000004228       0x48 zephyr/arch/arch/arm/core/cortex_m/libarch__arm__core__cortex_m.a(prep_c.c.obj)
                0x0000000000004228                z_prep_c
 .text.arch_new_thread
                0x0000000000004270       0x38 zephyr/arch/arch/arm/core/cortex_m/libarch__arm__core__cortex_m.a(thread.c.obj)
                0x0000000000004270                arch_new_thread
 .text.z_check_thread_stack_fail
                0x00000000000042a8       0x2c zephyr/arch/arch/arm/core/cortex_m/libarch__arm__core__cortex_m.a(thread.c.obj)
                0x00000000000042a8                z_check_thread_stack_fail
 .text.arch_switch_to_main_thread
                0x00000000000042d4       0x3c zephyr/arch/arch/arm/core/cortex_m/libarch__arm__core__cortex_m.a(thread.c.obj)
                0x00000000000042d4                arch_switch_to_main_thread
 .text.z_arm_cpu_idle_init
                0x0000000000004310        0xc zephyr/arch/arch/arm/core/cortex_m/libarch__arm__core__cortex_m.a(cpu_idle.c.obj)
                0x0000000000004310                z_arm_cpu_idle_init
 .text.z_arm_interrupt_init
                0x000000000000431c       0x18 zephyr/arch/arch/arm/core/cortex_m/libarch__arm__core__cortex_m.a(irq_init.c.obj)
                0x000000000000431c                z_arm_interrupt_init
 .text._isr_wrapper
                0x0000000000004334       0x24 zephyr/arch/arch/arm/core/cortex_m/libarch__arm__core__cortex_m.a(isr_wrapper.c.obj)
                0x0000000000004334                _isr_wrapper
 .text.z_arm_configure_static_mpu_regions
                0x0000000000004358       0x18 zephyr/arch/arch/arm/core/mpu/libarch__arm__core__mpu.a(arm_core_mpu.c.obj)
                0x0000000000004358                z_arm_configure_static_mpu_regions
 .text.z_arm_configure_dynamic_mpu_regions
                0x0000000000004370       0x20 zephyr/arch/arch/arm/core/mpu/libarch__arm__core__mpu.a(arm_core_mpu.c.obj)
                0x0000000000004370                z_arm_configure_dynamic_mpu_regions
 .text.region_init
                0x0000000000004390       0x28 zephyr/arch/arch/arm/core/mpu/libarch__arm__core__mpu.a(arm_mpu.c.obj)
 .text.mpu_configure_regions
                0x00000000000043b8       0x6c zephyr/arch/arch/arm/core/mpu/libarch__arm__core__mpu.a(arm_mpu.c.obj)
 .text.arm_core_mpu_enable
                0x0000000000004424       0x18 zephyr/arch/arch/arm/core/mpu/libarch__arm__core__mpu.a(arm_mpu.c.obj)
                0x0000000000004424                arm_core_mpu_enable
 .text.arm_core_mpu_disable
                0x000000000000443c       0x14 zephyr/arch/arch/arm/core/mpu/libarch__arm__core__mpu.a(arm_mpu.c.obj)
                0x000000000000443c                arm_core_mpu_disable
 .text.arm_core_mpu_configure_static_mpu_regions
                0x0000000000004450       0x14 zephyr/arch/arch/arm/core/mpu/libarch__arm__core__mpu.a(arm_mpu.c.obj)
                0x0000000000004450                arm_core_mpu_configure_static_mpu_regions
 .text.arm_core_mpu_configure_dynamic_mpu_regions
                0x0000000000004464       0x38 zephyr/arch/arch/arm/core/mpu/libarch__arm__core__mpu.a(arm_mpu.c.obj)
                0x0000000000004464                arm_core_mpu_configure_dynamic_mpu_regions
 .text.z_arm_mpu_init
                0x000000000000449c      0x168 zephyr/arch/arch/arm/core/mpu/libarch__arm__core__mpu.a(arm_mpu.c.obj)
                0x000000000000449c                z_arm_mpu_init
 .text.z_impl_zephyr_fputc
                0x0000000000004604       0x10 zephyr/lib/libc/picolibc/liblib__libc__picolibc.a(stdio.c.obj)
                0x0000000000004604                z_impl_zephyr_fputc
 .text.__stdout_hook_install
                0x0000000000004614       0x18 zephyr/lib/libc/picolibc/liblib__libc__picolibc.a(stdio.c.obj)
                0x0000000000004614                __stdout_hook_install
 .text.malloc_prepare
                0x000000000000462c       0x24 zephyr/lib/libc/common/liblib__libc__common.a(malloc.c.obj)
 .text.net_buf_destroy
                0x0000000000004650       0x38 zephyr/lib/net_buf/liblib__net_buf.a(buf.c.obj)
 .text.net_buf_pool_get
                0x0000000000004688       0x10 zephyr/lib/net_buf/liblib__net_buf.a(buf.c.obj)
                0x0000000000004688                net_buf_pool_get
 .text.net_buf_id
                0x0000000000004698       0x20 zephyr/lib/net_buf/liblib__net_buf.a(buf.c.obj)
                0x0000000000004698                net_buf_id
 .text.fixed_data_alloc
                0x00000000000046b8       0x24 zephyr/lib/net_buf/liblib__net_buf.a(buf.c.obj)
 .text.net_buf_alloc_len
                0x00000000000046dc       0xfc zephyr/lib/net_buf/liblib__net_buf.a(buf.c.obj)
                0x00000000000046dc                net_buf_alloc_len
 .text.net_buf_unref
                0x00000000000047d8       0x38 zephyr/lib/net_buf/liblib__net_buf.a(buf.c.obj)
                0x00000000000047d8                net_buf_unref
 .text.nordicsemi_nrf52_init
                0x0000000000004810       0x44 zephyr/soc/soc/nrf52840/libsoc__nordic.a(soc.c.obj)
 .text.arch_busy_wait
                0x0000000000004854       0x14 zephyr/soc/soc/nrf52840/libsoc__nordic.a(soc.c.obj)
                0x0000000000004854                arch_busy_wait
 .text.board_nrf52840dongle_nrf52840_init
                0x0000000000004868       0x7c zephyr/boards/nordic/nrf52840dongle/libboards__nordic__nrf52840dongle.a(board.c.obj)
 .text.xoshiro128_initialize
                0x00000000000048e4       0x18 zephyr/subsys/random/libsubsys__random.a(random_xoshiro128.c.obj)
 .text.uuid_to_uuid128
                0x00000000000048fc       0x78 zephyr/subsys/bluetooth/host/libsubsys__bluetooth__host.a(uuid.c.obj)
 .text.hci_rx_pool_destroy
                0x0000000000004974       0x20 zephyr/subsys/bluetooth/host/libsubsys__bluetooth__host.a(buf.c.obj)
 .text.bt_buf_get_rx
                0x0000000000004994       0x20 zephyr/subsys/bluetooth/host/libsubsys__bluetooth__host.a(buf.c.obj)
                0x0000000000004994                bt_buf_get_rx
 .text.bt_buf_get_evt
                0x00000000000049b4       0x40 zephyr/subsys/bluetooth/host/libsubsys__bluetooth__host.a(buf.c.obj)
                0x00000000000049b4                bt_buf_get_evt
 .text.hci_disconn_complete_prio
                0x00000000000049f4       0x4c zephyr/subsys/bluetooth/host/libsubsys__bluetooth__host.a(hci_core.c.obj)
 .text.find_pending_connect.part.0
                0x0000000000004a40       0x2c zephyr/subsys/bluetooth/host/libsubsys__bluetooth__host.a(hci_core.c.obj)
 .text.hci_vendor_event
                0x0000000000004a6c       0x20 zephyr/subsys/bluetooth/host/libsubsys__bluetooth__host.a(hci_core.c.obj)
 .text.hci_le_meta_event
                0x0000000000004a8c       0x20 zephyr/subsys/bluetooth/host/libsubsys__bluetooth__host.a(hci_core.c.obj)
 .text.rx_work_handler
                0x0000000000004aac       0xe0 zephyr/subsys/bluetooth/host/libsubsys__bluetooth__host.a(hci_core.c.obj)
 .text.hci_cmd_done
                0x0000000000004b8c      0x110 zephyr/subsys/bluetooth/host/libsubsys__bluetooth__host.a(hci_core.c.obj)
 .text.hci_reset_complete
                0x0000000000004c9c       0x2c zephyr/subsys/bluetooth/host/libsubsys__bluetooth__host.a(hci_core.c.obj)
 .text.bt_hci_cmd_state_set_init
                0x0000000000004cc8       0x24 zephyr/subsys/bluetooth/host/libsubsys__bluetooth__host.a(hci_core.c.obj)
                0x0000000000004cc8                bt_hci_cmd_state_set_init
 .text.bt_hci_cmd_create
                0x0000000000004cec       0x78 zephyr/subsys/bluetooth/host/libsubsys__bluetooth__host.a(hci_core.c.obj)
                0x0000000000004cec                bt_hci_cmd_create
 .text.bt_send  0x0000000000004d64       0x14 zephyr/subsys/bluetooth/host/libsubsys__bluetooth__host.a(hci_core.c.obj)
                0x0000000000004d64                bt_send
 .text.hci_event_prio
                0x0000000000004d78       0x8c zephyr/subsys/bluetooth/host/libsubsys__bluetooth__host.a(hci_core.c.obj)
                0x0000000000004d78                hci_event_prio
 .text.bt_hci_recv
                0x0000000000004e04       0x60 zephyr/subsys/bluetooth/host/libsubsys__bluetooth__host.a(hci_core.c.obj)
                0x0000000000004e04                bt_hci_recv
 .text.bt_finalize_init
                0x0000000000004e64        0xc zephyr/subsys/bluetooth/host/libsubsys__bluetooth__host.a(hci_core.c.obj)
                0x0000000000004e64                bt_finalize_init
 .text.bt_get_name
                0x0000000000004e70        0x8 zephyr/subsys/bluetooth/host/libsubsys__bluetooth__host.a(hci_core.c.obj)
                0x0000000000004e70                bt_get_name
 .text.bt_tx_irq_raise
                0x0000000000004e78        0xc zephyr/subsys/bluetooth/host/libsubsys__bluetooth__host.a(hci_core.c.obj)
                0x0000000000004e78                bt_tx_irq_raise
 .text.bt_hci_cmd_send
                0x0000000000004e84       0x48 zephyr/subsys/bluetooth/host/libsubsys__bluetooth__host.a(hci_core.c.obj)
                0x0000000000004e84                bt_hci_cmd_send
 .text.process_pending_cmd
                0x0000000000004ecc       0xb0 zephyr/subsys/bluetooth/host/libsubsys__bluetooth__host.a(hci_core.c.obj)
 .text.bt_hci_cmd_send_sync
                0x0000000000004f7c      0x170 zephyr/subsys/bluetooth/host/libsubsys__bluetooth__host.a(hci_core.c.obj)
                0x0000000000004f7c                bt_hci_cmd_send_sync
 .text.bt_init  0x00000000000050ec      0x304 zephyr/subsys/bluetooth/host/libsubsys__bluetooth__host.a(hci_core.c.obj)
 .text.init_work
                0x00000000000053f0       0x18 zephyr/subsys/bluetooth/host/libsubsys__bluetooth__host.a(hci_core.c.obj)
 .text.bt_enable
                0x0000000000005408       0xb0 zephyr/subsys/bluetooth/host/libsubsys__bluetooth__host.a(hci_core.c.obj)
                0x0000000000005408                bt_enable
 .text.bt_hci_le_rand
                0x00000000000054b8       0x58 zephyr/subsys/bluetooth/host/libsubsys__bluetooth__host.a(hci_core.c.obj)
                0x00000000000054b8                bt_hci_le_rand
 .text.bt_hci_le_enh_conn_complete
                0x0000000000005510      0x17c zephyr/subsys/bluetooth/host/libsubsys__bluetooth__host.a(hci_core.c.obj)
                0x0000000000005510                bt_hci_le_enh_conn_complete
 .text.le_legacy_conn_complete
                0x000000000000568c       0x80 zephyr/subsys/bluetooth/host/libsubsys__bluetooth__host.a(hci_core.c.obj)
 .text.hci_cmd_complete
                0x000000000000570c       0x3c zephyr/subsys/bluetooth/host/libsubsys__bluetooth__host.a(hci_core.c.obj)
 .text.hci_cmd_status
                0x0000000000005748       0x30 zephyr/subsys/bluetooth/host/libsubsys__bluetooth__host.a(hci_core.c.obj)
 .text.bt_hci_evt_create
                0x0000000000005778       0x50 zephyr/subsys/bluetooth/host/libsubsys__bluetooth__host.a(hci_common.c.obj)
                0x0000000000005778                bt_hci_evt_create
 .text.id_find  0x00000000000057c8       0x30 zephyr/subsys/bluetooth/host/libsubsys__bluetooth__host.a(id.c.obj)
 .text.set_random_address
                0x00000000000057f8       0x58 zephyr/subsys/bluetooth/host/libsubsys__bluetooth__host.a(id.c.obj)
 .text.id_create.constprop.0
                0x0000000000005850       0x74 zephyr/subsys/bluetooth/host/libsubsys__bluetooth__host.a(id.c.obj)
 .text.bt_id_create
                0x00000000000058c4       0x88 zephyr/subsys/bluetooth/host/libsubsys__bluetooth__host.a(id.c.obj)
                0x00000000000058c4                bt_id_create
 .text.bt_id_read_public_addr
                0x000000000000594c       0x6c zephyr/subsys/bluetooth/host/libsubsys__bluetooth__host.a(id.c.obj)
                0x000000000000594c                bt_id_read_public_addr
 .text.bt_setup_public_id_addr
                0x00000000000059b8       0x20 zephyr/subsys/bluetooth/host/libsubsys__bluetooth__host.a(id.c.obj)
                0x00000000000059b8                bt_setup_public_id_addr
 .text.bt_setup_random_id_addr
                0x00000000000059d8       0xac zephyr/subsys/bluetooth/host/libsubsys__bluetooth__host.a(id.c.obj)
                0x00000000000059d8                bt_setup_random_id_addr
 .text.bt_id_set_adv_own_addr
                0x0000000000005a84       0xd0 zephyr/subsys/bluetooth/host/libsubsys__bluetooth__host.a(id.c.obj)
                0x0000000000005a84                bt_id_set_adv_own_addr
 .text.bt_id_init
                0x0000000000005b54       0x30 zephyr/subsys/bluetooth/host/libsubsys__bluetooth__host.a(id.c.obj)
                0x0000000000005b54                bt_id_init
 .text.valid_adv_param
                0x0000000000005b84       0x84 zephyr/subsys/bluetooth/host/libsubsys__bluetooth__host.a(adv.c.obj)
 .text.adv_is_directed
                0x0000000000005c08       0x18 zephyr/subsys/bluetooth/host/libsubsys__bluetooth__host.a(adv.c.obj)
 .text.le_adv_start_add_conn
                0x0000000000005c20       0x60 zephyr/subsys/bluetooth/host/libsubsys__bluetooth__host.a(adv.c.obj)
 .text.bt_le_adv_lookup_legacy
                0x0000000000005c80        0x8 zephyr/subsys/bluetooth/host/libsubsys__bluetooth__host.a(adv.c.obj)
                0x0000000000005c80                bt_le_adv_lookup_legacy
 .text.bt_le_adv_start_legacy
                0x0000000000005c88      0x264 zephyr/subsys/bluetooth/host/libsubsys__bluetooth__host.a(adv.c.obj)
                0x0000000000005c88                bt_le_adv_start_legacy
 .text.bt_le_adv_start
                0x0000000000005eec       0x64 zephyr/subsys/bluetooth/host/libsubsys__bluetooth__host.a(adv.c.obj)
                0x0000000000005eec                bt_le_adv_start
 .text.bt_le_adv_stop
                0x0000000000005f50       0x78 zephyr/subsys/bluetooth/host/libsubsys__bluetooth__host.a(adv.c.obj)
                0x0000000000005f50                bt_le_adv_stop
 .text.bt_le_adv_resume
                0x0000000000005fc8       0xd4 zephyr/subsys/bluetooth/host/libsubsys__bluetooth__host.a(adv.c.obj)
                0x0000000000005fc8                bt_le_adv_resume
 .text.notify_connected
                0x000000000000609c       0x40 zephyr/subsys/bluetooth/host/libsubsys__bluetooth__host.a(conn.c.obj)
 .text.frag_destroy
                0x00000000000060dc       0x20 zephyr/subsys/bluetooth/host/libsubsys__bluetooth__host.a(conn.c.obj)
                0x00000000000060dc                frag_destroy
 .text.conn_tx_destroy
                0x00000000000060fc       0x2c zephyr/subsys/bluetooth/host/libsubsys__bluetooth__host.a(conn.c.obj)
 .text.get_data_frag
                0x0000000000006128       0x38 zephyr/subsys/bluetooth/host/libsubsys__bluetooth__host.a(conn.c.obj)
 .text.perform_auto_initiated_procedures
                0x0000000000006160       0x60 zephyr/subsys/bluetooth/host/libsubsys__bluetooth__host.a(conn.c.obj)
 .text.recycled_work_handler
                0x00000000000061c0       0x54 zephyr/subsys/bluetooth/host/libsubsys__bluetooth__host.a(conn.c.obj)
 .text.tx_notify_process
                0x0000000000006214       0x60 zephyr/subsys/bluetooth/host/libsubsys__bluetooth__host.a(conn.c.obj)
 .text.bt_conn_get_pkts
                0x0000000000006274       0x18 zephyr/subsys/bluetooth/host/libsubsys__bluetooth__host.a(conn.c.obj)
                0x0000000000006274                bt_conn_get_pkts
 .text.bt_conn_tx_notify
                0x000000000000628c       0x44 zephyr/subsys/bluetooth/host/libsubsys__bluetooth__host.a(conn.c.obj)
                0x000000000000628c                bt_conn_tx_notify
 .text.bt_conn_new
                0x00000000000062d0       0x64 zephyr/subsys/bluetooth/host/libsubsys__bluetooth__host.a(conn.c.obj)
                0x00000000000062d0                bt_conn_new
 .text.bt_conn_data_ready
                0x0000000000006334       0x54 zephyr/subsys/bluetooth/host/libsubsys__bluetooth__host.a(conn.c.obj)
                0x0000000000006334                bt_conn_data_ready
 .text.get_conn_ready
                0x0000000000006388      0x100 zephyr/subsys/bluetooth/host/libsubsys__bluetooth__host.a(conn.c.obj)
                0x0000000000006388                get_conn_ready
 .text.bt_conn_unref
                0x0000000000006488       0x54 zephyr/subsys/bluetooth/host/libsubsys__bluetooth__host.a(conn.c.obj)
                0x0000000000006488                bt_conn_unref
 .text.bt_conn_set_state
                0x00000000000064dc      0x114 zephyr/subsys/bluetooth/host/libsubsys__bluetooth__host.a(conn.c.obj)
                0x00000000000064dc                bt_conn_set_state
 .text.bt_conn_lookup_handle
                0x00000000000065f0       0x28 zephyr/subsys/bluetooth/host/libsubsys__bluetooth__host.a(conn.c.obj)
                0x00000000000065f0                bt_conn_lookup_handle
 .text.bt_conn_foreach
                0x0000000000006618       0x30 zephyr/subsys/bluetooth/host/libsubsys__bluetooth__host.a(conn.c.obj)
                0x0000000000006618                bt_conn_foreach
 .text.auto_initiated_procedures
                0x0000000000006648       0x10 zephyr/subsys/bluetooth/host/libsubsys__bluetooth__host.a(conn.c.obj)
 .text.bt_conn_index
                0x0000000000006658       0x18 zephyr/subsys/bluetooth/host/libsubsys__bluetooth__host.a(conn.c.obj)
                0x0000000000006658                bt_conn_index
 .text.bt_conn_create_pdu_timeout
                0x0000000000006670       0x48 zephyr/subsys/bluetooth/host/libsubsys__bluetooth__host.a(conn.c.obj)
                0x0000000000006670                bt_conn_create_pdu_timeout
 .text.bt_conn_connected
                0x00000000000066b8       0x20 zephyr/subsys/bluetooth/host/libsubsys__bluetooth__host.a(conn.c.obj)
                0x00000000000066b8                bt_conn_connected
 .text.bt_conn_tx_processor
                0x00000000000066d8      0x1c4 zephyr/subsys/bluetooth/host/libsubsys__bluetooth__host.a(conn.c.obj)
                0x00000000000066d8                bt_conn_tx_processor
 .text.notify_le_param_updated
                0x000000000000689c       0x94 zephyr/subsys/bluetooth/host/libsubsys__bluetooth__host.a(conn.c.obj)
                0x000000000000689c                notify_le_param_updated
 .text.le_param_req
                0x0000000000006930       0x78 zephyr/subsys/bluetooth/host/libsubsys__bluetooth__host.a(conn.c.obj)
                0x0000000000006930                le_param_req
 .text.bt_conn_add_le
                0x00000000000069a8       0x54 zephyr/subsys/bluetooth/host/libsubsys__bluetooth__host.a(conn.c.obj)
                0x00000000000069a8                bt_conn_add_le
 .text.bt_conn_lookup_addr_le
                0x00000000000069fc       0x34 zephyr/subsys/bluetooth/host/libsubsys__bluetooth__host.a(conn.c.obj)
                0x00000000000069fc                bt_conn_lookup_addr_le
 .text.bt_conn_lookup_state_le
                0x0000000000006a30       0x44 zephyr/subsys/bluetooth/host/libsubsys__bluetooth__host.a(conn.c.obj)
                0x0000000000006a30                bt_conn_lookup_state_le
 .text.send_conn_le_param_update
                0x0000000000006a74       0x68 zephyr/subsys/bluetooth/host/libsubsys__bluetooth__host.a(conn.c.obj)
 .text.deferred_work
                0x0000000000006adc       0xfc zephyr/subsys/bluetooth/host/libsubsys__bluetooth__host.a(conn.c.obj)
 .text.bt_conn_init
                0x0000000000006bd8       0x44 zephyr/subsys/bluetooth/host/libsubsys__bluetooth__host.a(conn.c.obj)
                0x0000000000006bd8                bt_conn_init
 .text.l2cap_accept
                0x0000000000006c1c       0x1c zephyr/subsys/bluetooth/host/libsubsys__bluetooth__host.a(l2cap.c.obj)
 .text.bt_l2cap_connected
                0x0000000000006c38       0xa8 zephyr/subsys/bluetooth/host/libsubsys__bluetooth__host.a(l2cap.c.obj)
                0x0000000000006c38                bt_l2cap_connected
 .text.bt_l2cap_create_pdu_timeout
                0x0000000000006ce0       0x30 zephyr/subsys/bluetooth/host/libsubsys__bluetooth__host.a(l2cap.c.obj)
                0x0000000000006ce0                bt_l2cap_create_pdu_timeout
 .text.l2cap_data_pull
                0x0000000000006d10       0xcc zephyr/subsys/bluetooth/host/libsubsys__bluetooth__host.a(l2cap.c.obj)
                0x0000000000006d10                l2cap_data_pull
 .text.bt_l2cap_update_conn_param
                0x0000000000006ddc       0x50 zephyr/subsys/bluetooth/host/libsubsys__bluetooth__host.a(l2cap.c.obj)
                0x0000000000006ddc                bt_l2cap_update_conn_param
 .text.att_op_get_type
                0x0000000000006e2c       0x74 zephyr/subsys/bluetooth/host/libsubsys__bluetooth__host.a(att.c.obj)
 .text.bt_att_chan_create_pdu
                0x0000000000006ea0       0x90 zephyr/subsys/bluetooth/host/libsubsys__bluetooth__host.a(att.c.obj)
 .text.bt_att_released
                0x0000000000006f30        0xc zephyr/subsys/bluetooth/host/libsubsys__bluetooth__host.a(att.c.obj)
 .text.bt_att_connected
                0x0000000000006f3c       0x40 zephyr/subsys/bluetooth/host/libsubsys__bluetooth__host.a(att.c.obj)
 .text.bt_addr_le_to_str.constprop.0.isra.0
                0x0000000000006f7c       0x78 zephyr/subsys/bluetooth/host/libsubsys__bluetooth__host.a(att.c.obj)
 .text.read_group_cb
                0x0000000000006ff4       0xb8 zephyr/subsys/bluetooth/host/libsubsys__bluetooth__host.a(att.c.obj)
 .text.bt_att_accept
                0x00000000000070ac       0xcc zephyr/subsys/bluetooth/host/libsubsys__bluetooth__host.a(att.c.obj)
 .text.read_type_cb
                0x0000000000007178       0xac zephyr/subsys/bluetooth/host/libsubsys__bluetooth__host.a(att.c.obj)
 .text.chan_send
                0x0000000000007224       0xac zephyr/subsys/bluetooth/host/libsubsys__bluetooth__host.a(att.c.obj)
 .text.att_tx_destroy
                0x00000000000072d0       0xdc zephyr/subsys/bluetooth/host/libsubsys__bluetooth__host.a(att.c.obj)
 .text.bt_att_recv
                0x00000000000073ac       0x8c zephyr/subsys/bluetooth/host/libsubsys__bluetooth__host.a(att.c.obj)
 .text.att_write_rsp.constprop.0
                0x0000000000007438       0xc0 zephyr/subsys/bluetooth/host/libsubsys__bluetooth__host.a(att.c.obj)
 .text.bt_att_create_rsp_pdu
                0x00000000000074f8       0x48 zephyr/subsys/bluetooth/host/libsubsys__bluetooth__host.a(att.c.obj)
                0x00000000000074f8                bt_att_create_rsp_pdu
 .text.att_read_group_req
                0x0000000000007540       0xf0 zephyr/subsys/bluetooth/host/libsubsys__bluetooth__host.a(att.c.obj)
 .text.att_read_mult_vl_req
                0x0000000000007630       0x9c zephyr/subsys/bluetooth/host/libsubsys__bluetooth__host.a(att.c.obj)
 .text.att_read_mult_req
                0x00000000000076cc       0x9c zephyr/subsys/bluetooth/host/libsubsys__bluetooth__host.a(att.c.obj)
 .text.att_read_rsp
                0x0000000000007768       0x90 zephyr/subsys/bluetooth/host/libsubsys__bluetooth__host.a(att.c.obj)
 .text.att_read_type_req
                0x00000000000077f8      0x114 zephyr/subsys/bluetooth/host/libsubsys__bluetooth__host.a(att.c.obj)
 .text.att_find_type_req
                0x000000000000790c       0xc0 zephyr/subsys/bluetooth/host/libsubsys__bluetooth__host.a(att.c.obj)
 .text.att_find_info_req
                0x00000000000079cc       0x6c zephyr/subsys/bluetooth/host/libsubsys__bluetooth__host.a(att.c.obj)
 .text.bt_att_req_alloc
                0x0000000000007a38       0x50 zephyr/subsys/bluetooth/host/libsubsys__bluetooth__host.a(att.c.obj)
                0x0000000000007a38                bt_att_req_alloc
 .text.bt_att_req_free
                0x0000000000007a88       0x20 zephyr/subsys/bluetooth/host/libsubsys__bluetooth__host.a(att.c.obj)
                0x0000000000007a88                bt_att_req_free
 .text.att_handle_rsp
                0x0000000000007aa8       0x74 zephyr/subsys/bluetooth/host/libsubsys__bluetooth__host.a(att.c.obj)
 .text.bt_att_disconnected
                0x0000000000007b1c       0xc8 zephyr/subsys/bluetooth/host/libsubsys__bluetooth__host.a(att.c.obj)
 .text.bt_att_set_tx_meta_data
                0x0000000000007be4       0x24 zephyr/subsys/bluetooth/host/libsubsys__bluetooth__host.a(att.c.obj)
                0x0000000000007be4                bt_att_set_tx_meta_data
 .text.find_sc_cfg
                0x0000000000007c08       0x24 zephyr/subsys/bluetooth/host/libsubsys__bluetooth__host.a(gatt.c.obj)
 .text.read_ppcp
                0x0000000000007c2c       0x28 zephyr/subsys/bluetooth/host/libsubsys__bluetooth__host.a(gatt.c.obj)
 .text.sc_save  0x0000000000007c54       0x54 zephyr/subsys/bluetooth/host/libsubsys__bluetooth__host.a(gatt.c.obj)
 .text.sc_indicate_rsp
                0x0000000000007ca8       0x38 zephyr/subsys/bluetooth/host/libsubsys__bluetooth__host.a(gatt.c.obj)
 .text.disconnected_cb
                0x0000000000007ce0       0xb4 zephyr/subsys/bluetooth/host/libsubsys__bluetooth__host.a(gatt.c.obj)
 .text.find_ccc_cfg
                0x0000000000007d94       0x2c zephyr/subsys/bluetooth/host/libsubsys__bluetooth__host.a(gatt.c.obj)
 .text.bt_gatt_attr_write_ccc
                0x0000000000007dc0       0xc0 zephyr/subsys/bluetooth/host/libsubsys__bluetooth__host.a(gatt.c.obj)
                0x0000000000007dc0                bt_gatt_attr_write_ccc
 .text.bt_gatt_init
                0x0000000000007e80       0x80 zephyr/subsys/bluetooth/host/libsubsys__bluetooth__host.a(gatt.c.obj)
                0x0000000000007e80                bt_gatt_init
 .text.bt_gatt_attr_get_handle
                0x0000000000007f00       0x60 zephyr/subsys/bluetooth/host/libsubsys__bluetooth__host.a(gatt.c.obj)
                0x0000000000007f00                bt_gatt_attr_get_handle
 .text.bt_gatt_foreach_attr_type
                0x0000000000007f60       0xb4 zephyr/subsys/bluetooth/host/libsubsys__bluetooth__host.a(gatt.c.obj)
                0x0000000000007f60                bt_gatt_foreach_attr_type
 .text.bt_gatt_attr_next
                0x0000000000008014       0x24 zephyr/subsys/bluetooth/host/libsubsys__bluetooth__host.a(gatt.c.obj)
                0x0000000000008014                bt_gatt_attr_next
 .text.gatt_indicate
                0x0000000000008038       0xa0 zephyr/subsys/bluetooth/host/libsubsys__bluetooth__host.a(gatt.c.obj)
 .text.bt_gatt_indicate
                0x00000000000080d8       0xf4 zephyr/subsys/bluetooth/host/libsubsys__bluetooth__host.a(gatt.c.obj)
                0x00000000000080d8                bt_gatt_indicate
 .text.sc_process
                0x00000000000081cc       0x78 zephyr/subsys/bluetooth/host/libsubsys__bluetooth__host.a(gatt.c.obj)
 .text.update_ccc
                0x0000000000008244       0xb8 zephyr/subsys/bluetooth/host/libsubsys__bluetooth__host.a(gatt.c.obj)
 .text.notify_cb
                0x00000000000082fc      0x100 zephyr/subsys/bluetooth/host/libsubsys__bluetooth__host.a(gatt.c.obj)
 .text.bt_gatt_connected
                0x00000000000083fc       0x20 zephyr/subsys/bluetooth/host/libsubsys__bluetooth__host.a(gatt.c.obj)
                0x00000000000083fc                bt_gatt_connected
 .text.bt_gatt_att_max_mtu_changed
                0x000000000000841c       0x28 zephyr/subsys/bluetooth/host/libsubsys__bluetooth__host.a(gatt.c.obj)
                0x000000000000841c                bt_gatt_att_max_mtu_changed
 .text.bt_gatt_disconnected
                0x0000000000008444       0x14 zephyr/subsys/bluetooth/host/libsubsys__bluetooth__host.a(gatt.c.obj)
                0x0000000000008444                bt_gatt_disconnected
 .text.bt_smp_accept
                0x0000000000008458       0x1c zephyr/subsys/bluetooth/host/libsubsys__bluetooth__host.a(smp_null.c.obj)
 .text.mem_init
                0x0000000000008474       0x48 zephyr/subsys/bluetooth/controller/libsubsys__bluetooth__controller.a(mem.c.obj)
                0x0000000000008474                mem_init
 .text.mem_acquire
                0x00000000000084bc       0x2c zephyr/subsys/bluetooth/controller/libsubsys__bluetooth__controller.a(mem.c.obj)
                0x00000000000084bc                mem_acquire
 .text.mem_release
                0x00000000000084e8       0x28 zephyr/subsys/bluetooth/controller/libsubsys__bluetooth__controller.a(mem.c.obj)
                0x00000000000084e8                mem_release
 .text.mem_get  0x0000000000008510        0x8 zephyr/subsys/bluetooth/controller/libsubsys__bluetooth__controller.a(mem.c.obj)
                0x0000000000008510                mem_get
 .text.mem_index_get
                0x0000000000008518        0xc zephyr/subsys/bluetooth/controller/libsubsys__bluetooth__controller.a(mem.c.obj)
                0x0000000000008518                mem_index_get
 .text.mem_rcopy
                0x0000000000008524       0x1c zephyr/subsys/bluetooth/controller/libsubsys__bluetooth__controller.a(mem.c.obj)
                0x0000000000008524                mem_rcopy
 .text.mem_nz   0x0000000000008540       0x18 zephyr/subsys/bluetooth/controller/libsubsys__bluetooth__controller.a(mem.c.obj)
                0x0000000000008540                mem_nz
 .text.memq_init
                0x0000000000008558        0x8 zephyr/subsys/bluetooth/controller/libsubsys__bluetooth__controller.a(memq.c.obj)
                0x0000000000008558                memq_init
 .text.memq_deinit
                0x0000000000008560       0x14 zephyr/subsys/bluetooth/controller/libsubsys__bluetooth__controller.a(memq.c.obj)
                0x0000000000008560                memq_deinit
 .text.memq_enqueue
                0x0000000000008574       0x14 zephyr/subsys/bluetooth/controller/libsubsys__bluetooth__controller.a(memq.c.obj)
                0x0000000000008574                memq_enqueue
 .text.memq_peek
                0x0000000000008588       0x10 zephyr/subsys/bluetooth/controller/libsubsys__bluetooth__controller.a(memq.c.obj)
                0x0000000000008588                memq_peek
 .text.memq_dequeue
                0x0000000000008598       0x20 zephyr/subsys/bluetooth/controller/libsubsys__bluetooth__controller.a(memq.c.obj)
                0x0000000000008598                memq_dequeue
 .text.mayfly_init
                0x00000000000085b8       0x40 zephyr/subsys/bluetooth/controller/libsubsys__bluetooth__controller.a(mayfly.c.obj)
                0x00000000000085b8                mayfly_init
 .text.mayfly_enable
                0x00000000000085f8       0x68 zephyr/subsys/bluetooth/controller/libsubsys__bluetooth__controller.a(mayfly.c.obj)
                0x00000000000085f8                mayfly_enable
 .text.mayfly_enqueue
                0x0000000000008660       0xbc zephyr/subsys/bluetooth/controller/libsubsys__bluetooth__controller.a(mayfly.c.obj)
                0x0000000000008660                mayfly_enqueue
 .text.mayfly_run
                0x000000000000871c      0x174 zephyr/subsys/bluetooth/controller/libsubsys__bluetooth__controller.a(mayfly.c.obj)
                0x000000000000871c                mayfly_run
 .text.util_ones_count_get
                0x0000000000008890       0x28 zephyr/subsys/bluetooth/controller/libsubsys__bluetooth__controller.a(util.c.obj)
                0x0000000000008890                util_ones_count_get
 .text.ticker_dequeue
                0x00000000000088b8       0x74 zephyr/subsys/bluetooth/controller/libsubsys__bluetooth__controller.a(ticker.c.obj)
 .text.ticks_to_expire_prep
                0x000000000000892c       0x48 zephyr/subsys/bluetooth/controller/libsubsys__bluetooth__controller.a(ticker.c.obj)
 .text.start_us.constprop.0
                0x0000000000008974       0xac zephyr/subsys/bluetooth/controller/libsubsys__bluetooth__controller.a(ticker.c.obj)
 .text.ticker_job_list_insert
                0x0000000000008a20      0x214 zephyr/subsys/bluetooth/controller/libsubsys__bluetooth__controller.a(ticker.c.obj)
 .text.ticker_worker
                0x0000000000008c34      0x388 zephyr/subsys/bluetooth/controller/libsubsys__bluetooth__controller.a(ticker.c.obj)
                0x0000000000008c34                ticker_worker
 .text.ticker_job
                0x0000000000008fbc      0xb64 zephyr/subsys/bluetooth/controller/libsubsys__bluetooth__controller.a(ticker.c.obj)
                0x0000000000008fbc                ticker_job
 .text.ticker_init
                0x0000000000009b20       0x64 zephyr/subsys/bluetooth/controller/libsubsys__bluetooth__controller.a(ticker.c.obj)
                0x0000000000009b20                ticker_init
 .text.ticker_trigger
                0x0000000000009b84       0x30 zephyr/subsys/bluetooth/controller/libsubsys__bluetooth__controller.a(ticker.c.obj)
                0x0000000000009b84                ticker_trigger
 .text.ticker_start
                0x0000000000009bb4       0x38 zephyr/subsys/bluetooth/controller/libsubsys__bluetooth__controller.a(ticker.c.obj)
                0x0000000000009bb4                ticker_start
 .text.ticker_start_ext
                0x0000000000009bec       0x10 zephyr/subsys/bluetooth/controller/libsubsys__bluetooth__controller.a(ticker.c.obj)
                0x0000000000009bec                ticker_start_ext
 .text.ticker_update_ext
                0x0000000000009bfc       0xb0 zephyr/subsys/bluetooth/controller/libsubsys__bluetooth__controller.a(ticker.c.obj)
                0x0000000000009bfc                ticker_update_ext
 .text.ticker_update
                0x0000000000009cac       0x30 zephyr/subsys/bluetooth/controller/libsubsys__bluetooth__controller.a(ticker.c.obj)
                0x0000000000009cac                ticker_update
 .text.ticker_stop
                0x0000000000009cdc       0x84 zephyr/subsys/bluetooth/controller/libsubsys__bluetooth__controller.a(ticker.c.obj)
                0x0000000000009cdc                ticker_stop
 .text.ticker_stop_abs
                0x0000000000009d60       0x88 zephyr/subsys/bluetooth/controller/libsubsys__bluetooth__controller.a(ticker.c.obj)
                0x0000000000009d60                ticker_stop_abs
 .text.ticker_ticks_now_get
                0x0000000000009de8        0x4 zephyr/subsys/bluetooth/controller/libsubsys__bluetooth__controller.a(ticker.c.obj)
                0x0000000000009de8                ticker_ticks_now_get
 .text.ticker_ticks_diff_get
                0x0000000000009dec        0x8 zephyr/subsys/bluetooth/controller/libsubsys__bluetooth__controller.a(ticker.c.obj)
                0x0000000000009dec                ticker_ticks_diff_get
 .text.ll_feat_get
                0x0000000000009df4        0xc zephyr/subsys/bluetooth/controller/libsubsys__bluetooth__controller.a(ll_feat.c.obj)
                0x0000000000009df4                ll_feat_get
 .text.ll_tx_pwr_lvl_get
                0x0000000000009e00       0x20 zephyr/subsys/bluetooth/controller/libsubsys__bluetooth__controller.a(ll_tx_pwr.c.obj)
                0x0000000000009e00                ll_tx_pwr_lvl_get
 .text.ll_tx_pwr_get
                0x0000000000009e20        0x8 zephyr/subsys/bluetooth/controller/libsubsys__bluetooth__controller.a(ll_tx_pwr.c.obj)
                0x0000000000009e20                ll_tx_pwr_get
 .text.ll_addr_set
                0x0000000000009e28       0x38 zephyr/subsys/bluetooth/controller/libsubsys__bluetooth__controller.a(ll_addr.c.obj)
                0x0000000000009e28                ll_addr_set
 .text.ll_addr_get
                0x0000000000009e60       0x20 zephyr/subsys/bluetooth/controller/libsubsys__bluetooth__controller.a(ll_addr.c.obj)
                0x0000000000009e60                ll_addr_get
 .text.ll_addr_read
                0x0000000000009e80       0x28 zephyr/subsys/bluetooth/controller/libsubsys__bluetooth__controller.a(ll_addr.c.obj)
                0x0000000000009e80                ll_addr_read
 .text.perform_lll_reset
                0x0000000000009ea8       0xa0 zephyr/subsys/bluetooth/controller/libsubsys__bluetooth__controller.a(ull.c.obj)
 .text.ull_ticker_status_give
                0x0000000000009f48        0xc zephyr/subsys/bluetooth/controller/libsubsys__bluetooth__controller.a(ull.c.obj)
                0x0000000000009f48                ull_ticker_status_give
 .text.disabled_cb
                0x0000000000009f54        0x4 zephyr/subsys/bluetooth/controller/libsubsys__bluetooth__controller.a(ull.c.obj)
 .text.tx_cmplt_get
                0x0000000000009f58       0xb4 zephyr/subsys/bluetooth/controller/libsubsys__bluetooth__controller.a(ull.c.obj)
 .text.rx_replenish
                0x000000000000a00c       0xf8 zephyr/subsys/bluetooth/controller/libsubsys__bluetooth__controller.a(ull.c.obj)
 .text.init_reset
                0x000000000000a104      0x138 zephyr/subsys/bluetooth/controller/libsubsys__bluetooth__controller.a(ull.c.obj)
 .text.rx_demux
                0x000000000000a23c      0x2bc zephyr/subsys/bluetooth/controller/libsubsys__bluetooth__controller.a(ull.c.obj)
 .text.ll_init  0x000000000000a4f8       0xe4 zephyr/subsys/bluetooth/controller/libsubsys__bluetooth__controller.a(ull.c.obj)
                0x000000000000a4f8                ll_init
 .text.ll_reset
                0x000000000000a5dc      0x13c zephyr/subsys/bluetooth/controller/libsubsys__bluetooth__controller.a(ull.c.obj)
                0x000000000000a5dc                ll_reset
 .text.ll_deinit
                0x000000000000a718       0x10 zephyr/subsys/bluetooth/controller/libsubsys__bluetooth__controller.a(ull.c.obj)
                0x000000000000a718                ll_deinit
 .text.ll_rx_get
                0x000000000000a728      0x104 zephyr/subsys/bluetooth/controller/libsubsys__bluetooth__controller.a(ull.c.obj)
                0x000000000000a728                ll_rx_get
 .text.ll_rx_dequeue
                0x000000000000a82c      0x194 zephyr/subsys/bluetooth/controller/libsubsys__bluetooth__controller.a(ull.c.obj)
                0x000000000000a82c                ll_rx_dequeue
 .text.ll_rx_mem_release
                0x000000000000a9c0      0x198 zephyr/subsys/bluetooth/controller/libsubsys__bluetooth__controller.a(ull.c.obj)
                0x000000000000a9c0                ll_rx_mem_release
 .text.ll_rx_link_alloc
                0x000000000000ab58        0xc zephyr/subsys/bluetooth/controller/libsubsys__bluetooth__controller.a(ull.c.obj)
                0x000000000000ab58                ll_rx_link_alloc
 .text.ll_rx_link_release
                0x000000000000ab64        0xc zephyr/subsys/bluetooth/controller/libsubsys__bluetooth__controller.a(ull.c.obj)
                0x000000000000ab64                ll_rx_link_release
 .text.ll_rx_alloc
                0x000000000000ab70        0xc zephyr/subsys/bluetooth/controller/libsubsys__bluetooth__controller.a(ull.c.obj)
                0x000000000000ab70                ll_rx_alloc
 .text.ll_rx_release
                0x000000000000ab7c        0xc zephyr/subsys/bluetooth/controller/libsubsys__bluetooth__controller.a(ull.c.obj)
                0x000000000000ab7c                ll_rx_release
 .text.ll_rx_put
                0x000000000000ab88       0x18 zephyr/subsys/bluetooth/controller/libsubsys__bluetooth__controller.a(ull.c.obj)
                0x000000000000ab88                ll_rx_put
 .text.ll_rx_put_sched
                0x000000000000aba0       0x28 zephyr/subsys/bluetooth/controller/libsubsys__bluetooth__controller.a(ull.c.obj)
                0x000000000000aba0                ll_rx_put_sched
 .text.ll_pdu_rx_alloc_peek
                0x000000000000abc8       0x34 zephyr/subsys/bluetooth/controller/libsubsys__bluetooth__controller.a(ull.c.obj)
                0x000000000000abc8                ll_pdu_rx_alloc_peek
 .text.ll_pdu_rx_alloc
                0x000000000000abfc       0x24 zephyr/subsys/bluetooth/controller/libsubsys__bluetooth__controller.a(ull.c.obj)
                0x000000000000abfc                ll_pdu_rx_alloc
 .text.ll_tx_ack_put
                0x000000000000ac20       0x60 zephyr/subsys/bluetooth/controller/libsubsys__bluetooth__controller.a(ull.c.obj)
                0x000000000000ac20                ll_tx_ack_put
 .text.ull_ticker_status_take
                0x000000000000ac80       0x24 zephyr/subsys/bluetooth/controller/libsubsys__bluetooth__controller.a(ull.c.obj)
                0x000000000000ac80                ull_ticker_status_take
 .text.ull_disable_mark
                0x000000000000aca4       0x18 zephyr/subsys/bluetooth/controller/libsubsys__bluetooth__controller.a(ull.c.obj)
                0x000000000000aca4                ull_disable_mark
 .text.ull_disable_unmark
                0x000000000000acbc       0x18 zephyr/subsys/bluetooth/controller/libsubsys__bluetooth__controller.a(ull.c.obj)
                0x000000000000acbc                ull_disable_unmark
 .text.ull_disable_mark_get
                0x000000000000acd4        0xc zephyr/subsys/bluetooth/controller/libsubsys__bluetooth__controller.a(ull.c.obj)
                0x000000000000acd4                ull_disable_mark_get
 .text.ull_update_mark
                0x000000000000ace0       0x18 zephyr/subsys/bluetooth/controller/libsubsys__bluetooth__controller.a(ull.c.obj)
                0x000000000000ace0                ull_update_mark
 .text.ull_update_unmark
                0x000000000000acf8       0x18 zephyr/subsys/bluetooth/controller/libsubsys__bluetooth__controller.a(ull.c.obj)
                0x000000000000acf8                ull_update_unmark
 .text.ull_update_mark_get
                0x000000000000ad10        0xc zephyr/subsys/bluetooth/controller/libsubsys__bluetooth__controller.a(ull.c.obj)
                0x000000000000ad10                ull_update_mark_get
 .text.ull_disable
                0x000000000000ad1c       0x7c zephyr/subsys/bluetooth/controller/libsubsys__bluetooth__controller.a(ull.c.obj)
                0x000000000000ad1c                ull_disable
 .text.ull_ticker_stop_with_mark
                0x000000000000ad98       0xa4 zephyr/subsys/bluetooth/controller/libsubsys__bluetooth__controller.a(ull.c.obj)
                0x000000000000ad98                ull_ticker_stop_with_mark
 .text.ull_pdu_rx_alloc_peek
                0x000000000000ae3c       0x34 zephyr/subsys/bluetooth/controller/libsubsys__bluetooth__controller.a(ull.c.obj)
                0x000000000000ae3c                ull_pdu_rx_alloc_peek
 .text.ull_pdu_rx_alloc
                0x000000000000ae70       0x24 zephyr/subsys/bluetooth/controller/libsubsys__bluetooth__controller.a(ull.c.obj)
                0x000000000000ae70                ull_pdu_rx_alloc
 .text.ull_rx_put
                0x000000000000ae94       0x20 zephyr/subsys/bluetooth/controller/libsubsys__bluetooth__controller.a(ull.c.obj)
                0x000000000000ae94                ull_rx_put
 .text.ull_rx_sched
                0x000000000000aeb4       0x10 zephyr/subsys/bluetooth/controller/libsubsys__bluetooth__controller.a(ull.c.obj)
                0x000000000000aeb4                ull_rx_sched
 .text.ull_rx_put_sched
                0x000000000000aec4       0x30 zephyr/subsys/bluetooth/controller/libsubsys__bluetooth__controller.a(ull.c.obj)
                0x000000000000aec4                ull_rx_put_sched
 .text.ull_prepare_enqueue
                0x000000000000aef4       0x74 zephyr/subsys/bluetooth/controller/libsubsys__bluetooth__controller.a(ull.c.obj)
                0x000000000000aef4                ull_prepare_enqueue
 .text.ull_prepare_dequeue_get
                0x000000000000af68       0x1c zephyr/subsys/bluetooth/controller/libsubsys__bluetooth__controller.a(ull.c.obj)
                0x000000000000af68                ull_prepare_dequeue_get
 .text.ull_prepare_dequeue_iter
                0x000000000000af84       0x34 zephyr/subsys/bluetooth/controller/libsubsys__bluetooth__controller.a(ull.c.obj)
                0x000000000000af84                ull_prepare_dequeue_iter
 .text.ull_prepare_dequeue
                0x000000000000afb8      0x130 zephyr/subsys/bluetooth/controller/libsubsys__bluetooth__controller.a(ull.c.obj)
                0x000000000000afb8                ull_prepare_dequeue
 .text.ull_event_done_extra_get
                0x000000000000b0e8       0x1c zephyr/subsys/bluetooth/controller/libsubsys__bluetooth__controller.a(ull.c.obj)
                0x000000000000b0e8                ull_event_done_extra_get
 .text.ull_event_done
                0x000000000000b104       0x5c zephyr/subsys/bluetooth/controller/libsubsys__bluetooth__controller.a(ull.c.obj)
                0x000000000000b104                ull_event_done
 .text.lll_prepare
                0x000000000000b160       0x14 zephyr/subsys/bluetooth/controller/libsubsys__bluetooth__controller.a(lll_common.c.obj)
                0x000000000000b160                lll_prepare
 .text.lll_resume
                0x000000000000b174       0x50 zephyr/subsys/bluetooth/controller/libsubsys__bluetooth__controller.a(lll_common.c.obj)
                0x000000000000b174                lll_resume
 .text.hci_driver_close
                0x000000000000b1c4       0x50 zephyr/subsys/bluetooth/controller/libsubsys__bluetooth__controller.a(hci_driver.c.obj)
 .text.recv_thread
                0x000000000000b214      0x130 zephyr/subsys/bluetooth/controller/libsubsys__bluetooth__controller.a(hci_driver.c.obj)
 .text.hci_driver_open
                0x000000000000b344       0xb0 zephyr/subsys/bluetooth/controller/libsubsys__bluetooth__controller.a(hci_driver.c.obj)
 .text.bt_recv_prio.isra.0
                0x000000000000b3f4       0x18 zephyr/subsys/bluetooth/controller/libsubsys__bluetooth__controller.a(hci_driver.c.obj)
 .text.prio_recv_thread
                0x000000000000b40c       0xd0 zephyr/subsys/bluetooth/controller/libsubsys__bluetooth__controller.a(hci_driver.c.obj)
 .text.hci_driver_send
                0x000000000000b4dc       0x7c zephyr/subsys/bluetooth/controller/libsubsys__bluetooth__controller.a(hci_driver.c.obj)
 .text.hci_recv_fifo_reset
                0x000000000000b558       0x20 zephyr/subsys/bluetooth/controller/libsubsys__bluetooth__controller.a(hci_driver.c.obj)
                0x000000000000b558                hci_recv_fifo_reset
 .text.le_remote_feat_complete
                0x000000000000b578       0x78 zephyr/subsys/bluetooth/controller/libsubsys__bluetooth__controller.a(hci.c.obj)
 .text.hci_vendor_cmd_handle_common
                0x000000000000b5f0      0x194 zephyr/subsys/bluetooth/controller/libsubsys__bluetooth__controller.a(hci.c.obj)
                0x000000000000b5f0                hci_vendor_cmd_handle_common
 .text.hci_cmd_handle
                0x000000000000b784      0x70c zephyr/subsys/bluetooth/controller/libsubsys__bluetooth__controller.a(hci.c.obj)
                0x000000000000b784                hci_cmd_handle
 .text.hci_acl_handle
                0x000000000000be90       0xbc zephyr/subsys/bluetooth/controller/libsubsys__bluetooth__controller.a(hci.c.obj)
                0x000000000000be90                hci_acl_handle
 .text.hci_disconn_complete_encode
                0x000000000000bf4c       0x40 zephyr/subsys/bluetooth/controller/libsubsys__bluetooth__controller.a(hci.c.obj)
                0x000000000000bf4c                hci_disconn_complete_encode
 .text.hci_disconn_complete_process
                0x000000000000bf8c       0x10 zephyr/subsys/bluetooth/controller/libsubsys__bluetooth__controller.a(hci.c.obj)
                0x000000000000bf8c                hci_disconn_complete_process
 .text.hci_acl_encode
                0x000000000000bf9c       0x78 zephyr/subsys/bluetooth/controller/libsubsys__bluetooth__controller.a(hci.c.obj)
                0x000000000000bf9c                hci_acl_encode
 .text.hci_evt_encode
                0x000000000000c014      0x474 zephyr/subsys/bluetooth/controller/libsubsys__bluetooth__controller.a(hci.c.obj)
                0x000000000000c014                hci_evt_encode
 .text.hci_num_cmplt_encode
                0x000000000000c488       0x30 zephyr/subsys/bluetooth/controller/libsubsys__bluetooth__controller.a(hci.c.obj)
                0x000000000000c488                hci_num_cmplt_encode
 .text.hci_get_class
                0x000000000000c4b8       0x2c zephyr/subsys/bluetooth/controller/libsubsys__bluetooth__controller.a(hci.c.obj)
                0x000000000000c4b8                hci_get_class
 .text.hci_init
                0x000000000000c4e4       0x40 zephyr/subsys/bluetooth/controller/libsubsys__bluetooth__controller.a(hci.c.obj)
                0x000000000000c4e4                hci_init
 .text.ticker_stop_cb
                0x000000000000c524       0x8c zephyr/subsys/bluetooth/controller/libsubsys__bluetooth__controller.a(ull_adv.c.obj)
 .text.disabled_cb
                0x000000000000c5b0       0x94 zephyr/subsys/bluetooth/controller/libsubsys__bluetooth__controller.a(ull_adv.c.obj)
 .text.ticker_stop_op_cb
                0x000000000000c644       0x48 zephyr/subsys/bluetooth/controller/libsubsys__bluetooth__controller.a(ull_adv.c.obj)
 .text.adv_disable
                0x000000000000c68c       0x8c zephyr/subsys/bluetooth/controller/libsubsys__bluetooth__controller.a(ull_adv.c.obj)
 .text.ticker_update_op_cb
                0x000000000000c718       0x64 zephyr/subsys/bluetooth/controller/libsubsys__bluetooth__controller.a(ull_adv.c.obj)
 .text.init_set.constprop.0
                0x000000000000c77c       0x44 zephyr/subsys/bluetooth/controller/libsubsys__bluetooth__controller.a(ull_adv.c.obj)
 .text.conn_release.constprop.0
                0x000000000000c7c0       0x88 zephyr/subsys/bluetooth/controller/libsubsys__bluetooth__controller.a(ull_adv.c.obj)
 .text.disable.constprop.0
                0x000000000000c848      0x15c zephyr/subsys/bluetooth/controller/libsubsys__bluetooth__controller.a(ull_adv.c.obj)
 .text.adv_time_get.constprop.0.isra.0
                0x000000000000c9a4       0x7c zephyr/subsys/bluetooth/controller/libsubsys__bluetooth__controller.a(ull_adv.c.obj)
 .text.ticker_cb
                0x000000000000ca20      0x14c zephyr/subsys/bluetooth/controller/libsubsys__bluetooth__controller.a(ull_adv.c.obj)
 .text.ll_adv_params_set
                0x000000000000cb6c      0x1d8 zephyr/subsys/bluetooth/controller/libsubsys__bluetooth__controller.a(ull_adv.c.obj)
                0x000000000000cb6c                ll_adv_params_set
 .text.ull_adv_init
                0x000000000000cd44       0x20 zephyr/subsys/bluetooth/controller/libsubsys__bluetooth__controller.a(ull_adv.c.obj)
                0x000000000000cd44                ull_adv_init
 .text.ull_adv_reset
                0x000000000000cd64        0xc zephyr/subsys/bluetooth/controller/libsubsys__bluetooth__controller.a(ull_adv.c.obj)
                0x000000000000cd64                ull_adv_reset
 .text.ull_adv_reset_finalize
                0x000000000000cd70       0x2c zephyr/subsys/bluetooth/controller/libsubsys__bluetooth__controller.a(ull_adv.c.obj)
                0x000000000000cd70                ull_adv_reset_finalize
 .text.ull_adv_handle_get
                0x000000000000cd9c       0x1c zephyr/subsys/bluetooth/controller/libsubsys__bluetooth__controller.a(ull_adv.c.obj)
                0x000000000000cd9c                ull_adv_handle_get
 .text.ull_adv_lll_handle_get
                0x000000000000cdb8       0x1c zephyr/subsys/bluetooth/controller/libsubsys__bluetooth__controller.a(ull_adv.c.obj)
                0x000000000000cdb8                ull_adv_lll_handle_get
 .text.ull_adv_is_enabled
                0x000000000000cdd4       0x18 zephyr/subsys/bluetooth/controller/libsubsys__bluetooth__controller.a(ull_adv.c.obj)
                0x000000000000cdd4                ull_adv_is_enabled
 .text.ull_adv_data_set
                0x000000000000cdec       0xc8 zephyr/subsys/bluetooth/controller/libsubsys__bluetooth__controller.a(ull_adv.c.obj)
                0x000000000000cdec                ull_adv_data_set
 .text.ll_adv_data_set
                0x000000000000ceb4       0x10 zephyr/subsys/bluetooth/controller/libsubsys__bluetooth__controller.a(ull_adv.c.obj)
                0x000000000000ceb4                ll_adv_data_set
 .text.ull_scan_rsp_set
                0x000000000000cec4       0xcc zephyr/subsys/bluetooth/controller/libsubsys__bluetooth__controller.a(ull_adv.c.obj)
                0x000000000000cec4                ull_scan_rsp_set
 .text.ll_adv_scan_rsp_set
                0x000000000000cf90       0x10 zephyr/subsys/bluetooth/controller/libsubsys__bluetooth__controller.a(ull_adv.c.obj)
                0x000000000000cf90                ll_adv_scan_rsp_set
 .text.init_reset
                0x000000000000cfa0       0x5c zephyr/subsys/bluetooth/controller/libsubsys__bluetooth__controller.a(ull_conn.c.obj)
 .text.tx_lll_flush
                0x000000000000cffc       0xe8 zephyr/subsys/bluetooth/controller/libsubsys__bluetooth__controller.a(ull_conn.c.obj)
 .text.ticker_stop_op_cb
                0x000000000000d0e4       0x6c zephyr/subsys/bluetooth/controller/libsubsys__bluetooth__controller.a(ull_conn.c.obj)
 .text.disabled_cb
                0x000000000000d150       0x44 zephyr/subsys/bluetooth/controller/libsubsys__bluetooth__controller.a(ull_conn.c.obj)
 .text.conn_disable
                0x000000000000d194       0x8c zephyr/subsys/bluetooth/controller/libsubsys__bluetooth__controller.a(ull_conn.c.obj)
 .text.conn_setup_adv_scan_disabled_cb
                0x000000000000d220       0x48 zephyr/subsys/bluetooth/controller/libsubsys__bluetooth__controller.a(ull_conn.c.obj)
 .text.ticker_update_conn_op_cb
                0x000000000000d268       0x44 zephyr/subsys/bluetooth/controller/libsubsys__bluetooth__controller.a(ull_conn.c.obj)
 .text.ticker_start_conn_op_cb
                0x000000000000d2ac       0x60 zephyr/subsys/bluetooth/controller/libsubsys__bluetooth__controller.a(ull_conn.c.obj)
 .text.ticker_stop_conn_op_cb
                0x000000000000d30c       0x60 zephyr/subsys/bluetooth/controller/libsubsys__bluetooth__controller.a(ull_conn.c.obj)
 .text.ll_conn_acquire
                0x000000000000d36c        0xc zephyr/subsys/bluetooth/controller/libsubsys__bluetooth__controller.a(ull_conn.c.obj)
                0x000000000000d36c                ll_conn_acquire
 .text.ll_conn_release
                0x000000000000d378        0xc zephyr/subsys/bluetooth/controller/libsubsys__bluetooth__controller.a(ull_conn.c.obj)
                0x000000000000d378                ll_conn_release
 .text.ll_conn_handle_get
                0x000000000000d384       0x10 zephyr/subsys/bluetooth/controller/libsubsys__bluetooth__controller.a(ull_conn.c.obj)
                0x000000000000d384                ll_conn_handle_get
 .text.ll_conn_get
                0x000000000000d394       0x10 zephyr/subsys/bluetooth/controller/libsubsys__bluetooth__controller.a(ull_conn.c.obj)
                0x000000000000d394                ll_conn_get
 .text.ll_connected_get
                0x000000000000d3a4       0x24 zephyr/subsys/bluetooth/controller/libsubsys__bluetooth__controller.a(ull_conn.c.obj)
                0x000000000000d3a4                ll_connected_get
 .text.ll_tx_mem_acquire
                0x000000000000d3c8        0xc zephyr/subsys/bluetooth/controller/libsubsys__bluetooth__controller.a(ull_conn.c.obj)
                0x000000000000d3c8                ll_tx_mem_acquire
 .text.ll_tx_mem_release
                0x000000000000d3d4        0xc zephyr/subsys/bluetooth/controller/libsubsys__bluetooth__controller.a(ull_conn.c.obj)
                0x000000000000d3d4                ll_tx_mem_release
 .text.ll_tx_mem_enqueue
                0x000000000000d3e0       0x90 zephyr/subsys/bluetooth/controller/libsubsys__bluetooth__controller.a(ull_conn.c.obj)
                0x000000000000d3e0                ll_tx_mem_enqueue
 .text.ll_conn_update
                0x000000000000d470       0x88 zephyr/subsys/bluetooth/controller/libsubsys__bluetooth__controller.a(ull_conn.c.obj)
                0x000000000000d470                ll_conn_update
 .text.ll_chm_get
                0x000000000000d4f8       0x44 zephyr/subsys/bluetooth/controller/libsubsys__bluetooth__controller.a(ull_conn.c.obj)
                0x000000000000d4f8                ll_chm_get
 .text.ll_terminate_ind_send
                0x000000000000d53c       0x6c zephyr/subsys/bluetooth/controller/libsubsys__bluetooth__controller.a(ull_conn.c.obj)
                0x000000000000d53c                ll_terminate_ind_send
 .text.ll_feature_req_send
                0x000000000000d5a8       0x44 zephyr/subsys/bluetooth/controller/libsubsys__bluetooth__controller.a(ull_conn.c.obj)
                0x000000000000d5a8                ll_feature_req_send
 .text.ll_version_ind_send
                0x000000000000d5ec       0x40 zephyr/subsys/bluetooth/controller/libsubsys__bluetooth__controller.a(ull_conn.c.obj)
                0x000000000000d5ec                ll_version_ind_send
 .text.ll_phy_get
                0x000000000000d62c       0x3c zephyr/subsys/bluetooth/controller/libsubsys__bluetooth__controller.a(ull_conn.c.obj)
                0x000000000000d62c                ll_phy_get
 .text.ll_phy_default_set
                0x000000000000d668       0x14 zephyr/subsys/bluetooth/controller/libsubsys__bluetooth__controller.a(ull_conn.c.obj)
                0x000000000000d668                ll_phy_default_set
 .text.ll_phy_req_send
                0x000000000000d67c       0x64 zephyr/subsys/bluetooth/controller/libsubsys__bluetooth__controller.a(ull_conn.c.obj)
                0x000000000000d67c                ll_phy_req_send
 .text.ll_apto_get
                0x000000000000d6e0       0x68 zephyr/subsys/bluetooth/controller/libsubsys__bluetooth__controller.a(ull_conn.c.obj)
                0x000000000000d6e0                ll_apto_get
 .text.ll_apto_set
                0x000000000000d748       0x64 zephyr/subsys/bluetooth/controller/libsubsys__bluetooth__controller.a(ull_conn.c.obj)
                0x000000000000d748                ll_apto_set
 .text.ull_conn_init
                0x000000000000d7ac        0x4 zephyr/subsys/bluetooth/controller/libsubsys__bluetooth__controller.a(ull_conn.c.obj)
                0x000000000000d7ac                ull_conn_init
 .text.ull_conn_reset
                0x000000000000d7b0       0x88 zephyr/subsys/bluetooth/controller/libsubsys__bluetooth__controller.a(ull_conn.c.obj)
                0x000000000000d7b0                ull_conn_reset
 .text.ull_conn_default_phy_tx_get
                0x000000000000d838        0xc zephyr/subsys/bluetooth/controller/libsubsys__bluetooth__controller.a(ull_conn.c.obj)
                0x000000000000d838                ull_conn_default_phy_tx_get
 .text.ull_conn_default_phy_rx_get
                0x000000000000d844        0xc zephyr/subsys/bluetooth/controller/libsubsys__bluetooth__controller.a(ull_conn.c.obj)
                0x000000000000d844                ull_conn_default_phy_rx_get
 .text.ull_conn_setup
                0x000000000000d850       0x54 zephyr/subsys/bluetooth/controller/libsubsys__bluetooth__controller.a(ull_conn.c.obj)
                0x000000000000d850                ull_conn_setup
 .text.ull_conn_rx
                0x000000000000d8a4       0x78 zephyr/subsys/bluetooth/controller/libsubsys__bluetooth__controller.a(ull_conn.c.obj)
                0x000000000000d8a4                ull_conn_rx
 .text.ull_conn_llcp
                0x000000000000d91c       0x68 zephyr/subsys/bluetooth/controller/libsubsys__bluetooth__controller.a(ull_conn.c.obj)
                0x000000000000d91c                ull_conn_llcp
 .text.ull_conn_tx_demux
                0x000000000000d984       0x7c zephyr/subsys/bluetooth/controller/libsubsys__bluetooth__controller.a(ull_conn.c.obj)
                0x000000000000d984                ull_conn_tx_demux
 .text.conn_cleanup
                0x000000000000da00      0x128 zephyr/subsys/bluetooth/controller/libsubsys__bluetooth__controller.a(ull_conn.c.obj)
 .text.ull_conn_tx_lll_enqueue
                0x000000000000db28       0x90 zephyr/subsys/bluetooth/controller/libsubsys__bluetooth__controller.a(ull_conn.c.obj)
                0x000000000000db28                ull_conn_tx_lll_enqueue
 .text.tx_demux
                0x000000000000dbb8       0x18 zephyr/subsys/bluetooth/controller/libsubsys__bluetooth__controller.a(ull_conn.c.obj)
 .text.ull_conn_link_tx_release
                0x000000000000dbd0        0xc zephyr/subsys/bluetooth/controller/libsubsys__bluetooth__controller.a(ull_conn.c.obj)
                0x000000000000dbd0                ull_conn_link_tx_release
 .text.ull_conn_ack_last_idx_get
                0x000000000000dbdc        0xc zephyr/subsys/bluetooth/controller/libsubsys__bluetooth__controller.a(ull_conn.c.obj)
                0x000000000000dbdc                ull_conn_ack_last_idx_get
 .text.ull_conn_ack_peek
                0x000000000000dbe8       0x30 zephyr/subsys/bluetooth/controller/libsubsys__bluetooth__controller.a(ull_conn.c.obj)
                0x000000000000dbe8                ull_conn_ack_peek
 .text.ull_conn_ack_by_last_peek
                0x000000000000dc18       0x24 zephyr/subsys/bluetooth/controller/libsubsys__bluetooth__controller.a(ull_conn.c.obj)
                0x000000000000dc18                ull_conn_ack_by_last_peek
 .text.ull_conn_ack_dequeue
                0x000000000000dc3c       0x2c zephyr/subsys/bluetooth/controller/libsubsys__bluetooth__controller.a(ull_conn.c.obj)
                0x000000000000dc3c                ull_conn_ack_dequeue
 .text.ull_conn_lll_ack_enqueue
                0x000000000000dc68       0x60 zephyr/subsys/bluetooth/controller/libsubsys__bluetooth__controller.a(ull_conn.c.obj)
                0x000000000000dc68                ull_conn_lll_ack_enqueue
 .text.ull_conn_tx_ack
                0x000000000000dcc8       0xd4 zephyr/subsys/bluetooth/controller/libsubsys__bluetooth__controller.a(ull_conn.c.obj)
                0x000000000000dcc8                ull_conn_tx_ack
 .text.ull_conn_lll_max_tx_octets_get
                0x000000000000dd9c        0x4 zephyr/subsys/bluetooth/controller/libsubsys__bluetooth__controller.a(ull_conn.c.obj)
                0x000000000000dd9c                ull_conn_lll_max_tx_octets_get
 .text.ull_pdu_data_init
                0x000000000000dda0        0x4 zephyr/subsys/bluetooth/controller/libsubsys__bluetooth__controller.a(ull_conn.c.obj)
                0x000000000000dda0                ull_pdu_data_init
 .text.ull_conn_pause_rx_data
                0x000000000000dda4       0x10 zephyr/subsys/bluetooth/controller/libsubsys__bluetooth__controller.a(ull_conn.c.obj)
                0x000000000000dda4                ull_conn_pause_rx_data
 .text.ull_conn_resume_rx_data
                0x000000000000ddb4       0x10 zephyr/subsys/bluetooth/controller/libsubsys__bluetooth__controller.a(ull_conn.c.obj)
                0x000000000000ddb4                ull_conn_resume_rx_data
 .text.ull_conn_event_counter
                0x000000000000ddc4       0x1c zephyr/subsys/bluetooth/controller/libsubsys__bluetooth__controller.a(ull_conn.c.obj)
                0x000000000000ddc4                ull_conn_event_counter
 .text.ull_conn_chan_map_set
                0x000000000000dde0       0x24 zephyr/subsys/bluetooth/controller/libsubsys__bluetooth__controller.a(ull_conn.c.obj)
                0x000000000000dde0                ull_conn_chan_map_set
 .text.llcp_rp_enc_tx
                0x000000000000de04       0xc8 zephyr/subsys/bluetooth/controller/libsubsys__bluetooth__controller.a(ull_llcp_enc.c.obj)
 .text.rp_enc_send_enc_rsp.constprop.0
                0x000000000000decc       0x90 zephyr/subsys/bluetooth/controller/libsubsys__bluetooth__controller.a(ull_llcp_enc.c.obj)
 .text.rp_enc_send_start_enc_req.constprop.0
                0x000000000000df5c       0xb8 zephyr/subsys/bluetooth/controller/libsubsys__bluetooth__controller.a(ull_llcp_enc.c.obj)
 .text.rp_enc_execute_fsm
                0x000000000000e014      0x29c zephyr/subsys/bluetooth/controller/libsubsys__bluetooth__controller.a(ull_llcp_enc.c.obj)
 .text.llcp_rp_enc_rx
                0x000000000000e2b0       0x40 zephyr/subsys/bluetooth/controller/libsubsys__bluetooth__controller.a(ull_llcp_enc.c.obj)
                0x000000000000e2b0                llcp_rp_enc_rx
 .text.llcp_rp_enc_ltk_req_reply
                0x000000000000e2f0        0x8 zephyr/subsys/bluetooth/controller/libsubsys__bluetooth__controller.a(ull_llcp_enc.c.obj)
                0x000000000000e2f0                llcp_rp_enc_ltk_req_reply
 .text.llcp_rp_enc_ltk_req_neg_reply
                0x000000000000e2f8        0x8 zephyr/subsys/bluetooth/controller/libsubsys__bluetooth__controller.a(ull_llcp_enc.c.obj)
                0x000000000000e2f8                llcp_rp_enc_ltk_req_neg_reply
 .text.llcp_rp_enc_ltk_req_reply_allowed
                0x000000000000e300       0x10 zephyr/subsys/bluetooth/controller/libsubsys__bluetooth__controller.a(ull_llcp_enc.c.obj)
                0x000000000000e300                llcp_rp_enc_ltk_req_reply_allowed
 .text.llcp_rp_enc_run
                0x000000000000e310        0x8 zephyr/subsys/bluetooth/controller/libsubsys__bluetooth__controller.a(ull_llcp_enc.c.obj)
                0x000000000000e310                llcp_rp_enc_run
 .text.pu_check_update_ind
                0x000000000000e318       0x60 zephyr/subsys/bluetooth/controller/libsubsys__bluetooth__controller.a(ull_llcp_phy.c.obj)
 .text.pu_ntf   0x000000000000e378       0xac zephyr/subsys/bluetooth/controller/libsubsys__bluetooth__controller.a(ull_llcp_phy.c.obj)
 .text.lp_pu_send_phy_req.constprop.0.isra.0
                0x000000000000e424      0x110 zephyr/subsys/bluetooth/controller/libsubsys__bluetooth__controller.a(ull_llcp_phy.c.obj)
 .text.rp_pu_send_phy_rsp.isra.0
                0x000000000000e534       0xbc zephyr/subsys/bluetooth/controller/libsubsys__bluetooth__controller.a(ull_llcp_phy.c.obj)
 .text.lp_pu_execute_fsm
                0x000000000000e5f0      0x2bc zephyr/subsys/bluetooth/controller/libsubsys__bluetooth__controller.a(ull_llcp_phy.c.obj)
 .text.rp_pu_execute_fsm
                0x000000000000e8ac      0x248 zephyr/subsys/bluetooth/controller/libsubsys__bluetooth__controller.a(ull_llcp_phy.c.obj)
 .text.llcp_lp_pu_rx
                0x000000000000eaf4       0x40 zephyr/subsys/bluetooth/controller/libsubsys__bluetooth__controller.a(ull_llcp_phy.c.obj)
                0x000000000000eaf4                llcp_lp_pu_rx
 .text.llcp_lp_pu_run
                0x000000000000eb34        0x8 zephyr/subsys/bluetooth/controller/libsubsys__bluetooth__controller.a(ull_llcp_phy.c.obj)
                0x000000000000eb34                llcp_lp_pu_run
 .text.llcp_lp_pu_tx_ack
                0x000000000000eb3c        0x8 zephyr/subsys/bluetooth/controller/libsubsys__bluetooth__controller.a(ull_llcp_phy.c.obj)
                0x000000000000eb3c                llcp_lp_pu_tx_ack
 .text.llcp_lp_pu_tx_ntf
                0x000000000000eb44       0x60 zephyr/subsys/bluetooth/controller/libsubsys__bluetooth__controller.a(ull_llcp_phy.c.obj)
                0x000000000000eb44                llcp_lp_pu_tx_ntf
 .text.llcp_rp_pu_rx
                0x000000000000eba4       0x3c zephyr/subsys/bluetooth/controller/libsubsys__bluetooth__controller.a(ull_llcp_phy.c.obj)
                0x000000000000eba4                llcp_rp_pu_rx
 .text.llcp_rp_pu_run
                0x000000000000ebe0        0x8 zephyr/subsys/bluetooth/controller/libsubsys__bluetooth__controller.a(ull_llcp_phy.c.obj)
                0x000000000000ebe0                llcp_rp_pu_run
 .text.llcp_rp_pu_tx_ack
                0x000000000000ebe8        0x8 zephyr/subsys/bluetooth/controller/libsubsys__bluetooth__controller.a(ull_llcp_phy.c.obj)
                0x000000000000ebe8                llcp_rp_pu_tx_ack
 .text.llcp_rp_pu_tx_ntf
                0x000000000000ebf0        0x8 zephyr/subsys/bluetooth/controller/libsubsys__bluetooth__controller.a(ull_llcp_phy.c.obj)
                0x000000000000ebf0                llcp_rp_pu_tx_ntf
 .text.ull_tx_q_init
                0x000000000000ebf8       0x10 zephyr/subsys/bluetooth/controller/libsubsys__bluetooth__controller.a(ull_tx_queue.c.obj)
                0x000000000000ebf8                ull_tx_q_init
 .text.ull_tx_q_pause_data
                0x000000000000ec08        0x8 zephyr/subsys/bluetooth/controller/libsubsys__bluetooth__controller.a(ull_tx_queue.c.obj)
                0x000000000000ec08                ull_tx_q_pause_data
 .text.ull_tx_q_resume_data
                0x000000000000ec10       0x30 zephyr/subsys/bluetooth/controller/libsubsys__bluetooth__controller.a(ull_tx_queue.c.obj)
                0x000000000000ec10                ull_tx_q_resume_data
 .text.ull_tx_q_enqueue_data
                0x000000000000ec40       0x28 zephyr/subsys/bluetooth/controller/libsubsys__bluetooth__controller.a(ull_tx_queue.c.obj)
                0x000000000000ec40                ull_tx_q_enqueue_data
 .text.ull_tx_q_enqueue_ctrl
                0x000000000000ec68       0x14 zephyr/subsys/bluetooth/controller/libsubsys__bluetooth__controller.a(ull_tx_queue.c.obj)
                0x000000000000ec68                ull_tx_q_enqueue_ctrl
 .text.ull_tx_q_peek
                0x000000000000ec7c        0x4 zephyr/subsys/bluetooth/controller/libsubsys__bluetooth__controller.a(ull_tx_queue.c.obj)
                0x000000000000ec7c                ull_tx_q_peek
 .text.ull_tx_q_dequeue
                0x000000000000ec80       0x14 zephyr/subsys/bluetooth/controller/libsubsys__bluetooth__controller.a(ull_tx_queue.c.obj)
                0x000000000000ec80                ull_tx_q_dequeue
 .text.pdu_validate_conn_update_ind
                0x000000000000ec94       0x10 zephyr/subsys/bluetooth/controller/libsubsys__bluetooth__controller.a(ull_llcp.c.obj)
 .text.pdu_validate_chan_map_ind
                0x000000000000eca4       0x10 zephyr/subsys/bluetooth/controller/libsubsys__bluetooth__controller.a(ull_llcp.c.obj)
 .text.pdu_validate_terminate_ind
                0x000000000000ecb4       0x10 zephyr/subsys/bluetooth/controller/libsubsys__bluetooth__controller.a(ull_llcp.c.obj)
 .text.pdu_validate_enc_req
                0x000000000000ecc4       0x10 zephyr/subsys/bluetooth/controller/libsubsys__bluetooth__controller.a(ull_llcp.c.obj)
 .text.pdu_validate_start_enc_rsp
                0x000000000000ecd4       0x10 zephyr/subsys/bluetooth/controller/libsubsys__bluetooth__controller.a(ull_llcp.c.obj)
 .text.pdu_validate_feature_req
                0x000000000000ece4       0x10 zephyr/subsys/bluetooth/controller/libsubsys__bluetooth__controller.a(ull_llcp.c.obj)
 .text.pdu_validate_version_ind
                0x000000000000ecf4       0x10 zephyr/subsys/bluetooth/controller/libsubsys__bluetooth__controller.a(ull_llcp.c.obj)
 .text.pdu_validate_conn_param_req
                0x000000000000ed04       0x10 zephyr/subsys/bluetooth/controller/libsubsys__bluetooth__controller.a(ull_llcp.c.obj)
 .text.pdu_validate_reject_ext_ind
                0x000000000000ed14       0x10 zephyr/subsys/bluetooth/controller/libsubsys__bluetooth__controller.a(ull_llcp.c.obj)
 .text.pdu_validate_phy_upd_ind
                0x000000000000ed24       0x10 zephyr/subsys/bluetooth/controller/libsubsys__bluetooth__controller.a(ull_llcp.c.obj)
 .text.create_procedure
                0x000000000000ed34       0x38 zephyr/subsys/bluetooth/controller/libsubsys__bluetooth__controller.a(ull_llcp.c.obj)
 .text.pdu_validate_clock_accuracy_rsp
                0x000000000000ed6c       0x10 zephyr/subsys/bluetooth/controller/libsubsys__bluetooth__controller.a(ull_llcp.c.obj)
 .text.pdu_validate_unknown_rsp
                0x000000000000ed7c       0x10 zephyr/subsys/bluetooth/controller/libsubsys__bluetooth__controller.a(ull_llcp.c.obj)
 .text.pdu_validate_pause_enc_req
                0x000000000000ed8c       0x10 zephyr/subsys/bluetooth/controller/libsubsys__bluetooth__controller.a(ull_llcp.c.obj)
 .text.pdu_validate_reject_ind
                0x000000000000ed9c       0x10 zephyr/subsys/bluetooth/controller/libsubsys__bluetooth__controller.a(ull_llcp.c.obj)
 .text.pdu_validate_conn_param_rsp
                0x000000000000edac       0x10 zephyr/subsys/bluetooth/controller/libsubsys__bluetooth__controller.a(ull_llcp.c.obj)
 .text.pdu_validate_ping_req
                0x000000000000edbc       0x10 zephyr/subsys/bluetooth/controller/libsubsys__bluetooth__controller.a(ull_llcp.c.obj)
 .text.pdu_validate_ping_rsp
                0x000000000000edcc       0x10 zephyr/subsys/bluetooth/controller/libsubsys__bluetooth__controller.a(ull_llcp.c.obj)
 .text.pdu_validate_length_rsp
                0x000000000000eddc       0x10 zephyr/subsys/bluetooth/controller/libsubsys__bluetooth__controller.a(ull_llcp.c.obj)
 .text.pdu_validate_phy_req
                0x000000000000edec       0x10 zephyr/subsys/bluetooth/controller/libsubsys__bluetooth__controller.a(ull_llcp.c.obj)
 .text.pdu_validate_phy_rsp
                0x000000000000edfc       0x10 zephyr/subsys/bluetooth/controller/libsubsys__bluetooth__controller.a(ull_llcp.c.obj)
 .text.llcp_proc_ctx_release
                0x000000000000ee0c       0x48 zephyr/subsys/bluetooth/controller/libsubsys__bluetooth__controller.a(ull_llcp.c.obj)
                0x000000000000ee0c                llcp_proc_ctx_release
 .text.llcp_tx_alloc_peek
                0x000000000000ee54       0x10 zephyr/subsys/bluetooth/controller/libsubsys__bluetooth__controller.a(ull_llcp.c.obj)
                0x000000000000ee54                llcp_tx_alloc_peek
 .text.llcp_tx_alloc
                0x000000000000ee64       0x18 zephyr/subsys/bluetooth/controller/libsubsys__bluetooth__controller.a(ull_llcp.c.obj)
                0x000000000000ee64                llcp_tx_alloc
 .text.llcp_ntf_alloc_is_available
                0x000000000000ee7c       0x10 zephyr/subsys/bluetooth/controller/libsubsys__bluetooth__controller.a(ull_llcp.c.obj)
                0x000000000000ee7c                llcp_ntf_alloc_is_available
 .text.llcp_ntf_alloc
                0x000000000000ee8c        0x4 zephyr/subsys/bluetooth/controller/libsubsys__bluetooth__controller.a(ull_llcp.c.obj)
                0x000000000000ee8c                llcp_ntf_alloc
 .text.llcp_tx_enqueue
                0x000000000000ee90        0x8 zephyr/subsys/bluetooth/controller/libsubsys__bluetooth__controller.a(ull_llcp.c.obj)
                0x000000000000ee90                llcp_tx_enqueue
 .text.llcp_tx_pause_data
                0x000000000000ee98       0x28 zephyr/subsys/bluetooth/controller/libsubsys__bluetooth__controller.a(ull_llcp.c.obj)
                0x000000000000ee98                llcp_tx_pause_data
 .text.llcp_tx_resume_data
                0x000000000000eec0       0x18 zephyr/subsys/bluetooth/controller/libsubsys__bluetooth__controller.a(ull_llcp.c.obj)
                0x000000000000eec0                llcp_tx_resume_data
 .text.llcp_rx_node_retain
                0x000000000000eed8       0x48 zephyr/subsys/bluetooth/controller/libsubsys__bluetooth__controller.a(ull_llcp.c.obj)
                0x000000000000eed8                llcp_rx_node_retain
 .text.llcp_rx_node_release
                0x000000000000ef20       0x4c zephyr/subsys/bluetooth/controller/libsubsys__bluetooth__controller.a(ull_llcp.c.obj)
                0x000000000000ef20                llcp_rx_node_release
 .text.llcp_nodes_release
                0x000000000000ef6c       0x34 zephyr/subsys/bluetooth/controller/libsubsys__bluetooth__controller.a(ull_llcp.c.obj)
                0x000000000000ef6c                llcp_nodes_release
 .text.llcp_create_remote_procedure
                0x000000000000efa0       0x3c zephyr/subsys/bluetooth/controller/libsubsys__bluetooth__controller.a(ull_llcp.c.obj)
                0x000000000000efa0                llcp_create_remote_procedure
 .text.ull_cp_init
                0x000000000000efdc       0x38 zephyr/subsys/bluetooth/controller/libsubsys__bluetooth__controller.a(ull_llcp.c.obj)
                0x000000000000efdc                ull_cp_init
 .text.ull_llcp_init
                0x000000000000f014       0x6c zephyr/subsys/bluetooth/controller/libsubsys__bluetooth__controller.a(ull_llcp.c.obj)
                0x000000000000f014                ull_llcp_init
 .text.ull_cp_release_tx
                0x000000000000f080        0xc zephyr/subsys/bluetooth/controller/libsubsys__bluetooth__controller.a(ull_llcp.c.obj)
                0x000000000000f080                ull_cp_release_tx
 .text.ull_cp_prt_elapse
                0x000000000000f08c       0x78 zephyr/subsys/bluetooth/controller/libsubsys__bluetooth__controller.a(ull_llcp.c.obj)
                0x000000000000f08c                ull_cp_prt_elapse